diff --git a/libs/rdb-config.c b/libs/rdb-config.c
index ca78a6d..6897adf 100644
--- a/libs/rdb-config.c
+++ b/libs/rdb-config.c
@@ -262,6 +262,104 @@ static const config_param_desc_t g_param_table[PARAM_COUNT] = {
 		SEC_GLOBAL_SECTION, SEC_GLOBAL_CIPHERSUITES_KEY,
 		CFG_TYPE_STR, RPC_TLS_ALGORITHM_DEFAULT,
 		"rdbcomm 客户端算法（默认 SM4_GCM_SM3）"},
+	[PARAM_FSDEAMON_CHECK_DATA] = {
+		FSDEAMON_CHECK_DATA_ENV,
+		FSDEAMON_TOOL_SECTION, RPC_TOOL_CHECK_DATA_KEY,
+		NULL, NULL,
+		CFG_TYPE_BOOL, "0",
+		"fsdeamon 数据校验开关（fail-closed：非 0/1 拒绝启动）"},
+	[PARAM_FSDEAMON_DEBUG] = {
+		FSDEAMON_DEBUG_ENV,
+		FSDEAMON_TOOL_SECTION, RPC_TOOL_DEBUG_KEY,
+		NULL, NULL,
+		CFG_TYPE_BOOL, "0",
+		"fsdeamon 调试开关（fail-closed：非 0/1 拒绝启动）"},
+	[PARAM_FSDEAMON_KEEPALIVE] = {
+		FSDEAMON_KEEPALIVE_ENV,
+		FSDEAMON_TOOL_SECTION, RPC_TOOL_KEEPALIVE_KEY,
+		NULL, NULL,
+		CFG_TYPE_INT, "30",
+		"fsdeamon 保活心跳间隔（秒），非法值回退默认"},
+	[PARAM_FSDEAMON_RETRY] = {
+		FSDEAMON_RETRY_ENV,
+		FSDEAMON_TOOL_SECTION, RPC_TOOL_RETRY_KEY,
+		NULL, NULL,
+		CFG_TYPE_INT, "3",
+		"fsdeamon 重试次数，非法值回退默认"},
+	[PARAM_FSCLIENT_CHECK_DATA] = {
+		FSCLIENT_CHECK_DATA_ENV,
+		FSCLIENT_TOOL_SECTION, RPC_TOOL_CHECK_DATA_KEY,
+		NULL, NULL,
+		CFG_TYPE_BOOL, "0",
+		"fsclient 数据校验开关（fail-closed：非 0/1 拒绝启动）"},
+	[PARAM_FSCLIENT_RETRY] = {
+		FSCLIENT_RETRY_ENV,
+		FSCLIENT_TOOL_SECTION, RPC_TOOL_RETRY_KEY,
+		NULL, NULL,
+		CFG_TYPE_INT, "3",
+		"fsclient 重试次数，非法值回退默认"},
+	[PARAM_FSCLIENT_KEEPALIVE] = {
+		FSCLIENT_KEEPALIVE_ENV,
+		FSCLIENT_TOOL_SECTION, RPC_TOOL_KEEPALIVE_KEY,
+		NULL, NULL,
+		CFG_TYPE_INT, "30",
+		"fsclient 保活心跳间隔（秒），非法值回退默认"},
+	[PARAM_FSCLIENT_READ_TIMEOUT] = {
+		FSCLIENT_READ_TIMEOUT_ENV,
+		FSCLIENT_TOOL_SECTION, RPC_TOOL_READ_TIMEOUT_KEY,
+		NULL, NULL,
+		CFG_TYPE_INT, "120000",
+		"fsclient 读超时（毫秒），非法值回退默认"},
+	[PARAM_FSCLIENT_PARALLEL] = {
+		FSCLIENT_PARALLEL_ENV,
+		FSCLIENT_TOOL_SECTION, RPC_TOOL_PARALLEL_KEY,
+		NULL, NULL,
+		CFG_TYPE_INT, "1",
+		"fsclient 并发数，非法值回退默认"},
+	/* T0395：rpc tunable 统一接入注册表。layer2=[aio-speedd]（服务端权威段）
+	 * 优先，回落 layer3=[aio-speed]（嵌入方/默认段），覆盖用户裁定的两段。 */
+	[PARAM_RPC_CHECK_DATA] = {
+		RPC_TOOL_CHECK_DATA_ENV,
+		AIO_SPEEDD_TOOL_SECTION, RPC_TOOL_CHECK_DATA_KEY,
+		AIO_SPEED_TOOL_SECTION, RPC_TOOL_CHECK_DATA_KEY,
+		CFG_TYPE_BOOL, "0",
+		"rpc 数据校验开关（fail-closed：非 0/1 拒绝启动）"},
+	[PARAM_RPC_DEBUG] = {
+		RPC_TOOL_DEBUG_ENV,
+		AIO_SPEEDD_TOOL_SECTION, RPC_TOOL_DEBUG_KEY,
+		AIO_SPEED_TOOL_SECTION, RPC_TOOL_DEBUG_KEY,
+		CFG_TYPE_BOOL, "0",
+		"rpc 调试开关（fail-closed：非 0/1 拒绝启动）"},
+	[PARAM_RPC_KEEPALIVE] = {
+		RPC_TOOL_KEEPALIVE_ENV,
+		AIO_SPEEDD_TOOL_SECTION, RPC_TOOL_KEEPALIVE_KEY,
+		AIO_SPEED_TOOL_SECTION, RPC_TOOL_KEEPALIVE_KEY,
+		CFG_TYPE_INT, "30",
+		"rpc 保活心跳间隔（秒），非法值回退默认"},
+	[PARAM_RPC_PARALLEL] = {
+		RPC_TOOL_PARALLEL_ENV,
+		AIO_SPEEDD_TOOL_SECTION, RPC_TOOL_PARALLEL_KEY,
+		AIO_SPEED_TOOL_SECTION, RPC_TOOL_PARALLEL_KEY,
+		CFG_TYPE_INT, "4",
+		"rpc 并发数，非法值回退默认"},
+	[PARAM_RPC_READ_TIMEOUT] = {
+		RPC_TOOL_READ_TIMEOUT_ENV,
+		AIO_SPEEDD_TOOL_SECTION, RPC_TOOL_READ_TIMEOUT_KEY,
+		AIO_SPEED_TOOL_SECTION, RPC_TOOL_READ_TIMEOUT_KEY,
+		CFG_TYPE_INT, "120000",
+		"rpc 读超时（毫秒），非法值回退默认"},
+	[PARAM_RPC_RETRY] = {
+		RPC_TOOL_RETRY_ENV,
+		AIO_SPEEDD_TOOL_SECTION, RPC_TOOL_RETRY_KEY,
+		AIO_SPEED_TOOL_SECTION, RPC_TOOL_RETRY_KEY,
+		CFG_TYPE_INT, "3",
+		"rpc 重试次数，非法值回退默认"},
+	[PARAM_RPC_DEV_PATH] = {
+		RPC_TOOL_DEV_PATH_ENV,
+		AIO_SPEEDD_TOOL_SECTION, RPC_TOOL_DEV_PATH_KEY,
+		AIO_SPEED_TOOL_SECTION, RPC_TOOL_DEV_PATH_KEY,
+		CFG_TYPE_STR, RDB_DEFAULT_DEV_PATH,
+		"rpc fsbackup 设备路径；aio-speedd 优先，回落 aio-speed"},
 };
 
 const config_param_desc_t *config_param_table(int *count)
diff --git a/libs/rdb-config.h b/libs/rdb-config.h
index fa6b90d..22d76b8 100644
--- a/libs/rdb-config.h
+++ b/libs/rdb-config.h
@@ -56,6 +56,39 @@ typedef struct {
 #define AIO_SPEEDD_TOOL_SECTION "aio-speedd"
 #define AIO_SPEEDD_MTLS_ENABLE_ENV "AIO_SPEEDD_MTLS_ENABLE"
 #define AIO_SPEEDD_TLS_ALGORITHM_ENV "AIO_SPEEDD_TLS_ALGORITHM"
+#define FSDEAMON_TOOL_NAME "fsdeamon"
+#define FSDEAMON_TOOL_SECTION "fsdaemon"
+#define FSDEAMON_CHECK_DATA_ENV "FSDEAMON_CHECK_DATA"
+#define FSDEAMON_DEBUG_ENV "FSDEAMON_DEBUG"
+#define FSDEAMON_KEEPALIVE_ENV "FSDEAMON_KEEPALIVE"
+#define FSDEAMON_RETRY_ENV "FSDEAMON_RETRY"
+#define FSCLIENT_TOOL_NAME "fsclient"
+#define FSCLIENT_TOOL_SECTION "fsclient"
+#define FSCLIENT_CHECK_DATA_ENV "FSCLIENT_CHECK_DATA"
+#define FSCLIENT_RETRY_ENV "FSCLIENT_RETRY"
+#define FSCLIENT_KEEPALIVE_ENV "FSCLIENT_KEEPALIVE"
+#define FSCLIENT_READ_TIMEOUT_ENV "FSCLIENT_READ_TIMEOUT"
+#define FSCLIENT_PARALLEL_ENV "FSCLIENT_PARALLEL"
+#define RPC_TOOL_CHECK_DATA_ENV "RPC_TOOL_CHECK_DATA"
+#define RPC_TOOL_DEBUG_ENV "RPC_TOOL_DEBUG"
+#define RPC_TOOL_KEEPALIVE_ENV "RPC_TOOL_KEEPALIVE"
+#define RPC_TOOL_PARALLEL_ENV "RPC_TOOL_PARALLEL"
+#define RPC_TOOL_READ_TIMEOUT_ENV "RPC_TOOL_READ_TIMEOUT"
+#define RPC_TOOL_RETRY_ENV "RPC_TOOL_RETRY"
+#define RPC_TOOL_DEV_PATH_ENV "RPC_TOOL_DEV_PATH"
+
+/* ini key 宏：与 RPC_TOOL_*_ENV 配对，确保 env 名与 ini key 单点定义，
+ * 避免拼写漂移（fs-backup 与 rpc 共用同一组 key）。 */
+#define RPC_TOOL_CHECK_DATA_KEY "check_data"
+#define RPC_TOOL_DEBUG_KEY "debug"
+#define RPC_TOOL_KEEPALIVE_KEY "keepalive"
+#define RPC_TOOL_PARALLEL_KEY "parallel"
+#define RPC_TOOL_READ_TIMEOUT_KEY "read_timeout"
+#define RPC_TOOL_RETRY_KEY "retry"
+#define RPC_TOOL_DEV_PATH_KEY "fsbackup_dev_path"
+/* rpc fsbackup 设备路径默认（与 rpc/rpc-config.h 的 DEFAULT_DEV_PATH 同值，
+ * 此处独立定义以避免 libs 反向依赖 rpc 头文件）*/
+#define RDB_DEFAULT_DEV_PATH "/dev/fsbackup"
 
 #ifdef __cplusplus
 extern "C" {
@@ -114,6 +147,22 @@ typedef enum {
 	PARAM_RDBCOMMD_TLS_ALGORITHM,
 	PARAM_RDBCOMM_MTLS_ENABLED,
 	PARAM_RDBCOMM_TLS_ALGORITHM,
+	PARAM_FSDEAMON_CHECK_DATA, /* FSDEAMON_CHECK_DATA_ENV >[fsdaemon]check_data >0 */
+	PARAM_FSDEAMON_DEBUG, /* FSDEAMON_DEBUG_ENV >[fsdaemon]debug >0 */
+	PARAM_FSDEAMON_KEEPALIVE, /* FSDEAMON_KEEPALIVE_ENV >[fsdaemon]keepalive >30 */
+	PARAM_FSDEAMON_RETRY, /* FSDEAMON_RETRY_ENV >[fsdaemon]retry >3 */
+	PARAM_FSCLIENT_CHECK_DATA, /* FSCLIENT_CHECK_DATA_ENV >[fsclient]check_data >0 */
+	PARAM_FSCLIENT_RETRY, /* FSCLIENT_RETRY_ENV >[fsclient]retry >3 */
+	PARAM_FSCLIENT_KEEPALIVE, /* FSCLIENT_KEEPALIVE_ENV >[fsclient]keepalive >30 */
+	PARAM_FSCLIENT_READ_TIMEOUT, /* FSCLIENT_READ_TIMEOUT_ENV >[fsclient]read_timeout >120000 */
+	PARAM_FSCLIENT_PARALLEL, /* FSCLIENT_PARALLEL_ENV >[fsclient]parallel >1 */
+	PARAM_RPC_CHECK_DATA, /* RPC_TOOL_CHECK_DATA_ENV >[aio-speedd]check_data >[aio-speed]check_data >0 */
+	PARAM_RPC_DEBUG, /* RPC_TOOL_DEBUG_ENV >[aio-speedd]debug >[aio-speed]debug >0 */
+	PARAM_RPC_KEEPALIVE, /* RPC_TOOL_KEEPALIVE_ENV >[aio-speedd]keepalive >[aio-speed]keepalive >30 */
+	PARAM_RPC_PARALLEL, /* RPC_TOOL_PARALLEL_ENV >[aio-speedd]parallel >[aio-speed]parallel >4 */
+	PARAM_RPC_READ_TIMEOUT, /* RPC_TOOL_READ_TIMEOUT_ENV >[aio-speedd]read_timeout >[aio-speed]read_timeout >120000 */
+	PARAM_RPC_RETRY, /* RPC_TOOL_RETRY_ENV >[aio-speedd]retry >[aio-speed]retry >3 */
+	PARAM_RPC_DEV_PATH, /* RPC_TOOL_DEV_PATH_ENV >[aio-speedd]fsbackup_dev_path >[aio-speed]fsbackup_dev_path >DEFAULT_DEV_PATH */
 	PARAM_COUNT
 } config_param_id_t;
 
diff --git a/rpc/rpc-config.cpp b/rpc/rpc-config.cpp
index 86e7b1a..3159d43 100644
--- a/rpc/rpc-config.cpp
+++ b/rpc/rpc-config.cpp
@@ -2,7 +2,6 @@
 #include "common.h"
 
 #include <errno.h>
-#include <ini.h>
 #include <stdio.h>
 #include <string.h>
 #include <stdlib.h>
@@ -10,16 +9,18 @@
 
 static rpc_config _config[2];
 static int config_index = 0;
-static char g_section_name[64] = AIO_SPEED_TOOL_SECTION;
+/* T0395：动态段名已废弃，固定为服务端权威段 aio-speedd。
+ * tunable 经注册表 PARAM_RPC_* 读取（layer2=[aio-speedd] 优先，
+ * 回落 layer3=[aio-speed]），不再需要运行时可变段名。 */
+static const char *g_section_name = AIO_SPEEDD_TOOL_SECTION;
 
 rpc_config *g_rpc_config = &_config[config_index];
 
 void rpc_set_section_name(const char *section_name)
 {
-	if (section_name != NULL) {
-		snprintf(g_section_name, sizeof(g_section_name), "%s",
-			 section_name);
-	}
+	/* T0395：动态段名 API 废弃为 no-op（保留签名以兼容既有调用方）。
+	 * 配置段选择现由注册表 PARAM_RPC_* 的 layer2/layer3 固定表达。 */
+	(void)section_name;
 }
 
 const char *rpc_get_section_name(void)
@@ -27,34 +28,6 @@ const char *rpc_get_section_name(void)
 	return g_section_name;
 }
 
-static int do_parse_config(void *user, const char *section, const char *name,
-			   const char *value)
-{
-	rpc_config *p_config = (rpc_config *)user;
-
-#define MATCH(s, n) strcmp(section, s) == 0 && strcmp(name, n) == 0
-
-	if (MATCH(g_section_name, "debug")) {
-		p_config->debug = atoi(value);
-	} else if (MATCH(g_section_name, "retry")) {
-		p_config->retry = atoi(value);
-	} else if (MATCH(g_section_name, "check_data")) {
-		p_config->check_data = atoi(value);
-	} else if (MATCH(g_section_name, "keepalive")) {
-		p_config->keepalive = atoi(value);
-	} else if (MATCH(g_section_name, "parallel")) {
-		p_config->parallel = atoi(value);
-	} else if (MATCH(g_section_name, "read_timeout")) {
-		p_config->read_timeout = atoi(value);
-	} else if (MATCH(g_section_name, "fsbackup_dev_path")) {
-		snprintf(p_config->dev_path, sizeof(p_config->dev_path), "%s",
-			 value);
-	} else {
-		return 0;
-	}
-	return 1;
-}
-
 int rpc_check_config(rpc_config *p_config, char *err_msg, int len)
 {
 	if (p_config->debug != 0 && p_config->debug != 1) {
@@ -90,11 +63,44 @@ int rpc_parse_config(const char *config_file, char *err_msg, int len)
 
 	*p_config = *g_rpc_config;
 
-	if (ini_parse(config_file, do_parse_config, p_config) < 0) {
-		snprintf(err_msg, len, "Can't load config file: %s",
-			 config_file);
+	/* T0395：给定路径时重新加载全局 store（配置重载语义）；传 NULL 时假定
+	 * store 已由调用方加载（如测试或 init_config 已加载）。旧实现依赖
+	 * ini_parse 直接解析文件，现统一走注册表 sec_get_* 读取全局 store。 */
+	if (config_file != NULL) {
+		if (parse_config(config_file, err_msg, len) < 0) {
+			return -1;
+		}
+	}
+
+	/* tunable 统一经注册表读取：env > layer2[aio-speedd] > layer3[aio-speed]
+	 * > def。BOOL 以 int 临时量承接 sec_get_bool（-1 即非法 fail-closed），
+	 * 再赋给 bool 字段，规避 bool 截断 -1→1 绕过校验（见 T0394 知识库）。 */
+	int check_data = sec_get_bool(PARAM_RPC_CHECK_DATA);
+	if (check_data < 0) {
+		snprintf(err_msg, len, "invalid %s value (expect \"0\"/\"1\")",
+			 RPC_TOOL_CHECK_DATA_ENV);
 		return -1;
 	}
+	p_config->check_data = (bool)check_data;
+
+	int debug = sec_get_bool(PARAM_RPC_DEBUG);
+	if (debug < 0) {
+		snprintf(err_msg, len, "invalid %s value (expect \"0\"/\"1\")",
+			 RPC_TOOL_DEBUG_ENV);
+		return -1;
+	}
+	p_config->debug = (bool)debug;
+
+	p_config->keepalive = sec_get_int(PARAM_RPC_KEEPALIVE);
+	p_config->retry = sec_get_int(PARAM_RPC_RETRY);
+	p_config->parallel = sec_get_int(PARAM_RPC_PARALLEL);
+	p_config->read_timeout = sec_get_int(PARAM_RPC_READ_TIMEOUT);
+
+	const char *dev_path = sec_get_str(PARAM_RPC_DEV_PATH);
+	if (dev_path && dev_path[0]) {
+		snprintf(p_config->dev_path, sizeof(p_config->dev_path),
+			 "%s", dev_path);
+	}
 
 	if (rpc_check_config(p_config, err_msg, len) < 0) {
 		return -1;
@@ -102,16 +108,15 @@ int rpc_parse_config(const char *config_file, char *err_msg, int len)
 	config_index = tmp_index;
 	g_rpc_config = p_config;
 	/* T3968 Grill 裁定：配置重载时安全开关重新解析刷新（不沿用旧快照）。
-	 * 解析源为 env + 全局 config store，与本结构体的 ini 重载相互独立 */
-	g_rpc_config->audit_enabled =
-	sec_get_bool(PARAM_AUDIT_ENABLED);
+	 * 解析源为 env + 全局 config store，与 tunable 重载相互独立 */
+	g_rpc_config->audit_enabled = sec_get_bool(PARAM_AUDIT_ENABLED);
 	if (g_rpc_config->audit_enabled < 0) {
 		snprintf(err_msg, len, "invalid %s value (expect \"0\"/\"1\")",
 			 AUDIT_ENABLE_ENV);
 		return -1;
 	}
 	g_rpc_config->auth_enabled =
-	sec_get_bool(PARAM_AUTH_KEYCHECK_ENABLED);
+		sec_get_bool(PARAM_AUTH_KEYCHECK_ENABLED);
 	if (g_rpc_config->auth_enabled < 0) {
 		snprintf(err_msg, len, "invalid %s value (expect \"0\"/\"1\")",
 			 AUTH_ENABLE_ENV);
@@ -146,8 +151,6 @@ int rpc_show_config(rpc_config *p_config, char *buf, int len)
 
 int rpc_init_config(const char *config_file, char *err_msg, int len)
 {
-	const char *config_path = config_file != NULL ? config_file :
-							DEFAULT_RDB_CONFIG_PATH;
 	g_rpc_config->debug = 0;
 	g_rpc_config->daemon = 0;
 	g_rpc_config->check_data = 0;
@@ -175,7 +178,10 @@ int rpc_init_config(const char *config_file, char *err_msg, int len)
 	snprintf(g_rpc_config->config_path, sizeof(g_rpc_config->config_path),
 		 "%s", DEFAULT_RDB_CONFIG_PATH);
 
-	if (rpc_parse_config(config_path, err_msg, len) < 0) {
+	/* T0395：透传原始 config_file。为 NULL 时 rpc_parse_config 不重载 store，
+	 * 直接读取已由 init_config/parse_config 加载的全局 store（测试与默认路径语义）；
+	 * 为显式路径时则重载对应文件（生产 process_reload_cmd / 显式配置路径）。 */
+	if (rpc_parse_config(config_file, err_msg, len) < 0) {
 		if (errno != ENOENT) {
 			return -1;
 		}
diff --git a/rpc/tests/rpc_config_test.cpp b/rpc/tests/rpc_config_test.cpp
index 3609537..c660247 100644
--- a/rpc/tests/rpc_config_test.cpp
+++ b/rpc/tests/rpc_config_test.cpp
@@ -120,18 +120,104 @@ TEST(reload_reresolves_sec_switches)
 	cleanup_temp(path);
 }
 
+/* T0395：tunable 经注册表 PARAM_RPC_* 读取（env > [aio-speedd] > [aio-speed] > def） */
+
+TEST(tunables_read_from_aio_speedd)
+{
+	const char *ini = "[aio-speedd]\n"
+			  "check_data = 1\n"
+			  "debug = 1\n"
+			  "keepalive = 25\n"
+			  "parallel = 8\n"
+			  "read_timeout = 5000\n"
+			  "retry = 7\n"
+			  "fsbackup_dev_path = /dev/rpc_x\n";
+	char *path = write_temp_ini(ini);
+	char err[1024];
+
+	unsetenv("RPC_TOOL_CHECK_DATA");
+	unsetenv("RPC_TOOL_DEBUG");
+	unsetenv("RPC_TOOL_KEEPALIVE");
+	unsetenv("RPC_TOOL_PARALLEL");
+	unsetenv("RPC_TOOL_READ_TIMEOUT");
+	unsetenv("RPC_TOOL_RETRY");
+	unsetenv("RPC_TOOL_DEV_PATH");
+
+	assert(parse_config(path, err, sizeof(err)) == 0);
+	assert(rpc_init_config(NULL, err, sizeof(err)) == 0);
+
+	assert(g_rpc_config->check_data == 1);
+	assert(g_rpc_config->debug == 1);
+	assert(g_rpc_config->keepalive == 25);
+	assert(g_rpc_config->parallel == 8);
+	assert(g_rpc_config->read_timeout == 5000);
+	assert(g_rpc_config->retry == 7);
+	assert(strcmp(g_rpc_config->dev_path, "/dev/rpc_x") == 0);
+
+	cleanup_temp(path);
+}
+
+TEST(invalid_bool_fail_closed)
+{
+	const char *ini = "[aio-speedd]\ncheck_data = 2\n";
+	char *path = write_temp_ini(ini);
+	char err[1024];
+
+	unsetenv("RPC_TOOL_CHECK_DATA");
+	assert(parse_config(path, err, sizeof(err)) == 0);
+	/* 非法布尔触发 fail-closed：rpc_init_config 响亮返回 -1 */
+	assert(rpc_init_config(NULL, err, sizeof(err)) == -1);
+
+	cleanup_temp(path);
+}
+
+TEST(layer3_aio_speed_fallback)
+{
+	/* 仅 [aio-speed] 段有值（无 [aio-speedd]），回落 layer3；
+	 * 等价于旧默认段读取路径，保证嵌入方（fs-backup 等）无回归 */
+	const char *ini = "[aio-speed]\nkeepalive = 77\n";
+	char *path = write_temp_ini(ini);
+	char err[1024];
+
+	unsetenv("RPC_TOOL_KEEPALIVE");
+	assert(parse_config(path, err, sizeof(err)) == 0);
+	assert(rpc_init_config(NULL, err, sizeof(err)) == 0);
+	assert(g_rpc_config->keepalive == 77);
+
+	cleanup_temp(path);
+}
+
+TEST(env_overrides_section)
+{
+	const char *ini = "[aio-speedd]\nkeepalive = 25\n";
+	char *path = write_temp_ini(ini);
+	char err[1024];
+
+	setenv(RPC_TOOL_KEEPALIVE_ENV, "99", 1);
+	assert(parse_config(path, err, sizeof(err)) == 0);
+	assert(rpc_init_config(NULL, err, sizeof(err)) == 0);
+	assert(g_rpc_config->keepalive == 99);
+
+	unsetenv(RPC_TOOL_KEEPALIVE_ENV);
+	cleanup_temp(path);
+}
+
 int main(void)
 {
-	/* 与生产 main.cpp 一致：显式设置服务端 section，
-	 * do_parse_config 仅解析该段下的键 */
+	/* 与生产 main.cpp 一致：显式调用（现为 no-op）以兼容既有调用方；
+	 * tunable 统一经注册表 PARAM_RPC_* 读取，不再依赖运行时可变段名 */
 	rpc_set_section_name(AIO_SPEEDD_TOOL_SECTION);
 
-	printf("=== rpc-config sec switches test ===\n\n");
+	printf("=== rpc-config sec switches + tunables test ===\n\n");
 
 	RUN_TEST(init_fills_sec_switches_from_store);
 	RUN_TEST(init_env_overrides_store);
 	RUN_TEST(init_invalid_audit_env_fails);
 	RUN_TEST(reload_reresolves_sec_switches);
+	RUN_TEST(tunables_read_from_aio_speedd);
+	RUN_TEST(invalid_bool_fail_closed);
+	RUN_TEST(layer3_aio_speed_fallback);
+	RUN_TEST(env_overrides_section);
 
 	printf("\n=== %d passed, %d failed ===\n", tests_passed,
 	       tests_failed);
