--- direct help regression ---
713:fchmodats_test_047qim: size=80, mode=40700, atime=1787037946, [0m[38;2;0;255;0;1m[ 41%]:[0m [2mrunning.test rpc_tool_integration/default[0m
1158:Passed: 21
1161:All tests PASSED!
1225:[0m[38;2;0;255;0;1m[ 88%]:[0m [2mrpc_tool_integration/default ...... [38;2;0;255;0;1mpassed[0m [1m0.047s[0m
--- changed help entry points ---
rpc/tests/tool_integration.cpp:93:	assert(rdbcommd_help.find("--keepalive=SECONDS") != std::string::npos);
rpc/tests/tool_integration.cpp:94:	assert(rdbcommd_help.find("Examples:") != std::string::npos);
rpc/tests/tool_integration.cpp:96:	assert(tls_create_help.find("--algo") != std::string::npos);
rpc/tests/tool_integration.cpp:100:	assert(tls_mtls_help.find("--client-cert") != std::string::npos);
rpc/tests/tool_integration.cpp:107:	assert(fsdeamon_help.find("Examples:") != std::string::npos);
fs-backup/fsdeamon/main.cpp:53:	fprintf(stderr, "Usage: fsdeamon [OPTIONS]\n\nOptions:\n");
fs-backup/fsdeamon/main.cpp:54:	fprintf(stderr, "  --data-path=PATH         Cache path (default: current working directory).\n");
fs-backup/fsdeamon/main.cpp:71:	fprintf(stderr, "Examples:\n");
rdbcomm/rdbcommd-main.c:36:	fprintf(stderr, "Usage: %s [OPTIONS]\n\nOptions:\n", progname);
rdbcomm/rdbcommd-main.c:45:	fprintf(stderr, "  --keepalive=SECONDS  TCP keepalive interval (default: 30)\n");
rdbcomm/rdbcommd-main.c:51:	fprintf(stderr, "Examples:\n");
libs/tls_keygen.c:568:	printf("Usage: %s create [OPTIONS]\n", prog);
libs/tls_keygen.c:573:	printf("  -a, --algo <algo>     Key algorithm: ed25519 (default) / sm2\n");
libs/tls_keygen.c:579:	printf("\nExamples:\n");
libs/tls_keygen.c:598:	printf("Usage: %s ca [OPTIONS]\n", prog);
libs/tls_keygen.c:603:	printf("  -a, --algo <algo>     Key algorithm: ed25519 (default) / sm2\n");
libs/tls_keygen.c:611:	printf("\nExamples:\n");
libs/tls_keygen.c:627:	printf("Usage: %s sign [OPTIONS]\n", prog);
libs/tls_keygen.c:632:	printf("  -a, --algo <algo>     Sign algorithm: ed25519 (default) / sm2\n");
libs/tls_keygen.c:647:	printf("\nExamples:\n");
libs/tls_keygen.c:671:	printf("Usage: %s <subcommand> [OPTIONS]\n", prog);
libs/tls_keygen.c:690:	printf("         --client-cert %s --client-key %s\n",
libs/tls_keygen.c:1109:	printf("Usage: %s inspect <file> [OPTIONS]\n", prog);
libs/tls_keygen.c:1115:	printf("\nExamples:\n");
libs/tls_keygen.c:1320:	printf("Usage: %s mtls [OPTIONS]\n", prog);
libs/tls_keygen.c:1327:	printf("      --client-cert <path> Client certificate\n");
libs/tls_keygen.c:1331:	printf("\nExamples:\n");
libs/tls_keygen.c:1334:	       "             --client-cert client.crt --client-key client.key\n", prog);
libs/tls_keygen.c:1337:	       "             --client-cert sm2_client.crt --client-key sm2_client.key\n"
libs/tls_keygen.c:1549:			"Error: mtls requires --ca, --server-cert, --server-key, --client-cert, --client-key\n");
rpc/main.cpp:114:	fprintf(stderr, "Usage: aio-speedd [OPTIONS]\n");
rdbcomm/rdbcomm-main.c:46:		"Usage: %s [OPTIONS] [ARGS...]\n\n"
rdbcomm/rdbcomm-main.c:56:		"  --keepalive=SECONDS       TCP keepalive interval (default: 30)\n"
rdbcomm/rdbcomm-main.c:67:		"Examples:\n"
--- diff check ---
