[0m[38;2;0;255;0;1m[ 59%]:[0m [38;2;255;0;255;1m<rdbcomm>[0m cache compiling.debug rdbcomm/rdbcomm-main.c[0m
[0m[38;2;0;255;0;1m[ 59%]:[0m [38;2;255;0;255;1m<rdbcomm>[0m cache compiling.debug rdbcomm/client.c[0m
[0m[38;2;0;255;0;1m[ 87%]:[0m [38;2;255;0;255;1m<aio-speed>[0m [38;2;255;0;255;1mlinking.debug aio-speed[0m
[0m[38;2;0;255;0;1m[ 87%]:[0m [38;2;255;0;255;1m<aio-speedd>[0m [38;2;255;0;255;1mlinking.debug aio-speedd[0m
[0m[38;2;0;255;0;1m[ 87%]:[0m [38;2;255;0;255;1m<rpc>[0m [38;2;255;0;255;1marchiving.debug librpc.a[0m
[0m[38;2;0;255;0;1m[ 87%]:[0m [38;2;255;0;255;1m<rdbcommd>[0m [38;2;255;0;255;1mlinking.debug rdbcommd[0m
[0m[38;2;0;255;0;1m[ 87%]:[0m [38;2;255;0;255;1m<timed_net_key>[0m [38;2;255;0;255;1mlinking.debug libtimed_net_key.so[0m
[0m[38;2;0;255;0;1m[ 89%]:[0m [38;2;255;0;255;1m<fs-cli>[0m [38;2;255;0;255;1mlinking.debug fs-cli[0m
[0m[38;2;0;255;0;1m[ 89%]:[0m [38;2;255;0;255;1m<fsdeamon>[0m [38;2;255;0;255;1mlinking.debug fsdeamon[0m
[0m[38;2;0;255;0;1m[ 90%]:[0m [38;2;255;0;255;1m<rdbcomm>[0m [38;2;255;0;255;1mlinking.debug rdbcomm[0m
Building Python wheel...
Target file: build/linux/x86_64/debug/libtimed_net_key.so
Copying build/linux/x86_64/debug/libtimed_net_key.so to /home/black/Public/aio/aio-tools/6200/F/139/libs/timed_net_key_python/timed_net_key_libs
running bdist_wheel
running build
running build_py
copying timed_net_key/libtimed_net_key.so -> build/lib.linux-x86_64-cpython-314/timed_net_key
running build_ext
/usr/lib/python3.14/site-packages/setuptools/_distutils/cmd.py:90: SetuptoolsDeprecationWarning: setup.py install is deprecated.
!!

        ********************************************************************************
        Please avoid running ``setup.py`` directly.
        Instead, use pypa/build, pypa/installer or other
        standards-based tools.

        This deprecation is overdue, please update your project and remove deprecated
        calls to avoid build errors in the future.

        See https://blog.ganssle.io/articles/2021/10/setup-py-deprecated.html for details.
        ********************************************************************************

!!
  self.initialize_options()
installing to build/bdist.linux-x86_64/wheel
running install
running install_lib
creating build/bdist.linux-x86_64/wheel
creating build/bdist.linux-x86_64/wheel/timed_net_key
copying build/lib.linux-x86_64-cpython-314/timed_net_key/__init__.py -> build/bdist.linux-x86_64/wheel/./timed_net_key
copying build/lib.linux-x86_64-cpython-314/timed_net_key/_timed_net_key.pyx -> build/bdist.linux-x86_64/wheel/./timed_net_key
copying build/lib.linux-x86_64-cpython-314/timed_net_key/libtimed_net_key.so -> build/bdist.linux-x86_64/wheel/./timed_net_key
copying build/lib.linux-x86_64-cpython-314/_timed_net_key.cpython-314-x86_64-linux-gnu.so -> build/bdist.linux-x86_64/wheel/.
running install_egg_info
running egg_info
writing timed_net_key.egg-info/PKG-INFO
writing dependency_links to timed_net_key.egg-info/dependency_links.txt
writing top-level names to timed_net_key.egg-info/top_level.txt
dependency /home/black/Public/aio/aio-tools/6200/F/139/libs/timed_net_key_python/timed_net_key_libs/timed_key.h won't be automatically included in the manifest: the path must be relative
dependency /home/black/Public/aio/aio-tools/6200/F/139/libs/timed_net_key_python/timed_net_key_libs/timed_net_key.h won't be automatically included in the manifest: the path must be relative
writing manifest file 'timed_net_key.egg-info/SOURCES.txt'
Copying timed_net_key.egg-info to build/bdist.linux-x86_64/wheel/./timed_net_key-1.0.1-py3.14.egg-info
running install_scripts
creating build/bdist.linux-x86_64/wheel/timed_net_key-1.0.1.dist-info/WHEEL
creating 'dist/timed_net_key-1.0.1-cp314-cp314-linux_x86_64.whl' and adding 'build/bdist.linux-x86_64/wheel' to it
adding '_timed_net_key.cpython-314-x86_64-linux-gnu.so'
adding 'timed_net_key/__init__.py'
adding 'timed_net_key/_timed_net_key.pyx'
adding 'timed_net_key/libtimed_net_key.so'
adding 'timed_net_key-1.0.1.dist-info/METADATA'
adding 'timed_net_key-1.0.1.dist-info/WHEEL'
adding 'timed_net_key-1.0.1.dist-info/top_level.txt'
adding 'timed_net_key-1.0.1.dist-info/RECORD'
removing build/bdist.linux-x86_64/wheel
[0m[38;2;0;255;0;1m[100%]:[0m [38;2;0;255;0;1mbuild ok, spent 2.716s[0m
