libs/tests/rpc_handshake_test.c:39:	assert(rpc_hs_server_accept(&session, args->fd, &args->config,
libs/tests/rpc_handshake_test.c:63:	assert(rpc_hs_server_respond(&plain, &request, 1, RPC_HS_ALG_CLASSIC,
libs/tests/rpc_handshake_test.c:240:		assert(tls_cert_server_available() == 0);
libs/tests/rpc_handshake_test.c:279:		assert(tls_cert_server_available() == 1);
rdbcomm/server.c:441:	if (rpc_hs_server_accept(&conn->io, conn->sockfd, &hs_config,
libs/rpc-handshake.h:104:int rpc_hs_server_respond(rpc_hs_session_t *session,
libs/rpc-handshake.h:109:int rpc_hs_server_accept(rpc_hs_session_t *session, int fd,
rpc/rpc-server.cpp:212:	if (rpc_hs_server_accept(&woker_info->io, client, &hs_config,
libs/rpc-handshake.c:300:	return rpc_hs_server_respond(session, &req, force_mtls, algorithm, ca_cn,
libs/rpc-handshake.c:304:int rpc_hs_server_respond(rpc_hs_session_t *session,
libs/rpc-handshake.c:345:int rpc_hs_server_accept(rpc_hs_session_t *session, int fd,
libs/rpc-handshake.c:376:	    !tls_cert_server_available()) {
libs/rpc-handshake.c:382:	ret = rpc_hs_server_respond(session, &first, config->mtls_required,

--- build ---
adding 'timed_net_key-1.0.1.dist-info/WHEEL'
adding 'timed_net_key-1.0.1.dist-info/top_level.txt'
adding 'timed_net_key-1.0.1.dist-info/RECORD'
removing build/bdist.linux-x86_64/wheel
[0m[38;2;0;255;0;1m[100%]:[0m [38;2;0;255;0;1mbuild ok, spent 2.902s[0m

--- test summary ---
1217:All tests PASSED!
1222:rpc_time_integration: PASS
1248:rdbcomm_tool_integration: PASS
1286:[0m[38;2;0;255;0;1m[100%]:[0m [2mrdbcomm_tool_integration/default .. [38;2;0;255;0;1mpassed[0m [1m2.560s[0m
1288:[38;2;0;255;0;1m100%[0m tests passed, [38;2;255;0;0;1m0[0m test(s) failed out of [1m36[0m, spent [1m2.607s[0m
