metadata_backend=sqlite
first_full              4.5273s        22088 entries/s rss_kib=37080
  put: files=100000 dirs=51 links=0 logical=3200000 wire=3200000 resumed=0 skipped=0 metadata_index_entries=100051 metadata_scanned=100051 metadata_lookups=0 metadata_sql=0 metadata_prefetch_batches=0 metadata_prefetch_entries=0 metadata_cache_hits=0 metadata_found=0 metadata_inserts=100051 metadata_updates=0 checkpoint_hits=0 checkpoint_checks=100051
unchanged_scan          0.3286s       304294 entries/s rss_kib=21720
  put: files=0 dirs=0 links=0 logical=0 wire=0 resumed=0 skipped=100000 metadata_index_entries=100051 metadata_scanned=100051 metadata_lookups=100051 metadata_sql=851 metadata_prefetch_batches=800 metadata_prefetch_entries=100000 metadata_cache_hits=100000 metadata_found=100051 metadata_inserts=0 metadata_updates=0 checkpoint_hits=0 checkpoint_checks=100051
changed_scan            0.3408s       293449 entries/s rss_kib=21588
  put: files=1 dirs=1 links=0 logical=19 wire=19 resumed=0 skipped=100000 metadata_index_entries=100052 metadata_scanned=100052 metadata_lookups=100052 metadata_sql=851 metadata_prefetch_batches=800 metadata_prefetch_entries=100001 metadata_cache_hits=100001 metadata_found=100051 metadata_inserts=1 metadata_updates=1 checkpoint_hits=0 checkpoint_checks=100052
cache_bytes=11333632

metadata_backend=sqlite
first_full              4.6530s        21491 entries/s rss_kib=36972
  put: files=100000 dirs=51 links=0 logical=3200000 wire=3200000 resumed=0 skipped=0 metadata_index_entries=100051 metadata_scanned=100051 metadata_lookups=0 metadata_sql=0 metadata_prefetch_batches=0 metadata_prefetch_entries=0 metadata_cache_hits=0 metadata_found=0 metadata_inserts=100051 metadata_updates=0 checkpoint_hits=0 checkpoint_checks=100051
unchanged_scan          0.3290s       303966 entries/s rss_kib=21680
  put: files=0 dirs=0 links=0 logical=0 wire=0 resumed=0 skipped=100000 metadata_index_entries=100051 metadata_scanned=100051 metadata_lookups=100051 metadata_sql=851 metadata_prefetch_batches=800 metadata_prefetch_entries=100000 metadata_cache_hits=100000 metadata_found=100051 metadata_inserts=0 metadata_updates=0 checkpoint_hits=0 checkpoint_checks=100051
changed_scan            0.3362s       297438 entries/s rss_kib=21840
  put: files=1 dirs=1 links=0 logical=19 wire=19 resumed=0 skipped=100000 metadata_index_entries=100052 metadata_scanned=100052 metadata_lookups=100052 metadata_sql=851 metadata_prefetch_batches=800 metadata_prefetch_entries=100001 metadata_cache_hits=100001 metadata_found=100051 metadata_inserts=1 metadata_updates=1 checkpoint_hits=0 checkpoint_checks=100052
cache_bytes=11333632

metadata_backend=sqlite
first_full              4.8334s        20689 entries/s rss_kib=36748
  put: files=100000 dirs=51 links=0 logical=3200000 wire=3200000 resumed=0 skipped=0 metadata_index_entries=100051 metadata_scanned=100051 metadata_lookups=0 metadata_sql=0 metadata_prefetch_batches=0 metadata_prefetch_entries=0 metadata_cache_hits=0 metadata_found=0 metadata_inserts=100051 metadata_updates=0 checkpoint_hits=0 checkpoint_checks=100051
unchanged_scan          0.3547s       281945 entries/s rss_kib=21696
  put: files=0 dirs=0 links=0 logical=0 wire=0 resumed=0 skipped=100000 metadata_index_entries=100051 metadata_scanned=100051 metadata_lookups=100051 metadata_sql=851 metadata_prefetch_batches=800 metadata_prefetch_entries=100000 metadata_cache_hits=100000 metadata_found=100051 metadata_inserts=0 metadata_updates=0 checkpoint_hits=0 checkpoint_checks=100051
changed_scan            0.3569s       280200 entries/s rss_kib=21752
  put: files=1 dirs=1 links=0 logical=19 wire=19 resumed=0 skipped=100000 metadata_index_entries=100052 metadata_scanned=100052 metadata_lookups=100052 metadata_sql=851 metadata_prefetch_batches=800 metadata_prefetch_entries=100001 metadata_cache_hits=100001 metadata_found=100051 metadata_inserts=1 metadata_updates=1 checkpoint_hits=0 checkpoint_checks=100052
cache_bytes=11333632

metadata_backend=sqlite
first_full              4.6909s        21318 entries/s rss_kib=37280
  put: files=100000 dirs=51 links=0 logical=3200000 wire=3200000 resumed=0 skipped=0 metadata_index_entries=100051 metadata_scanned=100051 metadata_lookups=0 metadata_sql=0 metadata_prefetch_batches=0 metadata_prefetch_entries=0 metadata_cache_hits=0 metadata_found=0 metadata_inserts=100051 metadata_updates=0 checkpoint_hits=0 checkpoint_checks=100051
unchanged_scan          0.3219s       310663 entries/s rss_kib=21956
  put: files=0 dirs=0 links=0 logical=0 wire=0 resumed=0 skipped=100000 metadata_index_entries=100051 metadata_scanned=100051 metadata_lookups=100051 metadata_sql=851 metadata_prefetch_batches=800 metadata_prefetch_entries=100000 metadata_cache_hits=100000 metadata_found=100051 metadata_inserts=0 metadata_updates=0 checkpoint_hits=0 checkpoint_checks=100051
changed_scan            0.3233s       309317 entries/s rss_kib=21680
  put: files=1 dirs=1 links=0 logical=19 wire=19 resumed=0 skipped=100000 metadata_index_entries=100052 metadata_scanned=100052 metadata_lookups=100052 metadata_sql=851 metadata_prefetch_batches=800 metadata_prefetch_entries=100001 metadata_cache_hits=100001 metadata_found=100051 metadata_inserts=1 metadata_updates=1 checkpoint_hits=0 checkpoint_checks=100052
cache_bytes=11333632

metadata_backend=sqlite
first_full              4.6653s        21435 entries/s rss_kib=37356
  put: files=100000 dirs=51 links=0 logical=3200000 wire=3200000 resumed=0 skipped=0 metadata_index_entries=100051 metadata_scanned=100051 metadata_lookups=0 metadata_sql=0 metadata_prefetch_batches=0 metadata_prefetch_entries=0 metadata_cache_hits=0 metadata_found=0 metadata_inserts=100051 metadata_updates=0 checkpoint_hits=0 checkpoint_checks=100051
unchanged_scan          0.3651s       273898 entries/s rss_kib=21612
  put: files=0 dirs=0 links=0 logical=0 wire=0 resumed=0 skipped=100000 metadata_index_entries=100051 metadata_scanned=100051 metadata_lookups=100051 metadata_sql=851 metadata_prefetch_batches=800 metadata_prefetch_entries=100000 metadata_cache_hits=100000 metadata_found=100051 metadata_inserts=0 metadata_updates=0 checkpoint_hits=0 checkpoint_checks=100051
changed_scan            0.3326s       300641 entries/s rss_kib=21860
  put: files=1 dirs=1 links=0 logical=19 wire=19 resumed=0 skipped=100000 metadata_index_entries=100052 metadata_scanned=100052 metadata_lookups=100052 metadata_sql=851 metadata_prefetch_batches=800 metadata_prefetch_entries=100001 metadata_cache_hits=100001 metadata_found=100051 metadata_inserts=1 metadata_updates=1 checkpoint_hits=0 checkpoint_checks=100052
cache_bytes=11333632

