metadata_backend=sqlite
first_full              4.6709s        21409 entries/s
  put: files=100000 dirs=51 links=0 logical=3200000 wire=3200000 resumed=0 skipped=0 metadata_index_entries=100051 metadata_scanned=100051 metadata_lookups=0 metadata_sql=0 metadata_prefetch_batches=0 metadata_prefetch_entries=0 metadata_cache_hits=0 metadata_found=0 metadata_inserts=100051 metadata_updates=0 checkpoint_hits=0 checkpoint_checks=100051
unchanged_scan          0.3230s       309606 entries/s
  put: files=0 dirs=0 links=0 logical=0 wire=0 resumed=0 skipped=100000 metadata_index_entries=100051 metadata_scanned=100051 metadata_lookups=100051 metadata_sql=851 metadata_prefetch_batches=800 metadata_prefetch_entries=100000 metadata_cache_hits=100000 metadata_found=100051 metadata_inserts=0 metadata_updates=0 checkpoint_hits=0 checkpoint_checks=100051
cache_bytes=11325440
metadata_backend=lmdb
first_full              4.4201s        22624 entries/s
  put: files=100000 dirs=51 links=0 logical=3200000 wire=3200000 resumed=0 skipped=0 metadata_index_entries=100051 metadata_scanned=100051 metadata_lookups=0 metadata_sql=0 metadata_prefetch_batches=0 metadata_prefetch_entries=0 metadata_cache_hits=0 metadata_found=0 metadata_inserts=100051 metadata_updates=0 checkpoint_hits=0 checkpoint_checks=100051
unchanged_scan          0.2974s       336214 entries/s
  put: files=0 dirs=0 links=0 logical=0 wire=0 resumed=0 skipped=100000 metadata_index_entries=100051 metadata_scanned=100051 metadata_lookups=200051 metadata_sql=401 metadata_prefetch_batches=401 metadata_prefetch_entries=100000 metadata_cache_hits=0 metadata_found=200051 metadata_inserts=0 metadata_updates=0 checkpoint_hits=0 checkpoint_checks=100051
cache_bytes=27471872
metadata_backend=sqlite
first_full              4.5751s        21858 entries/s
  put: files=100000 dirs=51 links=0 logical=3200000 wire=3200000 resumed=0 skipped=0 metadata_index_entries=100051 metadata_scanned=100051 metadata_lookups=0 metadata_sql=0 metadata_prefetch_batches=0 metadata_prefetch_entries=0 metadata_cache_hits=0 metadata_found=0 metadata_inserts=100051 metadata_updates=0 checkpoint_hits=0 checkpoint_checks=100051
unchanged_scan          0.3205s       312052 entries/s
  put: files=0 dirs=0 links=0 logical=0 wire=0 resumed=0 skipped=100000 metadata_index_entries=100051 metadata_scanned=100051 metadata_lookups=100051 metadata_sql=851 metadata_prefetch_batches=800 metadata_prefetch_entries=100000 metadata_cache_hits=100000 metadata_found=100051 metadata_inserts=0 metadata_updates=0 checkpoint_hits=0 checkpoint_checks=100051
cache_bytes=11325440
metadata_backend=lmdb
first_full              4.7815s        20914 entries/s
  put: files=100000 dirs=51 links=0 logical=3200000 wire=3200000 resumed=0 skipped=0 metadata_index_entries=100051 metadata_scanned=100051 metadata_lookups=0 metadata_sql=0 metadata_prefetch_batches=0 metadata_prefetch_entries=0 metadata_cache_hits=0 metadata_found=0 metadata_inserts=100051 metadata_updates=0 checkpoint_hits=0 checkpoint_checks=100051
unchanged_scan          0.2915s       343007 entries/s
  put: files=0 dirs=0 links=0 logical=0 wire=0 resumed=0 skipped=100000 metadata_index_entries=100051 metadata_scanned=100051 metadata_lookups=200051 metadata_sql=401 metadata_prefetch_batches=401 metadata_prefetch_entries=100000 metadata_cache_hits=0 metadata_found=200051 metadata_inserts=0 metadata_updates=0 checkpoint_hits=0 checkpoint_checks=100051
cache_bytes=27471872
metadata_backend=sqlite
first_full              4.9062s        20382 entries/s
  put: files=100000 dirs=51 links=0 logical=3200000 wire=3200000 resumed=0 skipped=0 metadata_index_entries=100051 metadata_scanned=100051 metadata_lookups=0 metadata_sql=0 metadata_prefetch_batches=0 metadata_prefetch_entries=0 metadata_cache_hits=0 metadata_found=0 metadata_inserts=100051 metadata_updates=0 checkpoint_hits=0 checkpoint_checks=100051
unchanged_scan          0.3505s       285293 entries/s
  put: files=0 dirs=0 links=0 logical=0 wire=0 resumed=0 skipped=100000 metadata_index_entries=100051 metadata_scanned=100051 metadata_lookups=100051 metadata_sql=851 metadata_prefetch_batches=800 metadata_prefetch_entries=100000 metadata_cache_hits=100000 metadata_found=100051 metadata_inserts=0 metadata_updates=0 checkpoint_hits=0 checkpoint_checks=100051
cache_bytes=11325440
metadata_backend=lmdb
first_full              4.9654s        20139 entries/s
  put: files=100000 dirs=51 links=0 logical=3200000 wire=3200000 resumed=0 skipped=0 metadata_index_entries=100051 metadata_scanned=100051 metadata_lookups=0 metadata_sql=0 metadata_prefetch_batches=0 metadata_prefetch_entries=0 metadata_cache_hits=0 metadata_found=0 metadata_inserts=100051 metadata_updates=0 checkpoint_hits=0 checkpoint_checks=100051
unchanged_scan          0.3029s       330149 entries/s
  put: files=0 dirs=0 links=0 logical=0 wire=0 resumed=0 skipped=100000 metadata_index_entries=100051 metadata_scanned=100051 metadata_lookups=200051 metadata_sql=401 metadata_prefetch_batches=401 metadata_prefetch_entries=100000 metadata_cache_hits=0 metadata_found=200051 metadata_inserts=0 metadata_updates=0 checkpoint_hits=0 checkpoint_checks=100051
cache_bytes=27471872
metadata_backend=sqlite
first_full              4.8067s        20805 entries/s
  put: files=100000 dirs=51 links=0 logical=3200000 wire=3200000 resumed=0 skipped=0 metadata_index_entries=100051 metadata_scanned=100051 metadata_lookups=0 metadata_sql=0 metadata_prefetch_batches=0 metadata_prefetch_entries=0 metadata_cache_hits=0 metadata_found=0 metadata_inserts=100051 metadata_updates=0 checkpoint_hits=0 checkpoint_checks=100051
unchanged_scan          0.3371s       296638 entries/s
  put: files=0 dirs=0 links=0 logical=0 wire=0 resumed=0 skipped=100000 metadata_index_entries=100051 metadata_scanned=100051 metadata_lookups=100051 metadata_sql=851 metadata_prefetch_batches=800 metadata_prefetch_entries=100000 metadata_cache_hits=100000 metadata_found=100051 metadata_inserts=0 metadata_updates=0 checkpoint_hits=0 checkpoint_checks=100051
cache_bytes=11325440
metadata_backend=lmdb
first_full              4.5554s        21952 entries/s
  put: files=100000 dirs=51 links=0 logical=3200000 wire=3200000 resumed=0 skipped=0 metadata_index_entries=100051 metadata_scanned=100051 metadata_lookups=0 metadata_sql=0 metadata_prefetch_batches=0 metadata_prefetch_entries=0 metadata_cache_hits=0 metadata_found=0 metadata_inserts=100051 metadata_updates=0 checkpoint_hits=0 checkpoint_checks=100051
unchanged_scan          0.3165s       315973 entries/s
  put: files=0 dirs=0 links=0 logical=0 wire=0 resumed=0 skipped=100000 metadata_index_entries=100051 metadata_scanned=100051 metadata_lookups=200051 metadata_sql=401 metadata_prefetch_batches=401 metadata_prefetch_entries=100000 metadata_cache_hits=0 metadata_found=200051 metadata_inserts=0 metadata_updates=0 checkpoint_hits=0 checkpoint_checks=100051
cache_bytes=27471872
metadata_backend=sqlite
first_full              4.9603s        20160 entries/s
  put: files=100000 dirs=51 links=0 logical=3200000 wire=3200000 resumed=0 skipped=0 metadata_index_entries=100051 metadata_scanned=100051 metadata_lookups=0 metadata_sql=0 metadata_prefetch_batches=0 metadata_prefetch_entries=0 metadata_cache_hits=0 metadata_found=0 metadata_inserts=100051 metadata_updates=0 checkpoint_hits=0 checkpoint_checks=100051
unchanged_scan          0.3481s       287261 entries/s
  put: files=0 dirs=0 links=0 logical=0 wire=0 resumed=0 skipped=100000 metadata_index_entries=100051 metadata_scanned=100051 metadata_lookups=100051 metadata_sql=851 metadata_prefetch_batches=800 metadata_prefetch_entries=100000 metadata_cache_hits=100000 metadata_found=100051 metadata_inserts=0 metadata_updates=0 checkpoint_hits=0 checkpoint_checks=100051
cache_bytes=11325440
metadata_backend=lmdb
first_full              5.0661s        19739 entries/s
  put: files=100000 dirs=51 links=0 logical=3200000 wire=3200000 resumed=0 skipped=0 metadata_index_entries=100051 metadata_scanned=100051 metadata_lookups=0 metadata_sql=0 metadata_prefetch_batches=0 metadata_prefetch_entries=0 metadata_cache_hits=0 metadata_found=0 metadata_inserts=100051 metadata_updates=0 checkpoint_hits=0 checkpoint_checks=100051
unchanged_scan          0.3113s       321220 entries/s
  put: files=0 dirs=0 links=0 logical=0 wire=0 resumed=0 skipped=100000 metadata_index_entries=100051 metadata_scanned=100051 metadata_lookups=200051 metadata_sql=401 metadata_prefetch_batches=401 metadata_prefetch_entries=100000 metadata_cache_hits=0 metadata_found=200051 metadata_inserts=0 metadata_updates=0 checkpoint_hits=0 checkpoint_checks=100051
cache_bytes=27471872
