crash>
crash> !dmesg -T | tail -300
[Fri May  8 10:03:46 2026] sd 0:0:2:0: [sdc] 4294967296 5
12-byte logical blocks: (2.19 TB/2.00 TiB)
[Fri May  8 10:03:46 2026] sd 0:0:2:0: [sdc] Write Protec
t is off
[Fri May  8 10:03:46 2026] sd 0:0:2:0: [sdc] Mode Sense:
3b 00 00 00
[Fri May  8 10:03:46 2026] sd 0:0:2:0: [sdc] Write cache:
 disabled, read cache: disabled, doesn't support DPO or F
UA
[Fri May  8 10:03:46 2026] sd 0:0:1:0: [sdb] Write Protec
t is off
[Fri May  8 10:03:46 2026] sd 0:0:1:0: [sdb] Mode Sense:
3b 00 00 00
[Fri May  8 10:03:46 2026] sd 0:0:0:0: [sda] Write Protec
t is off
[Fri May  8 10:03:46 2026] sd 0:0:0:0: [sda] Mode Sense:
3b 00 00 00
[Fri May  8 10:03:46 2026] sd 0:0:1:0: [sdb] Write cache:
 disabled, read cache: disabled, doesn't support DPO or F
UA
[Fri May  8 10:03:46 2026] sd 0:0:0:0: [sda] Write cache:
 disabled, read cache: disabled, doesn't support DPO or F
UA
[Fri May  8 10:03:46 2026]  sdc: sdc1
[Fri May  8 10:03:46 2026]  sda: sda1 sda2
[Fri May  8 10:03:46 2026] sd 0:0:2:0: [sdc] Attached SCS
I disk
[Fri May  8 10:03:46 2026]  sdb: sdb1
[Fri May  8 10:03:46 2026] sd 0:0:1:0: [sdb] Attached SCS
I disk
[Fri May  8 10:03:46 2026] sd 0:0:0:0: [sda] Attached SCS
I disk
[Fri May  8 10:03:46 2026] random: fast init done
[Fri May  8 10:03:46 2026] [drm] DMA map mode: Keeping DM
A mappings.
[Fri May  8 10:03:46 2026] [drm] Capabilities:
[Fri May  8 10:03:46 2026] [drm]   Rect copy.
[Fri May  8 10:03:46 2026] [drm]   Cursor.
[Fri May  8 10:03:46 2026] [drm]   Cursor bypass.
[Fri May  8 10:03:46 2026] [drm]   Cursor bypass 2.
[Fri May  8 10:03:46 2026] [drm]   8bit emulation.
[Fri May  8 10:03:46 2026] [drm]   Alpha cursor.
[Fri May  8 10:03:46 2026] [drm]   Extended Fifo.
[Fri May  8 10:03:46 2026] [drm]   Multimon.
[Fri May  8 10:03:46 2026] [drm]   Pitchlock.
[Fri May  8 10:03:46 2026] [drm]   Irq mask.
[Fri May  8 10:03:46 2026] [drm]   Display Topology.
[Fri May  8 10:03:46 2026] [drm]   GMR.
[Fri May  8 10:03:46 2026] [drm]   Traces.
[Fri May  8 10:03:46 2026] [drm]   GMR2.
[Fri May  8 10:03:46 2026] [drm]   Screen Object 2.
[Fri May  8 10:03:46 2026] [drm]   Command Buffers.
[Fri May  8 10:03:46 2026] [drm]   Command Buffers 2.
[Fri May  8 10:03:46 2026] [drm]   Guest Backed Resources
.
[Fri May  8 10:03:46 2026] [drm]   DX Features.
[Fri May  8 10:03:46 2026] [drm]   HP Command Queue.
[Fri May  8 10:03:46 2026] [drm] Capabilities2:
[Fri May  8 10:03:46 2026] [drm]   Grow oTable.
[Fri May  8 10:03:46 2026] [drm]   IntraSurface copy.
[Fri May  8 10:03:46 2026] [drm] Max GMR ids is 64
[Fri May  8 10:03:46 2026] [drm] Max number of GMR pages
is 65536
[Fri May  8 10:03:46 2026] [drm] Max dedicated hypervisor
 surface memory is 0 kiB
[Fri May  8 10:03:46 2026] [drm] Maximum display memory s
ize is 8192 kiB
[Fri May  8 10:03:46 2026] [drm] VRAM at 0xe8000000 size
is 4096 kiB
[Fri May  8 10:03:46 2026] [drm] MMIO at 0xfe000000 size
is 256 kiB
[Fri May  8 10:03:46 2026] [TTM] Zone  kernel: Available
graphics memory: 16389866 kiB
[Fri May  8 10:03:46 2026] [TTM] Zone   dma32: Available
graphics memory: 2097152 kiB
[Fri May  8 10:03:46 2026] [TTM] Initializing pool alloca
tor
[Fri May  8 10:03:46 2026] [TTM] Initializing DMA pool al
locator
[Fri May  8 10:03:46 2026] [drm] Supports vblank timestam
p caching Rev 2 (21.10.2013).
[Fri May  8 10:03:46 2026] [drm] No driver support for vb
lank timestamp query.
[Fri May  8 10:03:46 2026] [drm] Screen Target Display de
vice initialized
[Fri May  8 10:03:46 2026] [drm] width 800
[Fri May  8 10:03:46 2026] [drm] height 480
[Fri May  8 10:03:46 2026] [drm] bpp 32
[Fri May  8 10:03:46 2026] [drm] Fifo max 0x00040000 min
0x00001000 cap 0x0000077f
[Fri May  8 10:03:46 2026] [drm] Using command buffers wi
th DMA pool.
[Fri May  8 10:03:46 2026] [drm] DX: no.
[Fri May  8 10:03:46 2026] [drm] Atomic: yes.
[Fri May  8 10:03:46 2026] [drm] SM4_1: no.
[Fri May  8 10:03:46 2026] fbcon: svgadrmfb (fb0) is prim
ary device
[Fri May  8 10:03:46 2026] Console: switching to colour f
rame buffer device 100x37
[Fri May  8 10:03:46 2026] [drm] Initialized vmwgfx 2.15.
0 20180704 for 0000:00:0f.0 on minor 0
[Fri May  8 10:03:46 2026] ata6: SATA link down (SStatus
0 SControl 300)
[Fri May  8 10:03:46 2026] ata4: SATA link down (SStatus
0 SControl 300)
[Fri May  8 10:03:46 2026] ata9: SATA link down (SStatus
0 SControl 300)
[Fri May  8 10:03:46 2026] ata7: SATA link down (SStatus
0 SControl 300)
[Fri May  8 10:03:46 2026] ata8: SATA link down (SStatus
0 SControl 300)
[Fri May  8 10:03:46 2026] ata3: SATA link up 6.0 Gbps (S
Status 133 SControl 300)
[Fri May  8 10:03:46 2026] ata12: SATA link down (SStatus
 0 SControl 300)
[Fri May  8 10:03:46 2026] ata10: SATA link down (SStatus
 0 SControl 300)
[Fri May  8 10:03:46 2026] ata3.00: ATAPI: VMware Virtual
 SATA CDRW Drive, 00000001, max UDMA/33
[Fri May  8 10:03:46 2026] ata5: SATA link down (SStatus
0 SControl 300)
[Fri May  8 10:03:46 2026] ata3.00: configured for UDMA/3
3
[Fri May  8 10:03:46 2026] ata15: SATA link down (SStatus
 0 SControl 300)
[Fri May  8 10:03:46 2026] ata11: SATA link down (SStatus
 0 SControl 300)
[Fri May  8 10:03:46 2026] ata13: SATA link down (SStatus
 0 SControl 300)
[Fri May  8 10:03:46 2026] scsi 3:0:0:0: CD-ROM
  NECVMWar VMware SATA CD00 1.00 PQ: 0 ANSI: 5
[Fri May  8 10:03:46 2026] ata22: SATA link down (SStatus
 0 SControl 300)
[Fri May  8 10:03:46 2026] ata20: SATA link down (SStatus
 0 SControl 300)
[Fri May  8 10:03:46 2026] ata18: SATA link down (SStatus
 0 SControl 300)
[Fri May  8 10:03:46 2026] ata24: SATA link down (SStatus
 0 SControl 300)
[Fri May  8 10:03:46 2026] ata21: SATA link down (SStatus
 0 SControl 300)
[Fri May  8 10:03:46 2026] ata16: SATA link down (SStatus
 0 SControl 300)
[Fri May  8 10:03:46 2026] ata27: SATA link down (SStatus
 0 SControl 300)
[Fri May  8 10:03:46 2026] ata28: SATA link down (SStatus
 0 SControl 300)
[Fri May  8 10:03:46 2026] ata30: SATA link down (SStatus
 0 SControl 300)
[Fri May  8 10:03:46 2026] ata29: SATA link down (SStatus
 0 SControl 300)
[Fri May  8 10:03:46 2026] ata25: SATA link down (SStatus
 0 SControl 300)
[Fri May  8 10:03:46 2026] ata23: SATA link down (SStatus
 0 SControl 300)
[Fri May  8 10:03:46 2026] ata32: SATA link down (SStatus
 0 SControl 300)
[Fri May  8 10:03:46 2026] ata31: SATA link down (SStatus
 0 SControl 300)
[Fri May  8 10:03:46 2026] ata26: SATA link down (SStatus
 0 SControl 300)
[Fri May  8 10:03:46 2026] ata17: SATA link down (SStatus
 0 SControl 300)
[Fri May  8 10:03:46 2026] ata19: SATA link down (SStatus
 0 SControl 300)
[Fri May  8 10:03:46 2026] ata14: SATA link down (SStatus
 0 SControl 300)
[Fri May  8 10:03:46 2026] sr 3:0:0:0: [sr0] scsi3-mmc dr
ive: 1x/1x writer dvd-ram cd/rw xa/form2 cdda tray
[Fri May  8 10:03:46 2026] cdrom: Uniform CD-ROM driver R
evision: 3.20
[Fri May  8 10:03:46 2026] sr 3:0:0:0: Attached scsi CD-R
OM sr0
[Fri May  8 10:03:46 2026] random: crng init done
[Fri May  8 10:03:47 2026] SGI XFS with ACLs, security at
tributes, no debug enabled
[Fri May  8 10:03:47 2026] XFS (dm-0): Mounting V5 Filesy
stem
[Fri May  8 10:03:47 2026] XFS (dm-0): Starting recovery
(logdev: internal)
[Fri May  8 10:03:48 2026] XFS (dm-0): Ending recovery (l
ogdev: internal)
[Fri May  8 10:03:48 2026] zfs-generator: starting
[Fri May  8 10:03:48 2026] zfs-generator: loading Dracut
library from /lib/dracut-lib.sh
[Fri May  8 10:03:48 2026] systemd-journald[145]: Receive
d SIGTERM from PID 1 (systemd).
[Fri May  8 10:03:49 2026] SELinux:  Disabled at runtime.
[Fri May  8 10:03:49 2026] SELinux:  Unregistering netfil
ter hooks
[Fri May  8 10:03:49 2026] type=1404 audit(1778205790.048
:2): selinux=0 auid=4294967295 ses=4294967295
[Fri May  8 10:03:50 2026] ip_tables: (C) 2000-2006 Netfi
lter Core Team
[Fri May  8 10:03:50 2026] systemd[1]: Inserted module 'i
p_tables'
[Fri May  8 10:03:53 2026] systemd-journald[711]: Receive
d request to flush runtime journal from PID 1
[Fri May  8 10:03:53 2026] RPC: Registered named UNIX soc
ket transport module.
[Fri May  8 10:03:53 2026] RPC: Registered udp transport
module.
[Fri May  8 10:03:53 2026] RPC: Registered tcp transport
module.
[Fri May  8 10:03:53 2026] RPC: Registered tcp NFSv4.1 ba
ckchannel transport module.
[Fri May  8 10:03:53 2026] spl: loading out-of-tree modul
e taints kernel.
[Fri May  8 10:03:53 2026] spl: module verification faile
d: signature and/or required key missing - tainting kerne
l
[Fri May  8 10:03:53 2026] Installing knfsd (copyright (C
) 1996 okir@monad.swb.de).
[Fri May  8 10:03:53 2026] zavl: module license 'CDDL' ta
ints kernel.
[Fri May  8 10:03:53 2026] Disabling lock debugging due t
o kernel taint
[Fri May  8 10:03:54 2026] piix4_smbus 0000:00:07.3: SMBu
s Host Controller not enabled!
[Fri May  8 10:03:54 2026] vmw_vmci 0000:00:07.7: Found V
MCI PCI device at 0x11080, irq 16
[Fri May  8 10:03:54 2026] vmw_vmci 0000:00:07.7: Using c
apabilities 0x8000001c
[Fri May  8 10:03:54 2026] vmw_vmci 0000:00:07.7: irq 67
for MSI/MSI-X
[Fri May  8 10:03:54 2026] vmw_vmci 0000:00:07.7: irq 68
for MSI/MSI-X
[Fri May  8 10:03:54 2026] Guest personality initialized
and is active
[Fri May  8 10:03:54 2026] VMCI host device registered (n
ame=vmci, major=10, minor=58)
[Fri May  8 10:03:54 2026] Initialized host personality
[Fri May  8 10:03:54 2026] sd 0:0:0:0: Attached scsi gene
ric sg0 type 0
[Fri May  8 10:03:54 2026] sd 0:0:1:0: Attached scsi gene
ric sg1 type 0
[Fri May  8 10:03:54 2026] sd 0:0:2:0: Attached scsi gene
ric sg2 type 0
[Fri May  8 10:03:54 2026] sr 3:0:0:0: Attached scsi gene
ric sg3 type 5
[Fri May  8 10:03:54 2026] input: PC Speaker as /devices/
platform/pcspkr/input/input4
[Fri May  8 10:03:54 2026] cryptd: max_cpu_qlen set to 10
00
[Fri May  8 10:03:54 2026] AVX2 version of gcm_enc/dec en
gaged.
[Fri May  8 10:03:54 2026] AES CTR mode by8 optimization
enabled
[Fri May  8 10:03:54 2026] alg: No test for __gcm-aes-aes
ni (__driver-gcm-aes-aesni)
[Fri May  8 10:03:54 2026] alg: No test for __generic-gcm
-aes-aesni (__driver-generic-gcm-aes-aesni)
[Fri May  8 10:03:54 2026] XFS (sdb1): Mounting V5 Filesy
stem
[Fri May  8 10:03:54 2026] XFS (sda1): Mounting V5 Filesy
stem
[Fri May  8 10:03:54 2026] XFS (sdc1): Mounting V5 Filesy
stem
[Fri May  8 10:03:54 2026] EDAC sbridge: Seeking for: PCI
 ID 8086:2fa0
[Fri May  8 10:03:54 2026] EDAC sbridge:  Ver: 1.1.2
[Fri May  8 10:03:54 2026] ppdev: user-space parallel por
t driver
[Fri May  8 10:03:55 2026] XFS (sdc1): Starting recovery
(logdev: internal)
[Fri May  8 10:03:55 2026] Adding 2097148k swap on /dev/m
apper/centos-swap.  Priority:-2 extents:1 across:2097148k
 FS
[Fri May  8 10:03:55 2026] XFS (sdb1): Starting recovery
(logdev: internal)
[Fri May  8 10:03:55 2026] XFS (sdc1): Ending recovery (l
ogdev: internal)
[Fri May  8 10:03:55 2026] XFS (sdb1): Ending recovery (l
ogdev: internal)
[Fri May  8 10:03:56 2026] XFS (sda1): Starting recovery
(logdev: internal)
[Fri May  8 10:03:56 2026] XFS (sda1): Ending recovery (l
ogdev: internal)
[Fri May  8 10:03:57 2026] floppy0: no floppy controllers
 found
[Fri May  8 10:03:59 2026] ZFS: Loaded module v0.8.5-1, Z
FS pool version 5000, ZFS filesystem version 5
[Fri May  8 10:04:00 2026] type=1305 audit(1778205800.613
:3): audit_pid=1003 old=0 auid=4294967295 ses=4294967295
res=1
[Fri May  8 10:04:02 2026] IPv6: ADDRCONF(NETDEV_UP): ens
192: link is not ready
[Fri May  8 10:04:02 2026] vmxnet3 0000:0b:00.0 ens192: i
ntr type 3, mode 0, 9 vectors allocated
[Fri May  8 10:04:02 2026] vmxnet3 0000:0b:00.0 ens192: N
IC Link is Up 10000 Mbps
[Fri May  8 10:04:03 2026] NET: Registered protocol famil
y 40
[Fri May  8 10:04:03 2026] IPv6: ens192: IPv6 duplicate a
ddress fe80::664e:7fbb:b308:8c8d used by 00:50:56:b0:a7:b
9 detected!
[Fri May  8 10:04:03 2026] IPv6: ens192: IPv6 duplicate a
ddress fe80::664e:7fbb:b308:8c8d used by 00:50:56:b0:a7:b
9 detected!
[Fri May  8 10:04:03 2026] IPv6: ens192: IPv6 duplicate a
ddress fe80::672e:1595:a72d:bed3 used by 00:50:56:b0:bc:a
6 detected!
[Fri May  8 10:04:04 2026] IPv6: ens192: IPv6 duplicate a
ddress fe80::672e:1595:a72d:bed3 used by 00:50:56:b0:bc:a
6 detected!
[Fri May  8 10:04:04 2026] IPv6: ens192: IPv6 duplicate a
ddress fe80::cdd:839d:e673:5f59 used by 00:50:56:b0:de:7a
 detected!
[Fri May  8 10:04:04 2026] IPv6: ens192: IPv6 duplicate a
ddress fe80::664e:7fbb:b308:8c8d used by 00:50:56:b0:a7:b
9 detected!
[Fri May  8 10:04:05 2026] NFSD: starting 90-second grace
 period (net ffffffff84116200)
[Fri May  8 10:04:05 2026] Loading iSCSI transport class
v2.0-870.
[Fri May  8 10:04:05 2026] iscsi: registered transport (t
cp)
[Fri May  8 10:04:05 2026] scsi host33: iSCSI Initiator o
ver TCP/IP
[Fri May  8 10:04:06 2026] scsi host34: iSCSI Initiator o
ver TCP/IP
[Fri May  8 10:04:06 2026] scsi 33:0:0:0: Medium Changer
   ADIC     Scalar 100       2.62 PQ: 0 ANSI: 3
[Fri May  8 10:04:06 2026] scsi 33:0:0:0: Attached scsi g
eneric sg4 type 8
[Fri May  8 10:04:06 2026] scsi 33:0:0:1: Sequential-Acce
ss IBM      ULTRIUM-TD1      18N2 PQ: 0 ANSI: 3
[Fri May  8 10:04:06 2026] scsi 33:0:0:1: Attached scsi g
eneric sg5 type 1
[Fri May  8 10:04:06 2026] scsi 33:0:0:2: Sequential-Acce
ss IBM      ULTRIUM-TD1      18N2 PQ: 0 ANSI: 3
[Fri May  8 10:04:06 2026] scsi 33:0:0:2: Attached scsi g
eneric sg6 type 1
[Fri May  8 10:04:06 2026] scsi 33:0:0:3: Sequential-Acce
ss IBM      ULTRIUM-TD1      18N2 PQ: 0 ANSI: 3
[Fri May  8 10:04:06 2026] scsi 33:0:0:3: Attached scsi g
eneric sg7 type 1
[Fri May  8 10:04:06 2026] scsi 33:0:0:4: Sequential-Acce
ss IBM      ULTRIUM-TD1      18N2 PQ: 0 ANSI: 3
[Fri May  8 10:04:06 2026] scsi 33:0:0:4: Attached scsi g
eneric sg8 type 1
[Fri May  8 10:04:06 2026] scsi 33:0:0:5: Sequential-Acce
ss IBM      ULTRIUM-TD1      18N2 PQ: 0 ANSI: 3
[Fri May  8 10:04:06 2026] scsi 33:0:0:5: Attached scsi g
eneric sg9 type 1
[Fri May  8 10:04:06 2026] scsi 33:0:0:6: Sequential-Acce
ss IBM      ULTRIUM-TD1      18N2 PQ: 0 ANSI: 3
[Fri May  8 10:04:06 2026] scsi 33:0:0:6: Attached scsi g
eneric sg10 type 1
[Fri May  8 10:04:06 2026] SCSI Media Changer driver v0.2
5
[Fri May  8 10:04:06 2026] ch 33:0:0:0: [ch0] type #1 (mt
): 0x0+1 [medium transport]
[Fri May  8 10:04:06 2026] ch 33:0:0:0: [ch0] type #2 (st
): 0x1000+40 [storage]
[Fri May  8 10:04:06 2026] ch 33:0:0:0: [ch0] type #3 (ie
): 0x10+4 [import/export]
[Fri May  8 10:04:06 2026] ch 33:0:0:0: [ch0] type #4 (dt
): 0x100+6 [data transfer]
[Fri May  8 10:04:06 2026] ch 33:0:0:0: [ch0] dt 0x100:
[Fri May  8 10:04:06 2026] ch 33:0:0:0: [ch0] ID/LUN unkn
own
[Fri May  8 10:04:06 2026] ch 33:0:0:0: [ch0] dt 0x101:
[Fri May  8 10:04:06 2026] ch 33:0:0:0: [ch0] ID/LUN unkn
own
[Fri May  8 10:04:06 2026] ch 33:0:0:0: [ch0] dt 0x102:
[Fri May  8 10:04:06 2026] ch 33:0:0:0: [ch0] ID/LUN unkn
own
[Fri May  8 10:04:06 2026] ch 33:0:0:0: [ch0] dt 0x103:
[Fri May  8 10:04:06 2026] ch 33:0:0:0: [ch0] ID/LUN unkn
own
[Fri May  8 10:04:06 2026] ch 33:0:0:0: [ch0] dt 0x104:
[Fri May  8 10:04:06 2026] ch 33:0:0:0: [ch0] ID/LUN unkn
own
[Fri May  8 10:04:06 2026] st: Version 20160209, fixed bu
fsize 32768, s/g segs 256
[Fri May  8 10:04:06 2026] ch 33:0:0:0: [ch0] dt 0x105:
[Fri May  8 10:04:06 2026] ch 33:0:0:0: [ch0] ID/LUN unkn
own
[Fri May  8 10:04:06 2026] ch 33:0:0:0: [ch0] INITIALIZE
ELEMENT STATUS, may take some time ...
[Fri May  8 10:04:06 2026] ch 33:0:0:0: [ch0] ... finishe
d
[Fri May  8 10:04:06 2026] ch 33:0:0:0: Attached scsi cha
nger ch0
[Fri May  8 10:04:06 2026] st 33:0:0:1: Attached scsi tap
e st0
[Fri May  8 10:04:06 2026] st 33:0:0:1: st0: try direct i
/o: yes (alignment 1 B)
[Fri May  8 10:04:06 2026] st 33:0:0:2: Attached scsi tap
e st1
[Fri May  8 10:04:06 2026] st 33:0:0:2: st1: try direct i
/o: yes (alignment 1 B)
[Fri May  8 10:04:06 2026] st 33:0:0:3: Attached scsi tap
e st2
[Fri May  8 10:04:06 2026] st 33:0:0:3: st2: try direct i
/o: yes (alignment 1 B)
[Fri May  8 10:04:06 2026] st 33:0:0:4: Attached scsi tap
e st3
[Fri May  8 10:04:06 2026] st 33:0:0:4: st3: try direct i
/o: yes (alignment 1 B)
[Fri May  8 10:04:06 2026] st 33:0:0:5: Attached scsi tap
e st4
[Fri May  8 10:04:06 2026] st 33:0:0:5: st4: try direct i
/o: yes (alignment 1 B)
[Fri May  8 10:04:06 2026] st 33:0:0:6: Attached scsi tap
e st5
[Fri May  8 10:04:06 2026] st 33:0:0:6: st5: try direct i
/o: yes (alignment 1 B)
[Fri May  8 10:04:06 2026] osst :I: Tape driver with OnSt
ream support version 0.99.4
osst :I: $Id: osst.c,v 1.73 2005/01/01 21:13:34 wriede Ex
p $
[Fri May  8 10:07:21 2026] spad (4345): /proc/4345/oom_ad
j is deprecated, please use /proc/4345/oom_score_adj inst
ead.
[Fri May  8 10:07:47 2026] st 33:0:0:6: [st5] Block limit
s 1 - 16777215 bytes.
[Fri May  8 10:07:47 2026] st 33:0:0:5: [st4] Block limit
s 1 - 16777215 bytes.
[Fri May  8 10:07:47 2026] st 33:0:0:5: [st4] Sense Key :
 Medium Error [current]
[Fri May  8 10:07:47 2026] st 33:0:0:5: [st4] Add. Sense:
 Unrecovered read error
[Fri May  8 10:07:47 2026] st 33:0:0:4: [st3] Block limit
s 1 - 16777215 bytes.
[Fri May  8 10:07:47 2026] st 33:0:0:4: [st3] Sense Key :
 Medium Error [current]
[Fri May  8 10:07:47 2026] st 33:0:0:4: [st3] Add. Sense:
 Unrecovered read error
[Fri May  8 10:07:47 2026] st 33:0:0:3: [st2] Block limit
s 1 - 16777215 bytes.
[Fri May  8 10:07:47 2026] st 33:0:0:3: [st2] Sense Key :
 Medium Error [current]
[Fri May  8 10:07:47 2026] st 33:0:0:3: [st2] Add. Sense:
 Unrecovered read error
[Fri May  8 10:07:47 2026] st 33:0:0:2: [st1] Block limit
s 1 - 16777215 bytes.
[Fri May  8 10:07:47 2026] st 33:0:0:2: [st1] Sense Key :
 Medium Error [current]
[Fri May  8 10:07:47 2026] st 33:0:0:2: [st1] Add. Sense:
 Unrecovered read error
[Fri May  8 10:07:47 2026] st 33:0:0:1: [st0] Block limit
s 1 - 16777215 bytes.
[Fri May  8 10:07:47 2026] st 33:0:0:1: [st0] Sense Key :
 Medium Error [current]
[Fri May  8 10:07:47 2026] st 33:0:0:1: [st0] Add. Sense:
 Unrecovered read error
[Thu May 14 10:21:26 2026] st 33:0:0:1: [st0] Failed to r
ead 1048576 byte block with 65536 byte transfer.
[Thu May 14 10:28:57 2026] st 33:0:0:1: [st0] Failed to r
ead 16515072 byte block with 65536 byte transfer.
[Thu May 14 10:35:27 2026] st 33:0:0:1: [st0] Failed to r
ead 16515072 byte block with 65536 byte transfer.
[Thu May 14 10:46:27 2026] st 33:0:0:1: [st0] Failed to r
ead 16515072 byte block with 65536 byte transfer.
[Thu May 14 10:50:12 2026] st 33:0:0:1: [st0] Failed to r
ead 16515072 byte block with 65536 byte transfer.
[Thu May 14 11:19:13 2026] st 33:0:0:1: [st0] Failed to r
ead 16515072 byte block with 65536 byte transfer.
[Thu May 14 12:44:45 2026] st 33:0:0:1: [st0] Failed to r
ead 16515072 byte block with 65536 byte transfer.
[Thu May 14 18:14:08 2026] st 33:0:0:1: [st0] Failed to r
ead 16515072 byte block with 65536 byte transfer.
[Fri May 15 11:08:56 2026] st 33:0:0:1: [st0] Failed to r
ead 16515072 byte block with 65536 byte transfer.
[Fri May 15 11:09:11 2026] st 33:0:0:3: [st2] Failed to r
ead 16515072 byte block with 65536 byte transfer.
[Fri May 15 11:09:26 2026] st 33:0:0:4: [st3] Failed to r
ead 16515072 byte block with 65536 byte transfer.
[Fri May 15 11:36:27 2026] st 33:0:0:1: [st0] Failed to r
ead 16515072 byte block with 65536 byte transfer.
[Mon May 18 18:19:05 2026] st 33:0:0:2: [st1] Failed to r
ead 16515072 byte block with 65536 byte transfer.
[Mon May 18 18:33:21 2026] st 33:0:0:4: [st3] Failed to r
ead 16515072 byte block with 65536 byte transfer.
[Mon May 18 18:34:51 2026] st 33:0:0:6: [st5] Failed to r
ead 16515072 byte block with 65536 byte transfer.
[Tue May 19 09:37:39 2026] st 33:0:0:5: [st4] Failed to r
ead 16515072 byte block with 65536 byte transfer.
[Tue May 19 09:37:39 2026] st 33:0:0:4: [st3] Failed to r
ead 16515072 byte block with 65536 byte transfer.
[Tue May 19 09:37:40 2026] st 33:0:0:3: [st2] Failed to r
ead 16515072 byte block with 65536 byte transfer.
[Tue May 19 09:37:41 2026] st 33:0:0:2: [st1] Failed to r
ead 16515072 byte block with 65536 byte transfer.
[Tue May 19 09:37:41 2026] st 33:0:0:1: [st0] Failed to r
ead 16515072 byte block with 65536 byte transfer.
[Tue May 19 09:38:20 2026] st 33:0:0:5: [st4] Failed to r
ead 16515072 byte block with 65536 byte transfer.
[Tue May 19 09:38:21 2026] st 33:0:0:5: [st4] Failed to r
ead 16515072 byte block with 65536 byte transfer.
[Tue May 19 10:18:42 2026] st 33:0:0:3: [st2] Failed to r
ead 16515072 byte block with 65536 byte transfer.
[Tue May 19 10:18:43 2026] st 33:0:0:3: [st2] Failed to r
ead 16515072 byte block with 65536 byte transfer.
[Tue May 19 12:13:02 2026] st 33:0:0:2: [st1] Failed to r
ead 16515072 byte block with 65536 byte transfer.
[Tue May 19 12:15:35 2026] st 33:0:0:2: [st1] Failed to r
ead 16515072 byte block with 65536 byte transfer.
[Tue May 19 12:32:21 2026] st 33:0:0:3: [st2] Failed to r
ead 16515072 byte block with 65536 byte transfer.
[Tue May 19 12:41:07 2026] st 33:0:0:5: [st4] Failed to r
ead 16515072 byte block with 65536 byte transfer.
[Tue May 19 13:27:24 2026] st 33:0:0:6: [st5] Failed to r
ead 262144 byte block with 65536 byte transfer.
[Tue May 19 13:54:41 2026] st 33:0:0:1: [st0] Failed to r
ead 16515072 byte block with 65536 byte transfer.
[Tue Jun  2 15:27:35 2026] st 33:0:0:1: [st0] Failed to r
ead 16515072 byte block with 65536 byte transfer.
[Mon Jun  8 14:53:44 2026] st 33:0:0:1: [st0] Failed to r
ead 16515072 byte block with 65536 byte transfer.
[Thu Jun 11 11:11:07 2026] st 33:0:0:5: [st4] Failed to r
ead 16515072 byte block with 65536 byte transfer.
[Thu Jun 11 11:21:53 2026] st 33:0:0:5: [st4] Failed to r
ead 16515072 byte block with 65536 byte transfer.
[Thu Jun 11 11:34:10 2026] st 33:0:0:6: [st5] Failed to r
ead 16515072 byte block with 65536 byte transfer.
[Thu Jun 11 13:58:30 2026] st 33:0:0:6: [st5] Failed to r
ead 16515072 byte block with 65536 byte transfer.
[Thu Jun 11 14:59:52 2026]  connection1:0: ping timeout o
f 5 secs expired, recv timeout 5, last rx 7250050864, las
t ping 7250055872, now 7250060880
[Thu Jun 11 14:59:52 2026]  connection1:0: detected conn
error (1022)
[Thu Jun 11 14:59:52 2026] st 33:0:0:6: [sg10] FAILED Res
ult: hostbyte=DID_TRANSPORT_DISRUPTED driverbyte=DRIVER_O
K cmd_age=5s
[Thu Jun 11 14:59:52 2026] st 33:0:0:6: [sg10] CDB: Send
Diagnostic 1d 00 00 00 00 00
[Thu Jun 11 15:01:52 2026]  session1: session recovery ti
med out after 120 secs
[Thu Jun 11 15:01:52 2026] st 33:0:0:5: rejecting I/O to
offline device
[Thu Jun 11 15:42:08 2026]  connection1:0: ping timeout o
f 5 secs expired, recv timeout 5, last rx 7252587040, las
t ping 7252592048, now 7252597056
[Thu Jun 11 15:42:08 2026]  connection1:0: detected conn
error (1022)
[Thu Jun 11 15:44:08 2026]  session1: session recovery ti
med out after 120 secs
[Thu Jun 11 17:50:18 2026]  connection1:0: detected conn
error (1020)
[Mon Jun 15 03:45:55 2026] hrtimer: interrupt took 371407
 ns
[Mon Jun 29 11:48:40 2026]  connection1:0: detected conn
error (1020)
[Mon Jun 29 11:50:40 2026]  session1: session recovery ti
med out after 120 secs
[Mon Jun 29 11:50:40 2026] st 33:0:0:6: rejecting I/O to
offline device
[Wed Jul  8 12:12:50 2026]  connection1:0: ping timeout o
f 5 secs expired, recv timeout 5, last rx 9572848896, las
t ping 9572853904, now 9572858912
[Wed Jul  8 12:12:50 2026]  connection1:0: detected conn
error (1022)
[Fri Jul 10 15:24:35 2026] st 33:0:0:6: Power-on or devic
e reset occurred
[Fri Jul 10 15:24:35 2026] st 33:0:0:5: Power-on or devic
e reset occurred
[Fri Jul 10 15:24:35 2026] st 33:0:0:4: Power-on or devic
e reset occurred
[Fri Jul 10 15:24:35 2026] st 33:0:0:3: Power-on or devic
e reset occurred
[Fri Jul 10 15:24:35 2026] st 33:0:0:2: Power-on or devic
e reset occurred
[Fri Jul 10 15:24:35 2026] st 33:0:0:1: Power-on or devic
e reset occurred
[Mon Jul 27 13:52:35 2026]  connection1:0: ping timeout o
f 5 secs expired, recv timeout 5, last rx 11220429934, la
st ping 11220452702, now 11220458909
[Mon Jul 27 13:52:35 2026]  connection1:0: detected conn
error (1022)
crash> !dmesg -T | grep -iE "BUG|RIP|Call Trace|dm_softir
q|Unable to handle|Oops|general protection" | tail -40
[Fri May  8 10:03:45 2026] ACPI: [Firmware Bug]: BIOS _OS
I(Linux) query ignored
[Fri May  8 10:03:45 2026] PCI: Using host bridge windows
 from ACPI; if necessary, use "pci=nocrs" and report a bu
g
[Fri May  8 10:03:48 2026] SGI XFS with ACLs, security at
tributes, no debug enabled
[Fri May  8 10:03:54 2026] Disabling lock debugging due t
o kernel taint
crash> !dmesg -T | tail -20
[Thu Jun 11 15:01:52 2026]  session1: session recovery ti
med out after 120 secs
[Thu Jun 11 15:01:52 2026] st 33:0:0:5: rejecting I/O to
offline device
[Thu Jun 11 15:42:08 2026]  connection1:0: ping timeout o
f 5 secs expired, recv timeout 5, last rx 7252587040, las
t ping 7252592048, now 7252597056
[Thu Jun 11 15:42:08 2026]  connection1:0: detected conn
error (1022)
[Thu Jun 11 15:44:08 2026]  session1: session recovery ti
med out after 120 secs
[Thu Jun 11 17:50:18 2026]  connection1:0: detected conn
error (1020)
[Mon Jun 15 03:45:55 2026] hrtimer: interrupt took 371407
 ns
[Mon Jun 29 11:48:40 2026]  connection1:0: detected conn
error (1020)
[Mon Jun 29 11:50:40 2026]  session1: session recovery ti
med out after 120 secs
[Mon Jun 29 11:50:40 2026] st 33:0:0:6: rejecting I/O to
offline device
[Wed Jul  8 12:12:50 2026]  connection1:0: ping timeout o
f 5 secs expired, recv timeout 5, last rx 9572848896, las
t ping 9572853904, now 9572858912
[Wed Jul  8 12:12:50 2026]  connection1:0: detected conn
error (1022)
[Fri Jul 10 15:24:35 2026] st 33:0:0:6: Power-on or devic
e reset occurred
[Fri Jul 10 15:24:35 2026] st 33:0:0:5: Power-on or devic
e reset occurred
[Fri Jul 10 15:24:35 2026] st 33:0:0:4: Power-on or devic
e reset occurred
[Fri Jul 10 15:24:35 2026] st 33:0:0:3: Power-on or devic
e reset occurred
[Fri Jul 10 15:24:35 2026] st 33:0:0:2: Power-on or devic
e reset occurred
[Fri Jul 10 15:24:35 2026] st 33:0:0:1: Power-on or devic
e reset occurred
[Mon Jul 27 13:52:35 2026]  connection1:0: ping timeout o
f 5 secs expired, recv timeout 5, last rx 11220429934, la
st ping 11220452702, now 11220458909
[Mon Jul 27 13:52:35 2026]  connection1:0: detected conn
error (1022)
crash> redirect -o /tmp/crash_log.txt
crash: command not found: redirect
crash> log
[69346851.266295] ata10: EH complete
[69346851.279406] scsi 11070:0:0:1: Direct-Access     ACT
IFIO  ActifioSky       1000 PQ: 0 ANSI: 6
[69346851.302370] sd 11070:0:0:1: Attached scsi generic s
g1 type 0
[69346851.302740] sd 11070:0:0:1: [sdb] 2147491840 512-by
te logical blocks: (1.09 TB/1.00 TiB)
[69346851.302743] sd 11070:0:0:1: [sdb] 4096-byte physica
l blocks
[69346851.303362] scsi 11070:0:0:2: Direct-Access     ACT
IFIO  ActifioSky       1000 PQ: 0 ANSI: 6
[69346851.303864] sd 11070:0:0:1: [sdb] Write Protect is
off
[69346851.303867] sd 11070:0:0:1: [sdb] Mode Sense: 83 00
 10 08
[69346851.304113] sd 11070:0:0:1: [sdb] Write cache: enab
led, read cache: enabled, supports DPO and FUA
[69346851.304483] sd 11070:0:0:1: [sdb] Optimal transfer
size 65536 bytes
[69346851.310894] sd 11070:0:0:1: [sdb] Attached SCSI dis
k
[69346851.333278] sd 11070:0:0:2: Attached scsi generic s
g2 type 0
[69346851.333625] sd 11070:0:0:2: [sdc] 2147491840 512-by
te logical blocks: (1.09 TB/1.00 TiB)
[69346851.333627] sd 11070:0:0:2: [sdc] 4096-byte physica
l blocks
[69346851.334457] scsi 11070:0:0:3: Direct-Access     ACT
IFIO  ActifioSky       1000 PQ: 0 ANSI: 6
[69346851.334634] sd 11070:0:0:2: [sdc] Write Protect is
off
[69346851.334636] sd 11070:0:0:2: [sdc] Mode Sense: 83 00
 10 08
[69346851.334835] sd 11070:0:0:2: [sdc] Write cache: enab
led, read cache: enabled, supports DPO and FUA
[69346851.335190] sd 11070:0:0:2: [sdc] Optimal transfer
size 65536 bytes
[69346851.341379] sd 11070:0:0:2: [sdc] Attached SCSI dis
k
[69346851.357213] sd 11070:0:0:3: Attached scsi generic s
g3 type 0
[69346851.357539] sd 11070:0:0:3: [sdd] 2147491840 512-by
te logical blocks: (1.09 TB/1.00 TiB)
[69346851.357542] sd 11070:0:0:3: [sdd] 4096-byte physica
...skipping...
[69346851.266295] ata10: EH complete
[69346851.279406] scsi 11070:0:0:1: Direct-Access     ACT
IFIO  ActifioSky       1000 PQ: 0 ANSI: 6
[69346851.302370] sd 11070:0:0:1: Attached scsi generic s
g1 type 0
[69346851.302740] sd 11070:0:0:1: [sdb] 2147491840 512-by
te logical blocks: (1.09 TB/1.00 TiB)
[69346851.302743] sd 11070:0:0:1: [sdb] 4096-byte physica
l blocks
[69346851.303362] scsi 11070:0:0:2: Direct-Access     ACT
IFIO  ActifioSky       1000 PQ: 0 ANSI: 6
[69346851.303864] sd 11070:0:0:1: [sdb] Write Protect is
off
[69346851.303867] sd 11070:0:0:1: [sdb] Mode Sense: 83 00
 10 08
[69346851.304113] sd 11070:0:0:1: [sdb] Write cache: enab
led, read cache: enabled, supports DPO and FUA
[69346851.304483] sd 11070:0:0:1: [sdb] Optimal transfer
size 65536 bytes
[69346851.310894] sd 11070:0:0:1: [sdb] Attached SCSI dis
k
[69346851.333278] sd 11070:0:0:2: Attached scsi generic s
g2 type 0
[69346851.333625] sd 11070:0:0:2: [sdc] 2147491840 512-by
te logical blocks: (1.09 TB/1.00 TiB)
[69346851.333627] sd 11070:0:0:2: [sdc] 4096-byte physica
l blocks
[69346851.334457] scsi 11070:0:0:3: Direct-Access     ACT
IFIO  ActifioSky       1000 PQ: 0 ANSI: 6
[69346851.334634] sd 11070:0:0:2: [sdc] Write Protect is
off
[69346851.334636] sd 11070:0:0:2: [sdc] Mode Sense: 83 00
 10 08
[69346851.334835] sd 11070:0:0:2: [sdc] Write cache: enab
led, read cache: enabled, supports DPO and FUA
[69346851.335190] sd 11070:0:0:2: [sdc] Optimal transfer
size 65536 bytes
[69346851.341379] sd 11070:0:0:2: [sdc] Attached SCSI dis
k
[69346851.357213] sd 11070:0:0:3: Attached scsi generic s
g3 type 0
[69346851.357539] sd 11070:0:0:3: [sdd] 2147491840 512-by
te logical blocks: (1.09 TB/1.00 TiB)
[69346851.357542] sd 11070:0:0:3: [sdd] 4096-byte physica
l blocks
[69346851.358281] scsi 11070:0:0:4: Direct-Access     ACT
IFIO  ActifioSky       1000 PQ: 0 ANSI: 6
[69346851.358690] sd 11070:0:0:3: [sdd] Write Protect is
off
[69346851.358693] sd 11070:0:0:3: [sdd] Mode Sense: 83 00
 10 08
[69346851.358963] sd 11070:0:0:3: [sdd] Write cache: enab
led, read cache: enabled, supports DPO and FUA
[69346851.359430] sd 11070:0:0:3: [sdd] Optimal transfer
size 65536 bytes
[69346851.365896] sd 11070:0:0:3: [sdd] Attached SCSI dis
k
[69346851.387160] sd 11070:0:0:4: Attached scsi generic s
g4 type 0
[69346851.387437] sd 11070:0:0:4: [sde] 2147491840 512-by
te logical blocks: (1.09 TB/1.00 TiB)
[69346851.387439] sd 11070:0:0:4: [sde] 4096-byte physica
l blocks
[69346851.388293] scsi 11070:0:0:5: Direct-Access     ACT
IFIO  ActifioSky       1000 PQ: 0 ANSI: 6
[69346851.388646] sd 11070:0:0:4: [sde] Write Protect is
off
[69346851.388649] sd 11070:0:0:4: [sde] Mode Sense: 83 00
...skipping...
te logical blocks: (1.09 TB/1.00 TiB)
[69346851.333627] sd 11070:0:0:2: [sdc] 4096-byte physica
l blocks
[69346851.334457] scsi 11070:0:0:3: Direct-Access     ACT
IFIO  ActifioSky       1000 PQ: 0 ANSI: 6
[69346851.334634] sd 11070:0:0:2: [sdc] Write Protect is
off
[69346851.334636] sd 11070:0:0:2: [sdc] Mode Sense: 83 00
 10 08
[69346851.334835] sd 11070:0:0:2: [sdc] Write cache: enab
led, read cache: enabled, supports DPO and FUA
[69346851.335190] sd 11070:0:0:2: [sdc] Optimal transfer
size 65536 bytes
[69346851.341379] sd 11070:0:0:2: [sdc] Attached SCSI dis
k
[69346851.357213] sd 11070:0:0:3: Attached scsi generic s
g3 type 0
[69346851.357539] sd 11070:0:0:3: [sdd] 2147491840 512-by
te logical blocks: (1.09 TB/1.00 TiB)
[69346851.357542] sd 11070:0:0:3: [sdd] 4096-byte physica
l blocks
[69346851.358281] scsi 11070:0:0:4: Direct-Access     ACT
IFIO  ActifioSky       1000 PQ: 0 ANSI: 6
[69346851.358690] sd 11070:0:0:3: [sdd] Write Protect is
off
[69346851.358693] sd 11070:0:0:3: [sdd] Mode Sense: 83 00
 10 08
[69346851.358963] sd 11070:0:0:3: [sdd] Write cache: enab
led, read cache: enabled, supports DPO and FUA
[69346851.359430] sd 11070:0:0:3: [sdd] Optimal transfer
size 65536 bytes
[69346851.365896] sd 11070:0:0:3: [sdd] Attached SCSI dis
k
[69346851.387160] sd 11070:0:0:4: Attached scsi generic s
g4 type 0
[69346851.387437] sd 11070:0:0:4: [sde] 2147491840 512-by
te logical blocks: (1.09 TB/1.00 TiB)
[69346851.387439] sd 11070:0:0:4: [sde] 4096-byte physica
l blocks
[69346851.388293] scsi 11070:0:0:5: Direct-Access     ACT
IFIO  ActifioSky       1000 PQ: 0 ANSI: 6
[69346851.388646] sd 11070:0:0:4: [sde] Write Protect is
off
[69346851.388649] sd 11070:0:0:4: [sde] Mode Sense: 83 00
 10 08
[69346851.333627] sd 11070:0:0:2: [sdc] 4096-byte physica
l blocks
[69346851.334457] scsi 11070:0:0:3: Direct-Access     ACT
IFIO  ActifioSky       1000 PQ: 0 ANSI: 6
[69346851.334634] sd 11070:0:0:2: [sdc] Write Protect is
off
[69346851.334636] sd 11070:0:0:2: [sdc] Mode Sense: 83 00
 10 08
[69346851.334835] sd 11070:0:0:2: [sdc] Write cache: enab
led, read cache: enabled, supports DPO and FUA
[69346851.335190] sd 11070:0:0:2: [sdc] Optimal transfer
size 65536 bytes
[69346851.341379] sd 11070:0:0:2: [sdc] Attached SCSI dis
k
[69346851.357213] sd 11070:0:0:3: Attached scsi generic s
g3 type 0
[69346851.357539] sd 11070:0:0:3: [sdd] 2147491840 512-by
te logical blocks: (1.09 TB/1.00 TiB)
[69346851.357542] sd 11070:0:0:3: [sdd] 4096-byte physica
l blocks
[69346851.358281] scsi 11070:0:0:4: Direct-Access     ACT
IFIO  ActifioSky       1000 PQ: 0 ANSI: 6
[69346851.358690] sd 11070:0:0:3: [sdd] Write Protect is
off
[69346851.358693] sd 11070:0:0:3: [sdd] Mode Sense: 83 00
 10 08
[69346851.358963] sd 11070:0:0:3: [sdd] Write cache: enab
led, read cache: enabled, supports DPO and FUA
[69346851.359430] sd 11070:0:0:3: [sdd] Optimal transfer
size 65536 bytes
[69346851.365896] sd 11070:0:0:3: [sdd] Attached SCSI dis
k
[69346851.387160] sd 11070:0:0:4: Attached scsi generic s
g4 type 0
[69346851.387437] sd 11070:0:0:4: [sde] 2147491840 512-by
te logical blocks: (1.09 TB/1.00 TiB)
[69346851.387439] sd 11070:0:0:4: [sde] 4096-byte physica
l blocks
[69346851.388293] scsi 11070:0:0:5: Direct-Access     ACT
IFIO  ActifioSky       1000 PQ: 0 ANSI: 6
[69346851.388646] sd 11070:0:0:4: [sde] Write Protect is
off
[69346851.388649] sd 11070:0:0:4: [sde] Mode Sense: 83 00
 10 08
crash>
crash> crash /usr/lib/debug/usr/lib/modules/3.10.0-1160.8
3.1.el7.x86_64/vmlinux /nbudata/vmcore/vmcore
crash: command not found: crash
crash> bt
PID: 0      TASK: ffff9f80a4830000  CPU: 137  COMMAND: "s
wapper/137"
 #0 [ffffa0797e643b40] machine_kexec at ffffffff83269514
 #1 [ffffa0797e643ba0] __crash_kexec at ffffffff83329d72
 #2 [ffffa0797e643c70] crash_kexec at ffffffff83329e68
 #3 [ffffa0797e643c88] oops_end at ffffffff839bc818
 #4 [ffffa0797e643cb0] no_context at ffffffff8327974c
 #5 [ffffa0797e643d00] __bad_area_nosemaphore at ffffffff
83279a2a
 #6 [ffffa0797e643d50] bad_area_nosemaphore at ffffffff83
279b54
 #7 [ffffa0797e643d60] __do_page_fault at ffffffff839bf8d
0
 #8 [ffffa0797e643dd0] do_page_fault at ffffffff839bfb05
 #9 [ffffa0797e643e00] page_fault at ffffffff839bb7b8
    [exception RIP: dm_softirq_done+97]
    RIP: ffffffffc02a48f1  RSP: ffffa0797e643eb0  RFLAGS:
 00010282
    RAX: 0000000000000001  RBX: 0000000000000000  RCX: de
ad000000000200
    RDX: ffffa0797e643ee8  RSI: ffffa0797e658480  RDI: ff
ffbd16abacc040
    RBP: ffffa0797e643ed8   R8: ffff9ff42a3f1940   R9: 00
00000000000001
    R10: 0000000000000035  R11: ffffe8d5b248cb00  R12: ff
ff9ff862cf9600
    R13: ffff9ff42a3f1a40  R14: ffff9f80a482c000  R15: 00
00000000000001
    ORIG_RAX: ffffffffffffffff  CS: 0010  SS: 0018
#10 [ffffa0797e643ee0] blk_done_softirq at ffffffff835723
86
#11 [ffffa0797e643f20] __do_softirq at ffffffff832a9585
#12 [ffffa0797e643f90] call_softirq at ffffffff839c8aac
#13 [ffffa0797e643fa8] do_softirq at ffffffff83230825
#14 [ffffa0797e643fc8] irq_exit at ffffffff832a9935
#15 [ffffa0797e643fe0] smp_call_function_single_interrupt
 at ffffffff8325c4e9
#16 [ffffa0797e643ff0] call_function_single_interrupt at
ffffffff839c7772
--- <IRQ stack> ---
#17 [ffff9f80a482fdf8] call_function_single_interrupt at
ffffffff839c7772
    [exception RIP: native_safe_halt+11]
    RIP: ffffffff839b9e1b  RSP: ffff9f80a482fea8  RFLAGS:
crash>
crash> struct dm_rq_target_io ffff9ff42a3f1a40
struct: invalid data structure reference: dm_rq_target_io
crash> struct -o dm_rq_target_io
struct: invalid data structure reference: dm_rq_target_io
crash> whatis dm_rq_target_io
whatis: cannot resolve: dm_rq_target_io
Usage:
  whatis [[-o] [struct | union | typedef | symbol]] |
         [[-r [size|range]] [-m member]]
Enter "help whatis" for details.
crash> mod -s dm_mod
     MODULE       NAME                             SIZE
OBJECT FILE
ffffffffc02ab860  dm_mod                         128595
/usr/lib/debug/usr/lib/modules/3.10.0-1160.83.1.el7.x86_6
4/kernel/drivers/md/dm-mod.ko.debug
crash> whatis dm_rq_target_io
struct dm_rq_target_io {
    struct mapped_device *md;
    struct dm_target *ti;
    struct request *orig;
    struct request *clone;
    struct kthread_work work;
    int error;
    union map_info info;
    struct dm_stats_aux stats_aux;
    unsigned long duration_jiffies;
    unsigned int n_sectors;
    unsigned int completed;
}
SIZE: 136
crash> struct dm_rq_target_io ffff9ff42a3f1a40
struct dm_rq_target_io {
  md = 0xffff9ff81b1b7000,
  ti = 0xffffbd16abacc040,
  orig = 0xffff9ff42a3f18c0,
  clone = 0xffff9ff862cf9600,
  work = {
    node = {
      next = 0x0,
      prev = 0x0
    },
    func = 0x0,
    done = {
      lock = {
        {
          rlock = {
            raw_lock = {
              val = {
                counter = 0
              }
            }
          }
        }
      },
      task_list = {
        next = 0x0,
        prev = 0x0
      }
    },
    worker = 0x0
  },
  error = 0,
  info = {
    ptr = 0xffff9ff42a3f1ac8
  },
  stats_aux = {
    merged = false,
    duration_ns = 0
  },
  duration_jiffies = 0,
  n_sectors = 0,
  completed = 524288
}
crash> struct request ffff9ff862cf9600
struct request {
  queuelist = {
    next = 0xffff9ff862cf9600,
    prev = 0xffff9ff862cf9600
  },
  {
    csd = {
      {
        llist = {
          next = 0x0
        },
        __UNIQUE_ID_rh_kabi_hide6 = {
          list = {
            next = 0x0,
            prev = 0x0
          }
        },
        {<No data fields>}
      },
      func = 0xffffffff83573170,
      info = 0xffff9ff862cf9600,
      flags = 0
    },
    {
      fifo_time = 0,
      __UNIQUE_ID_rh_kabi_hide40 = {
        mq_flush_work = {
          data = {
            counter = 0
          },
          entry = {
            next = 0x0,
            prev = 0xffffffff83573170
          },
          func = 0xffff9ff862cf9600
        }
      },
      {<No data fields>}
    }
  },
  q = 0xffff9fed57ab09c0,
  mq_ctx = 0xffffdd15ff06c300,
  cmd_flags = 17448960004,
  cmd_type = REQ_TYPE_FS,
  atomic_flags = 3,
  cpu = -1,
  __data_len = 0,
  __sector = 388402176,
  bio = 0x0,
  biotail = 0xffff9fe9d232c210,
  {
    hash = {
      next = 0x0,
      pprev = 0x0
    },
    ipi_list = {
      next = 0x0,
      prev = 0x0
    }
  },
  {
    rb_node = {
      __rb_parent_color = 18446638487891318416,
      rb_right = 0x0,
      rb_left = 0x0
    },
    completion_data = 0xffff9ff862cf9690
  },
  {
    elv = {
      icq = 0x0,
      priv = {0x0, 0x0}
    },
    flush = {
      seq = 0,
      list = {
        next = 0x0,
        prev = 0x0
      },
      saved_end_io = 0x0
    }
  },
  rq_disk = 0xffff9fe872286c00,
  part = 0xffff9fe872286c48,
  start_time = 73928377583,
  rl = 0x0,
  start_time_ns = 69474411890772762,
  io_start_time_ns = 0,
  nr_phys_segments = 128,
  nr_integrity_segments = 0,
  ioprio = 0,
  special = 0x0,
  buffer = 0xffff9f90038f8000 struct: page excluded: kern
el virtual address: ffff9f90038f8000  type: "gdb_readmem_
callback"
struct: page excluded: kernel virtual address: ffff9f9003
8f8000  type: "gdb_readmem_callback"
<Address 0xffff9f90038f8000 out of bounds>,
  tag = 21,
  errors = 0,
  __cmd = "\000\000\000\000\000\000\000\000\000\000\000\0
00\000\000\000",
  cmd = 0xffff9ff42a3f19d8 "",
  cmd_len = 0,
  extra_len = 0,
  sense_len = 0,
  resid_len = 524288,
  sense = 0x0,
  deadline = 73928407583,
  timeout_list = {
    next = 0xffff9ff862cf9750,
    prev = 0xffff9ff862cf9750
  },
  timeout = 30000,
  retries = 0,
  end_io = 0xffffffffc02a3b00 <end_clone_request>,
  end_io_data = 0xffff9ff42a3f1a40,
  next_rq = 0x0
}
crash>
crash> struct request ffff9ff42a3f18c0
struct request {
  queuelist = {
    next = 0xffff9ff42a3f18c0,
    prev = 0xffff9ff42a3f18c0
  },
  {
    csd = {
      {
        llist = {
          next = 0x0
        },
        __UNIQUE_ID_rh_kabi_hide6 = {
          list = {
            next = 0x0,
            prev = 0x0
          }
        },
        {<No data fields>}
      },
      func = 0xffffffff83572450,
      info = 0xffff9ff42a3f18c0,
      flags = 0
    },
    {
      fifo_time = 0,
      __UNIQUE_ID_rh_kabi_hide40 = {
        mq_flush_work = {
          data = {
            counter = 0
          },
          entry = {
            next = 0x0,
            prev = 0xffffffff83572450
          },
          func = 0xffff9ff42a3f18c0
        }
      },
      {<No data fields>}
    }
  },
  q = 0xffff9ff872c0a700,
  mq_ctx = 0xffffdd15ff059880,
  cmd_flags = 268435456,
  cmd_type = REQ_TYPE_FS,
  atomic_flags = 3,
  cpu = -1,
  __data_len = 0,
  __sector = 388402176,
  bio = 0x0,
  biotail = 0xffff9fe9d232da00,
  {
    hash = {
      next = 0xffff9ff42a3f1940,
      pprev = 0xffff9ff42a3f1940
    },
    ipi_list = {
      next = 0xffff9ff42a3f1940,
      prev = 0xffff9ff42a3f1940
    }
  },
  {
    rb_node = {
      __rb_parent_color = 18446638469762455888,
      rb_right = 0x0,
      rb_left = 0x0
    },
    completion_data = 0xffff9ff42a3f1950
  },
  {
    elv = {
      icq = 0x0,
      priv = {0x0, 0x0}
    },
    flush = {
      seq = 0,
      list = {
        next = 0x0,
        prev = 0x0
      },
      saved_end_io = 0x0
    }
  },
  rq_disk = 0xffff9ff99b7d2800,
  part = 0xffff9ff99b7d2848,
  start_time = 73928377583,
  rl = 0x0,
  start_time_ns = 69474411890753356,
  io_start_time_ns = 0,
  nr_phys_segments = 128,
  nr_integrity_segments = 0,
  ioprio = 0,
  special = 0x0,
  buffer = 0xffff9f90038f8000 struct: page excluded: kern
el virtual address: ffff9f90038f8000  type: "gdb_readmem_
callback"
struct: page excluded: kernel virtual address: ffff9f9003
8f8000  type: "gdb_readmem_callback"
<Address 0xffff9f90038f8000 out of bounds>,
  tag = 124,
  errors = 0,
  __cmd = "\000\000\000\000\000\000\000\000\000\000\000\0
00\000\000\000",
  cmd = 0xffff9ff42a3f19d8 "",
  cmd_len = 0,
  extra_len = 0,
  sense_len = 0,
  resid_len = 524288,
  sense = 0x0,
  deadline = 73928407583,
  timeout_list = {
    next = 0xffff9ff42a3f1a10,
    prev = 0xffff9ff42a3f1a10
crash>
crash> dev -d
MAJOR GENDISK            NAME       REQUEST_QUEUE      TO
TAL ASYNC  SYNC   DRV
  259 ffffa07964e1b000   nvme0n1    ffffa07964d30000
  0     0     0 N/A(MQ)
  259 ffffa0795f8d5000   nvme1n1    ffffa0796b9689c0
  0     0     0 N/A(MQ)
    9 ffffa07974468c00   md2        ffffa0795e5a0000
  0     0     0     0
    9 ffffa0796b8ab000   md1        ffffa0795e5f8000
  0     0     0     0
    9 ffffa07975e85400   md0        ffffa0795e638000
  0     0     0     0
  253 ffffa07975e82c00   dm-0       ffffa0795e6389c0
  0     0     0     0
  253 ffffa0795e254000   dm-1       ffffa0793b5f0000
  0     0     0     0
  253 ffffa0710caa8800   dm-2       ffff9ffb1dbb8000
  0     0     0     0
  253 ffffa0710caa9000   dm-3       ffff9ffb1dbb89c0
  0     0     0     0
  253 ffffa0710caa9800   dm-4       ffff9ffb1dbb9380
  0     0     0     0
  259 ffffa07974506800   nvme52n1   ffff9ff9c6a00000
  0 128239967 4166727329 N/A(MQ)
  259 ffff9ff861b36400   nvme53n1   ffff9ff873d74440
  0 118381101 4176586195 N/A(MQ)
  253 ffff9ff8672fc800   dm-30      ffff9ff872c0f500
  0     0     0 N/A(MQ)
  259 ffffa0796c96a000   nvme54n1   ffff9ff877eb89c0
  0 112909287 4182058009 N/A(MQ)
  253 ffff9ff85c360c00   dm-31      ffff9ff85d978000
  0     0     0 N/A(MQ)
  259 ffffa07969d2f000   nvme55n1   ffff9ff877eb9380
  0 114349502 4180617794 N/A(MQ)
  253 ffff9ff85c362800   dm-32      ffff9ff85d9789c0
  0     0     0 N/A(MQ)
  259 ffff9ff9c5aab400   nvme56n1   ffff9ff86f29a700
  1 127233616 4167733681 N/A(MQ)
  253 ffff9ff85c364400   dm-33      ffff9ff85d979380
  0     0     0 N/A(MQ)
  259 ffff9ff86002b000   nvme57n1   ffff9ff877eb9d40
  0 109660981 4185306315 N/A(MQ)
  253 ffff9ff85c366000   dm-34      ffff9ff85d979d40
  0     0     0 N/A(MQ)
crash>
crash> struct mapped_device ffff9ff81b1b7000
struct mapped_device {
  suspend_lock = {
    count = {
      counter = 1
    },
    wait_lock = {
      {
        rlock = {
          raw_lock = {
            val = {
              counter = 0
            }
          }
        }
      }
    },
    wait_list = {
      next = 0xffff9ff81b1b7008,
      prev = 0xffff9ff81b1b7008
    },
    owner = 0x0,
    {
      osq = {
        tail = {
          counter = 0
        }
      },
      __UNIQUE_ID_rh_kabi_hide2 = {
        spin_mlock = 0x0
      },
      {<No data fields>}
    }
  },
  map = 0xffff9f8c1029bc00,
  table_devices = {
    next = 0xffff9fdda4d0e740,
    prev = 0xffff9fdda4d0e7c0
  },
  table_devices_lock = {
    count = {
      counter = 1
    },
    wait_lock = {
      {
        rlock = {
          raw_lock = {
            val = {
              counter = 0
            }
          }
        }
      }
    },
    wait_list = {
      next = 0xffff9ff81b1b7048,
      prev = 0xffff9ff81b1b7048
    },
    owner = 0x0,
    {
      osq = {
        tail = {
          counter = 0
        }
      },
      __UNIQUE_ID_rh_kabi_hide2 = {
        spin_mlock = 0x0
      },
      {<No data fields>}
    }
  },
  flags = 64,
  queue = 0xffff9ff872c0a700,
  numa_node_id = -1,
  type = DM_TYPE_MQ_REQUEST_BASED,
  type_lock = {
    count = {
      counter = 1
    },
    wait_lock = {
      {
        rlock = {
          raw_lock = {
            val = {
              counter = 0
            }
          }
        }
      }
    },
    wait_list = {
      next = 0xffff9ff81b1b7088,
      prev = 0xffff9ff81b1b7088
    },
    owner = 0x0,
    {
      osq = {
        tail = {
          counter = 0
        }
      },
      __UNIQUE_ID_rh_kabi_hide2 = {
        spin_mlock = 0x0
      },
      {<No data fields>}
    }
  },
  holders = {
    counter = 280
  },
  open_count = {
    counter = 276
  },
  immutable_target = 0xffffbd16abbd2040,
  immutable_target_type = 0xffffffffc17f8040,
  disk = 0xffff9ff99b7d2800,
  dax_dev = 0xffff9ff9c99ca700,
  name = "253:19\000\000\000\000\000\000\000\000\000",
  interface_ptr = 0xffff9ff75e9fb600,
  pending = {{
      counter = 2
    }, {
      counter = 0
    }},
  wait = {
    lock = {
      {
        rlock = {
          raw_lock = {
            val = {
              counter = 0
            }
          }
        }
      }
    },
    task_list = {
      next = 0xffff9ff81b1b70f8,
      prev = 0xffff9ff81b1b70f8
    }
  },
  work = {
    data = {
      counter = 5952
    },
    entry = {
      next = 0xffff9ff81b1b7110,
      prev = 0xffff9ff81b1b7110
    },
    func = 0xffffffffc0296dc0 <dm_wq_work>
  },
  deferred_lock = {
    {
      rlock = {
        raw_lock = {
          val = {
            counter = 0
          }
        }
      }
    }
  },
  deferred = {
    head = 0x0,
    tail = 0x0
  },
  eventq = {
    lock = {
      {
        rlock = {
          raw_lock = {
            val = {
              counter = 0
            }
          }
        }
      }
crash>
crash> struct mapped_device ffff9ff81b1b7000 -x
struct mapped_device {
  suspend_lock = {
    count = {
      counter = 0x1
    },
    wait_lock = {
      {
        rlock = {
          raw_lock = {
            val = {
              counter = 0x0
            }
          }
        }
      }
    },
    wait_list = {
      next = 0xffff9ff81b1b7008,
      prev = 0xffff9ff81b1b7008
    },
    owner = 0x0,
    {
      osq = {
        tail = {
          counter = 0x0
        }
      },
      __UNIQUE_ID_rh_kabi_hide3 = {
        spin_mlock = 0x0
      },
      {<No data fields>}
    }
  },
  map = 0xffff9f8c1029bc00,
  table_devices = {
    next = 0xffff9fdda4d0e740,
    prev = 0xffff9fdda4d0e7c0
  },
  table_devices_lock = {
    count = {
      counter = 0x1
    },
    wait_lock = {
      {
crash>
crash> struct mapped_device ffff9ff81b1b7000 -o
struct mapped_device {
  [ffff9ff81b1b7000] struct mutex suspend_lock;
  [ffff9ff81b1b7028] void *map;
  [ffff9ff81b1b7030] struct list_head table_devices;
  [ffff9ff81b1b7040] struct mutex table_devices_lock;
  [ffff9ff81b1b7068] unsigned long flags;
  [ffff9ff81b1b7070] struct request_queue *queue;
  [ffff9ff81b1b7078] int numa_node_id;
  [ffff9ff81b1b707c] enum dm_queue_mode type;
  [ffff9ff81b1b7080] struct mutex type_lock;
  [ffff9ff81b1b70a8] atomic_t holders;
  [ffff9ff81b1b70ac] atomic_t open_count;
  [ffff9ff81b1b70b0] struct dm_target *immutable_target;
  [ffff9ff81b1b70b8] struct target_type *immutable_target
_type;
  [ffff9ff81b1b70c0] struct gendisk *disk;
  [ffff9ff81b1b70c8] struct dax_device *dax_dev;
  [ffff9ff81b1b70d0] char name[16];
  [ffff9ff81b1b70e0] void *interface_ptr;
  [ffff9ff81b1b70e8] atomic_t pending[2];
  [ffff9ff81b1b70f0] wait_queue_head_t wait;
  [ffff9ff81b1b7108] struct work_struct work;
  [ffff9ff81b1b7128] spinlock_t deferred_lock;
  [ffff9ff81b1b7130] struct bio_list deferred;
  [ffff9ff81b1b7140] wait_queue_head_t eventq;
  [ffff9ff81b1b7158] atomic_t event_nr;
  [ffff9ff81b1b715c] atomic_t uevent_seq;
  [ffff9ff81b1b7160] struct list_head uevent_list;
  [ffff9ff81b1b7170] spinlock_t uevent_lock;
  [ffff9ff81b1b7174] unsigned int internal_suspend_count;
  [ffff9ff81b1b7178] struct workqueue_struct *wq;
  [ffff9ff81b1b7180] mempool_t *io_pool;
  [ffff9ff81b1b7188] mempool_t *rq_pool;
  [ffff9ff81b1b7190] struct bio_set *bs;
  [ffff9ff81b1b7198] struct super_block *frozen_sb;
  [ffff9ff81b1b71a0] struct hd_geometry geometry;
  [ffff9ff81b1b71b0] struct block_device *bdev;
  [ffff9ff81b1b71b8] struct dm_kobject_holder kobj_holder
;
  [ffff9ff81b1b7218] struct bio flush_bio;
  [ffff9ff81b1b72a0] struct dm_stats stats;
  [ffff9ff81b1b72f0] struct kthread_worker kworker;
  [ffff9ff81b1b7318] struct task_struct *kworker_task;
  [ffff9ff81b1b7320] unsigned int seq_rq_merge_deadline_u
crash>
crash> rd ffff9ff81b1b70d0 16
ffff9ff81b1b70d0:  000039313a333532 0000000000000000   25
3:19..........
ffff9ff81b1b70e0:  ffff9ff75e9fb600 0000000000000002   ..
.^............
ffff9ff81b1b70f0:  0000000000000000 ffff9ff81b1b70f8   ..
.......p......
ffff9ff81b1b7100:  ffff9ff81b1b70f8 0000000000001740   .p
......@.......
ffff9ff81b1b7110:  ffff9ff81b1b7110 ffff9ff81b1b7110   .q
.......q......
ffff9ff81b1b7120:  ffffffffc0296dc0 0000000000000000   .m
).............
ffff9ff81b1b7130:  0000000000000000 0000000000000000   ..
..............
ffff9ff81b1b7140:  0000000000000000 ffff9ff8579bfc50   ..
......P..W....
crash> struct dm_table 0xffff9f8c1029bc00
struct dm_table {
  md = 0xffff9ff81b1b7000,
  type = DM_TYPE_MQ_REQUEST_BASED,
  depth = 1,
  counts = {1, 0, 0, 0, 0, 0, 0, 0, 0, 0, 0, 0, 0, 0, 0,
0},
  index = {0xffffbd16abbd2000, 0x0, 0x0, 0x0, 0x0, 0x0, 0
x0, 0x0, 0x0, 0x0, 0x0, 0x0, 0x0, 0x0, 0x0, 0x0},
  num_targets = 1,
  num_allocated = 8,
  highs = 0xffffbd16abbd2000,
  targets = 0xffffbd16abbd2040,
  immutable_target_type = 0xffffffffc17f8040,
  integrity_supported = false,
  singleton = true,
  all_blk_mq = true,
  mode = 3,
  devices = {
    next = 0xffff9fee3fb58fa0,
    prev = 0xffff9fee3fb58fc0
  },
  event_fn = 0xffffffffc0296ef0 <event_callback>,
  event_context = 0xffff9ff81b1b7000,
  mempools = 0x0,
  target_callbacks = {
    next = 0xffff9f8c1029bd20,
    prev = 0xffff9f8c1029bd20
  }
}
crash> struct dm_target 0xffffbd16abbd2040
struct dm_target {
  table = 0xffff9f8c1029bc00,
  type = 0xffffffffc17f8040,
  begin = 0,
  len = 3125609132,
  max_io_len = 0,
  num_flush_bios = 1,
  num_discard_bios = 1,
  num_write_same_bios = 1,
  per_io_data_size = 16,
  num_write_bios = 0x0,
  private = 0xffff9f8c1029a400,
  error = 0xffffffffc02a8a89 "Unknown error",
  flush_supported = false,
  discards_supported = false,
  split_discard_bios = false,
  discard_zeroes_data_unsupported = false
}
crash> mod -s dm_round_robin
     MODULE       NAME                             SIZE
OBJECT FILE
ffffffffc09240a0  dm_round_robin                  12819
/usr/lib/debug/usr/lib/modules/3.10.0-1160.83.1.el7.x86_6
4/kernel/drivers/md/dm-round-robin.ko.debug
crash> sym 0xffffffffc17f8040
ffffffffc17f8040 (d) multipath_target [dm_multipath]
crash> bt -a
PID: 0      TASK: ffffffff83e18480  CPU: 0   COMMAND: "sw
apper/0"
 #0 [ffffa0797c408e48] crash_nmi_callback at ffffffff8325
aff7
 #1 [ffffa0797c408e58] nmi_handle at ffffffff839bc9cc
 #2 [ffffa0797c408eb0] do_nmi at ffffffff839bcbed
 #3 [ffffa0797c408ef0] end_repeat_nmi at ffffffff839bbdf4
    [exception RIP: native_safe_halt+11]
    RIP: ffffffff839b9e1b  RSP: ffffffff83e03eb0  RFLAGS:
 000002c6
    RAX: ffffffff839b9bc0  RBX: ffffffff83f5e3a0  RCX: 01
00000000000000
    RDX: 0000000000000000  RSI: 0000000000000000  RDI: 00
00000000000046
    RBP: ffffffff83e03eb0   R8: 0000000000000000   R9: 00
00000000000001
    R10: 0000000000000000  R11: 7fffffffffffffff  R12: 00
00000000000000
    R13: ffffffff83e00000  R14: ffffffff83e00000  R15: ff
ffffff83e00000
    ORIG_RAX: ffffffffffffffff  CS: 0010  SS: 0018
--- <NMI exception stack> ---
 #4 [ffffffff83e03eb0] native_safe_halt at ffffffff839b9e
1b
 #5 [ffffffff83e03eb8] default_idle at ffffffff839b9bde
 #6 [ffffffff83e03ed8] arch_cpu_idle at ffffffff83239570
 #7 [ffffffff83e03ee8] cpu_startup_entry at ffffffff83308
0fa
 #8 [ffffffff83e03f30] rest_init at ffffffff839a03f7
 #9 [ffffffff83e03f40] start_kernel at ffffffff83f8c22b
#10 [ffffffff83e03f88] x86_64_start_reservations at fffff
fff83f8b748
#11 [ffffffff83e03f98] x86_64_start_kernel at ffffffff83f
8b8a2
#12 [ffffffff83e03ff0] start_cpu at ffffffff832000d5

PID: 0      TASK: ffff9f80a4c2c200  CPU: 1   COMMAND: "sw
apper/1"
 #0 [ffffa0797c448e48] crash_nmi_callback at ffffffff8325
aff7
 #1 [ffffa0797c448e58] nmi_handle at ffffffff839bc9cc
 #2 [ffffa0797c448eb0] do_nmi at ffffffff839bcbed
 #3 [ffffa0797c448ef0] end_repeat_nmi at ffffffff839bbdf4
    [exception RIP: native_safe_halt+11]

crash>
crash> q
[root@nbusvr103 kernel-rpm]# redirect -o /tmp/bt_all.txt
-bash: redirect: command not found
[root@nbusvr103 kernel-rpm]# bt -a
-bash: bt: command not found
[root@nbusvr103 kernel-rpm]# redirect -s
-bash: redirect: command not found
[root@nbusvr103 kernel-rpm]# rd ffffbd16abacc040 20
-bash: rd: command not found
[root@nbusvr103 kernel-rpm]# crash /usr/lib/debug/usr/lib
/modules/3.10.0-1160.83.1.el7.x86_64/vmlinux /nbudata/vmc
ore/vmcore

crash 7.2.3-11.el7_9.1
Copyright (C) 2002-2017  Red Hat, Inc.
Copyright (C) 2004, 2005, 2006, 2010  IBM Corporation
Copyright (C) 1999-2006  Hewlett-Packard Co
Copyright (C) 2005, 2006, 2011, 2012  Fujitsu Limited
Copyright (C) 2006, 2007  VA Linux Systems Japan K.K.
Copyright (C) 2005, 2011  NEC Corporation
Copyright (C) 1999, 2002, 2007  Silicon Graphics, Inc.
Copyright (C) 1999, 2000, 2001, 2002  Mission Critical Li
nux, Inc.
This program is free software, covered by the GNU General
 Public License,
and you are welcome to change it and/or distribute copies
 of it under
certain conditions.  Enter "help copying" to see the cond
itions.
This program has absolutely no warranty.  Enter "help war
ranty" for details.

GNU gdb (GDB) 7.6
Copyright (C) 2013 Free Software Foundation, Inc.
License GPLv3+: GNU GPL version 3 or later <http://gnu.or
g/licenses/gpl.html>
This is free software: you are free to change and redistr
ibute it.
There is NO WARRANTY, to the extent permitted by law.  Ty
pe "show copying"
and "show warranty" for details.
This GDB was configured as "x86_64-unknown-linux-gnu"...

WARNING: kernel relocated [34MB]: patching 87474 gdb mini
mal_symbol values

please wait... (patching 87474 gdb minimal_symbol values)

WARNING: kernel version inconsistency between vmlinux and
 dumpfile

      KERNEL: /usr/lib/debug/usr/lib/modules/3.10.0-1160.
83.1.el7.x86_64/vmlinux
    DUMPFILE: /nbudata/vmcore/vmcore  [PARTIAL DUMP]
        CPUS: 192
        DATE: Thu Jul 23 10:01:20 2026
      UPTIME: 805 days, 22:41:50
LOAD AVERAGE: 12.35, 11.25, 11.23
       TASKS: 5243
    NODENAME: shqddb2
     RELEASE: 3.10.0-1160.83.1.el7.x86_64
     VERSION: #1 SMP Mon Dec 19 10:44:06 UTC 2022
     MACHINE: x86_64  (2300 Mhz)
      MEMORY: 1023.7 GB
       PANIC: "BUG: unable to handle kernel paging reques
t at ffffbd16abacc048"
         PID: 0
     COMMAND: "swapper/137"
        TASK: ffff9f80a4830000  (1 of 192)  [THREAD_INFO:
 ffff9f80a482c000]
         CPU: 137
       STATE: TASK_RUNNING (PANIC)

crash> rd ffffbd16abacc040 20
rd: invalid kernel virtual address: ffffbd16abacc040  typ
e: "64-bit KVADDR"
crash> dis dm_softirq_done
0xffffffffc02a4890 <dm_softirq_done>:   nopl   0x0(%rax,%
rax,1) [FTRACE NOP]
0xffffffffc02a4895 <dm_softirq_done+5>: push   %rbp
0xffffffffc02a4896 <dm_softirq_done+6>: mov    %rsp,%rbp
0xffffffffc02a4899 <dm_softirq_done+9>: push   %r15
0xffffffffc02a489b <dm_softirq_done+11>:        push   %r
14
0xffffffffc02a489d <dm_softirq_done+13>:        push   %r
13
0xffffffffc02a489f <dm_softirq_done+15>:        push   %r
12
0xffffffffc02a48a1 <dm_softirq_done+17>:        push   %r
bx
0xffffffffc02a48a2 <dm_softirq_done+18>:        mov    0x
38(%rdi),%rax
0xffffffffc02a48a6 <dm_softirq_done+22>:        mov    %r
di,%rbx
0xffffffffc02a48a9 <dm_softirq_done+25>:        mov    0x
d0(%rax),%rax
0xffffffffc02a48b0 <dm_softirq_done+32>:        test   %r
ax,%rax
0xffffffffc02a48b3 <dm_softirq_done+35>:        je     0x
ffffffffc02a49c8 <dm_softirq_done+312>
0xffffffffc02a48b9 <dm_softirq_done+41>:        lea    0x
180(%rdi),%r13
0xffffffffc02a48c0 <dm_softirq_done+48>:        mov    0x
18(%r13),%r12
0xffffffffc02a48c4 <dm_softirq_done+52>:        test   %r
12,%r12
0xffffffffc02a48c7 <dm_softirq_done+55>:        je     0x
ffffffffc02a4960 <dm_softirq_done+208>
0xffffffffc02a48cd <dm_softirq_done+61>:        mov    0x
48(%rbx),%rax
0xffffffffc02a48d1 <dm_softirq_done+65>:        mov    0x
58(%r13),%ebx
0xffffffffc02a48d5 <dm_softirq_done+69>:        mov    0x
170(%r12),%r13
0xffffffffc02a48dd <dm_softirq_done+77>:        shr    $0
x16,%rax
0xffffffffc02a48e1 <dm_softirq_done+81>:        mov    0x
8(%r13),%rdi
0xffffffffc02a48e5 <dm_softirq_done+85>:        xor    $0
x1,%rax
0xffffffffc02a48e9 <dm_softirq_done+89>:        and    $0
crash>
crash> dis dm_softirq_done 50
0xffffffffc02a4890 <dm_softirq_done>:   nopl   0x0(%rax,%
rax,1) [FTRACE NOP]
0xffffffffc02a4895 <dm_softirq_done+5>: push   %rbp
0xffffffffc02a4896 <dm_softirq_done+6>: mov    %rsp,%rbp
0xffffffffc02a4899 <dm_softirq_done+9>: push   %r15
0xffffffffc02a489b <dm_softirq_done+11>:        push   %r
14
0xffffffffc02a489d <dm_softirq_done+13>:        push   %r
13
0xffffffffc02a489f <dm_softirq_done+15>:        push   %r
12
0xffffffffc02a48a1 <dm_softirq_done+17>:        push   %r
bx
0xffffffffc02a48a2 <dm_softirq_done+18>:        mov    0x
38(%rdi),%rax
0xffffffffc02a48a6 <dm_softirq_done+22>:        mov    %r
di,%rbx
0xffffffffc02a48a9 <dm_softirq_done+25>:        mov    0x
d0(%rax),%rax
0xffffffffc02a48b0 <dm_softirq_done+32>:        test   %r
ax,%rax
0xffffffffc02a48b3 <dm_softirq_done+35>:        je     0x
ffffffffc02a49c8 <dm_softirq_done+312>
0xffffffffc02a48b9 <dm_softirq_done+41>:        lea    0x
180(%rdi),%r13
0xffffffffc02a48c0 <dm_softirq_done+48>:        mov    0x
18(%r13),%r12
0xffffffffc02a48c4 <dm_softirq_done+52>:        test   %r
12,%r12
0xffffffffc02a48c7 <dm_softirq_done+55>:        je     0x
ffffffffc02a4960 <dm_softirq_done+208>
0xffffffffc02a48cd <dm_softirq_done+61>:        mov    0x
48(%rbx),%rax
0xffffffffc02a48d1 <dm_softirq_done+65>:        mov    0x
58(%r13),%ebx
0xffffffffc02a48d5 <dm_softirq_done+69>:        mov    0x
170(%r12),%r13
0xffffffffc02a48dd <dm_softirq_done+77>:        shr    $0
x16,%rax
0xffffffffc02a48e1 <dm_softirq_done+81>:        mov    0x
8(%r13),%rdi
0xffffffffc02a48e5 <dm_softirq_done+85>:        xor    $0
x1,%rax
0xffffffffc02a48e9 <dm_softirq_done+89>:        and    $0
crash>
crash> dis dm_softirq_done 0x2f0
0xffffffffc02a4890 <dm_softirq_done>:   nopl   0x0(%rax,%
rax,1) [FTRACE NOP]
0xffffffffc02a4895 <dm_softirq_done+5>: push   %rbp
0xffffffffc02a4896 <dm_softirq_done+6>: mov    %rsp,%rbp
0xffffffffc02a4899 <dm_softirq_done+9>: push   %r15
0xffffffffc02a489b <dm_softirq_done+11>:        push   %r
14
0xffffffffc02a489d <dm_softirq_done+13>:        push   %r
13
0xffffffffc02a489f <dm_softirq_done+15>:        push   %r
12
0xffffffffc02a48a1 <dm_softirq_done+17>:        push   %r
bx
0xffffffffc02a48a2 <dm_softirq_done+18>:        mov    0x
38(%rdi),%rax
0xffffffffc02a48a6 <dm_softirq_done+22>:        mov    %r
di,%rbx
0xffffffffc02a48a9 <dm_softirq_done+25>:        mov    0x
d0(%rax),%rax
0xffffffffc02a48b0 <dm_softirq_done+32>:        test   %r
ax,%rax
0xffffffffc02a48b3 <dm_softirq_done+35>:        je     0x
ffffffffc02a49c8 <dm_softirq_done+312>
0xffffffffc02a48b9 <dm_softirq_done+41>:        lea    0x
180(%rdi),%r13
0xffffffffc02a48c0 <dm_softirq_done+48>:        mov    0x
18(%r13),%r12
0xffffffffc02a48c4 <dm_softirq_done+52>:        test   %r
12,%r12
0xffffffffc02a48c7 <dm_softirq_done+55>:        je     0x
ffffffffc02a4960 <dm_softirq_done+208>
0xffffffffc02a48cd <dm_softirq_done+61>:        mov    0x
48(%rbx),%rax
0xffffffffc02a48d1 <dm_softirq_done+65>:        mov    0x
58(%r13),%ebx
0xffffffffc02a48d5 <dm_softirq_done+69>:        mov    0x
170(%r12),%r13
0xffffffffc02a48dd <dm_softirq_done+77>:        shr    $0
x16,%rax
0xffffffffc02a48e1 <dm_softirq_done+81>:        mov    0x
8(%r13),%rdi
0xffffffffc02a48e5 <dm_softirq_done+85>:        xor    $0
x1,%rax
0xffffffffc02a48e9 <dm_softirq_done+89>:        and    $0
...skipping...
0xffffffffc02a4890 <dm_softirq_done>:   nopl   0x0(%rax,%
rax,1) [FTRACE NOP]
0xffffffffc02a4895 <dm_softirq_done+5>: push   %rbp
0xffffffffc02a4896 <dm_softirq_done+6>: mov    %rsp,%rbp
0xffffffffc02a4899 <dm_softirq_done+9>: push   %r15
0xffffffffc02a489b <dm_softirq_done+11>:        push   %r
14
0xffffffffc02a489d <dm_softirq_done+13>:        push   %r
13
0xffffffffc02a489f <dm_softirq_done+15>:        push   %r
12
0xffffffffc02a48a1 <dm_softirq_done+17>:        push   %r
bx
0xffffffffc02a48a2 <dm_softirq_done+18>:        mov    0x
38(%rdi),%rax
0xffffffffc02a48a6 <dm_softirq_done+22>:        mov    %r
di,%rbx
0xffffffffc02a48a9 <dm_softirq_done+25>:        mov    0x
d0(%rax),%rax
0xffffffffc02a48b0 <dm_softirq_done+32>:        test   %r
ax,%rax
0xffffffffc02a48b3 <dm_softirq_done+35>:        je     0x
ffffffffc02a49c8 <dm_softirq_done+312>
0xffffffffc02a48b9 <dm_softirq_done+41>:        lea    0x
180(%rdi),%r13
0xffffffffc02a48c0 <dm_softirq_done+48>:        mov    0x
18(%r13),%r12
0xffffffffc02a48c4 <dm_softirq_done+52>:        test   %r
12,%r12
0xffffffffc02a48c7 <dm_softirq_done+55>:        je     0x
ffffffffc02a4960 <dm_softirq_done+208>
0xffffffffc02a48cd <dm_softirq_done+61>:        mov    0x
48(%rbx),%rax
0xffffffffc02a48d1 <dm_softirq_done+65>:        mov    0x
58(%r13),%ebx
0xffffffffc02a48d5 <dm_softirq_done+69>:        mov    0x
170(%r12),%r13
0xffffffffc02a48dd <dm_softirq_done+77>:        shr    $0
x16,%rax
0xffffffffc02a48e1 <dm_softirq_done+81>:        mov    0x
8(%r13),%rdi
0xffffffffc02a48e5 <dm_softirq_done+85>:        xor    $0
x1,%rax
0xffffffffc02a48e9 <dm_softirq_done+89>:        and    $0
Cannot write to "h /home/black/shqddb2/kernel-rpm/usr/lib
/debug/lib/modules/3.10.0-1160.83.1.el7.x86_64/vmlinux /t
0xffffffffc02a4890 <dm_softirq_done>:   nopl   0x0(%rax,%
rax,1) [FTRACE NOP]
0xffffffffc02a4895 <dm_softirq_done+5>: push   %rbp
0xffffffffc02a4896 <dm_softirq_done+6>: mov    %rsp,%rbp
0xffffffffc02a4899 <dm_softirq_done+9>: push   %r15
0xffffffffc02a489b <dm_softirq_done+11>:        push   %r
14
0xffffffffc02a489d <dm_softirq_done+13>:        push   %r
13
0xffffffffc02a489f <dm_softirq_done+15>:        push   %r
12
0xffffffffc02a48a1 <dm_softirq_done+17>:        push   %r
bx
0xffffffffc02a48a2 <dm_softirq_done+18>:        mov    0x
38(%rdi),%rax
0xffffffffc02a48a6 <dm_softirq_done+22>:        mov    %r
di,%rbx
0xffffffffc02a48a9 <dm_softirq_done+25>:        mov    0x
d0(%rax),%rax
0xffffffffc02a48b0 <dm_softirq_done+32>:        test   %r
ax,%rax
0xffffffffc02a48b3 <dm_softirq_done+35>:        je     0x
ffffffffc02a49c8 <dm_softirq_done+312>
0xffffffffc02a48b9 <dm_softirq_done+41>:        lea    0x
180(%rdi),%r13
0xffffffffc02a48c0 <dm_softirq_done+48>:        mov    0x
18(%r13),%r12
0xffffffffc02a48c4 <dm_softirq_done+52>:        test   %r
12,%r12
0xffffffffc02a48c7 <dm_softirq_done+55>:        je     0x
ffffffffc02a4960 <dm_softirq_done+208>
0xffffffffc02a48cd <dm_softirq_done+61>:        mov    0x
48(%rbx),%rax
0xffffffffc02a48d1 <dm_softirq_done+65>:        mov    0x
58(%r13),%ebx
0xffffffffc02a48d5 <dm_softirq_done+69>:        mov    0x
170(%r12),%r13
0xffffffffc02a48dd <dm_softirq_done+77>:        shr    $0
x16,%rax
0xffffffffc02a48e1 <dm_softirq_done+81>:        mov    0x
8(%r13),%rdi
0xffffffffc02a48e5 <dm_softirq_done+85>:        xor    $0
x1,%rax
0xffffffffc02a48e9 <dm_softirq_done+89>:        and    $0
x1,%eax
0xffffffffc02a48ec <dm_softirq_done+92>:        test   %r
di,%rdi
0xffffffffc02a48ef <dm_softirq_done+95>:        je     0x
ffffffffc02a48fd <dm_softirq_done+109>
0xffffffffc02a48f1 <dm_softirq_done+97>:        mov    0x
8(%rdi),%rdx
0xffffffffc02a48f5 <dm_softirq_done+101>:       test   %a
l,%al
0xffffffffc02a48f7 <dm_softirq_done+103>:       mov    0x
60(%rdx),%r8
0xffffffffc02a48fb <dm_softirq_done+107>:       jne    0x
ffffffffc02a4940 <dm_softirq_done+176>
0xffffffffc02a48fd <dm_softirq_done+109>:       cmp    $0
xffffff87,%ebx
0xffffffffc02a4900 <dm_softirq_done+112>:       je     0x
ffffffffc02a4aea <dm_softirq_done+602>
0xffffffffc02a4906 <dm_softirq_done+118>:       test   %e
bx,%ebx
0xffffffffc02a4908 <dm_softirq_done+120>:       jle    0x
ffffffffc02a49d8 <dm_softirq_done+328>
0xffffffffc02a490e <dm_softirq_done+126>:       cmp    $0
x1,%ebx
0xffffffffc02a4911 <dm_softirq_done+129>:       je     0x
0xffffffffc02a4890 <dm_softirq_done>:   nopl   0x0(%rax,%
0xffffffffc02a4890 <dm_softirq_done>:   nopl   0x0(%rax,%
rax,1) [FTRACE NOP]
0xffffffffc02a4895 <dm_softirq_done+5>: push   %rbp
0xffffffffc02a4896 <dm_softirq_done+6>: mov    %rsp,%rbp
0xffffffffc02a4899 <dm_softirq_done+9>: push   %r15
0xffffffffc02a489b <dm_softirq_done+11>:        push   %r
14
0xffffffffc02a489d <dm_softirq_done+13>:        push   %r
13
0xffffffffc02a489f <dm_softirq_done+15>:        push   %r
12
0xffffffffc02a48a1 <dm_softirq_done+17>:        push   %r
bx
0xffffffffc02a48a2 <dm_softirq_done+18>:        mov    0x
38(%rdi),%rax
0xffffffffc02a48a6 <dm_softirq_done+22>:        mov    %r
di,%rbx
0xffffffffc02a48a9 <dm_softirq_done+25>:        mov    0x
d0(%rax),%rax
0xffffffffc02a48b0 <dm_softirq_done+32>:        test   %r
ax,%rax
0xffffffffc02a48b3 <dm_softirq_done+35>:        je     0x
ffffffffc02a49c8 <dm_softirq_done+312>
0xffffffffc02a48b9 <dm_softirq_done+41>:        lea    0x
180(%rdi),%r13
0xffffffffc02a48c0 <dm_softirq_done+48>:        mov    0x
18(%r13),%r12
0xffffffffc02a48c4 <dm_softirq_done+52>:        test   %r
12,%r12
0xffffffffc02a48c7 <dm_softirq_done+55>:        je     0x
ffffffffc02a4960 <dm_softirq_done+208>
0xffffffffc02a48cd <dm_softirq_done+61>:        mov    0x
48(%rbx),%rax
0xffffffffc02a48d1 <dm_softirq_done+65>:        mov    0x
58(%r13),%ebx
0xffffffffc02a48d5 <dm_softirq_done+69>:        mov    0x
170(%r12),%r13
0xffffffffc02a48dd <dm_softirq_done+77>:        shr    $0
x16,%rax
0xffffffffc02a48e1 <dm_softirq_done+81>:        mov    0x
8(%r13),%rdi
0xffffffffc02a48e5 <dm_softirq_done+85>:        xor    $0
x1,%rax
0xffffffffc02a48e9 <dm_softirq_done+89>:        and    $0
x1,%eax
0xffffffffc02a48ec <dm_softirq_done+92>:        test   %r
di,%rdi
0xffffffffc02a48ef <dm_softirq_done+95>:        je     0x
ffffffffc02a48fd <dm_softirq_done+109>
0xffffffffc02a48f1 <dm_softirq_done+97>:        mov    0x
8(%rdi),%rdx
0xffffffffc02a48f5 <dm_softirq_done+101>:       test   %a
l,%al
0xffffffffc02a48f7 <dm_softirq_done+103>:       mov    0x
60(%rdx),%r8
0xffffffffc02a48fb <dm_softirq_done+107>:       jne    0x
ffffffffc02a4940 <dm_softirq_done+176>
0xffffffffc02a48fd <dm_softirq_done+109>:       cmp    $0
xffffff87,%ebx
0xffffffffc02a4900 <dm_softirq_done+112>:       je     0x
ffffffffc02a4aea <dm_softirq_done+602>
0xffffffffc02a4906 <dm_softirq_done+118>:       test   %e
bx,%ebx
0xffffffffc02a4908 <dm_softirq_done+120>:       jle    0x
ffffffffc02a49d8 <dm_softirq_done+328>
0xffffffffc02a490e <dm_softirq_done+126>:       cmp    $0
x1,%ebx
0xffffffffc02a4911 <dm_softirq_done+129>:       je     0x
ffffffffc02a492b <dm_softirq_done+155>
crash> uit
crash: command not found: uit
crash> crash /home/black/shqddb2/kernel-rpm/usr/lib/debug
/lib/modules/3.10.0-1160.83.1.el7.x86_64/vmlinux /tmp/vmc
ore-mnt/vmcore
crash: command not found: crash
crash> sym debug_pagealloc_enabled
symbol not found: debug_pagealloc_enabled
possible alternatives:
  (none found)
crash> p debug_pagealloc_enabled
No symbol "debug_pagealloc_enabled" in current context.
p: gdb request failed: p debug_pagealloc_enabled
crash> quit
[root@nbusvr103 kernel-rpm]# crash /home/black/shqddb2/ke
rnel-rpm/usr/lib/debug/lib/modules/3.10.0-1160.83.1.el7.x
86_64/vmlinux /tmp/vmcore-mnt/vmcore

crash 7.2.3-11.el7_9.1
Copyright (C) 2002-2017  Red Hat, Inc.
Copyright (C) 2004, 2005, 2006, 2010  IBM Corporation
Copyright (C) 1999-2006  Hewlett-Packard Co
Copyright (C) 2005, 2006, 2011, 2012  Fujitsu Limited
Copyright (C) 2006, 2007  VA Linux Systems Japan K.K.
Copyright (C) 2005, 2011  NEC Corporation
Copyright (C) 1999, 2002, 2007  Silicon Graphics, Inc.
Copyright (C) 1999, 2000, 2001, 2002  Mission Critical Li
nux, Inc.
This program is free software, covered by the GNU General
 Public License,
and you are welcome to change it and/or distribute copies
 of it under
certain conditions.  Enter "help copying" to see the cond
itions.
This program has absolutely no warranty.  Enter "help war
ranty" for details.

crash: /home/black/shqddb2/kernel-rpm/usr/lib/debug/lib/m
odules/3.10.0-1160.83.1.el7.x86_64/vmlinux: No such file
or directory

Usage:

  crash [OPTION]... NAMELIST MEMORY-IMAGE[@ADDRESS]	(
dumpfile form)
  crash [OPTION]... [NAMELIST]             		(
live system form)

Enter "crash -h" for details.
[root@nbusvr103 kernel-rpm]# p debug_pagealloc
-bash: p: command not found
[root@nbusvr103 kernel-rpm]# p DEBUG_PAGEALLOC
-bash: p: command not found
[root@nbusvr103 kernel-rpm]# help -m | grep -i debug
[root@nbusvr103 kernel-rpm]# quit
-bash: quit: command not found
[root@nbusvr103 kernel-rpm]#
