### mode=off run=1
metadata_backend=sqlite
first_full              4.6042s        21720 entries/s rss_kib=37428
  put: files=100000 dirs=51 links=0 logical=3200000 wire=3200000 resumed=0 skipped=0 metadata_index_entries=100051 metadata_scanned=100051 metadata_lookups=0 metadata_sql=0 metadata_prefetch_batches=0 metadata_prefetch_entries=0 metadata_cache_hits=0 metadata_found=0 metadata_inserts=100051 metadata_updates=0 checkpoint_hits=0 checkpoint_checks=100051
unchanged_scan          0.3108s       321714 entries/s rss_kib=21900
  put: files=0 dirs=0 links=0 logical=0 wire=0 resumed=0 skipped=100000 metadata_index_entries=100051 metadata_scanned=100051 metadata_lookups=100051 metadata_sql=851 metadata_prefetch_batches=800 metadata_prefetch_entries=100000 metadata_cache_hits=100000 metadata_found=100051 metadata_inserts=0 metadata_updates=0 checkpoint_hits=0 checkpoint_checks=100051
changed_scan            0.3036s       329372 entries/s rss_kib=21916
  put: files=1 dirs=1 links=0 logical=19 wire=19 resumed=0 skipped=100000 metadata_index_entries=100052 metadata_scanned=100052 metadata_lookups=100052 metadata_sql=851 metadata_prefetch_batches=800 metadata_prefetch_entries=100001 metadata_cache_hits=100001 metadata_found=100051 metadata_inserts=1 metadata_updates=1 checkpoint_hits=0 checkpoint_checks=100052
cache_bytes=11513856
### mode=off run=2
metadata_backend=sqlite
first_full              4.6955s        21297 entries/s rss_kib=37176
  put: files=100000 dirs=51 links=0 logical=3200000 wire=3200000 resumed=0 skipped=0 metadata_index_entries=100051 metadata_scanned=100051 metadata_lookups=0 metadata_sql=0 metadata_prefetch_batches=0 metadata_prefetch_entries=0 metadata_cache_hits=0 metadata_found=0 metadata_inserts=100051 metadata_updates=0 checkpoint_hits=0 checkpoint_checks=100051
unchanged_scan          0.3132s       319256 entries/s rss_kib=21732
  put: files=0 dirs=0 links=0 logical=0 wire=0 resumed=0 skipped=100000 metadata_index_entries=100051 metadata_scanned=100051 metadata_lookups=100051 metadata_sql=851 metadata_prefetch_batches=800 metadata_prefetch_entries=100000 metadata_cache_hits=100000 metadata_found=100051 metadata_inserts=0 metadata_updates=0 checkpoint_hits=0 checkpoint_checks=100051
changed_scan            0.3140s       318495 entries/s rss_kib=21960
  put: files=1 dirs=1 links=0 logical=19 wire=19 resumed=0 skipped=100000 metadata_index_entries=100052 metadata_scanned=100052 metadata_lookups=100052 metadata_sql=851 metadata_prefetch_batches=800 metadata_prefetch_entries=100001 metadata_cache_hits=100001 metadata_found=100051 metadata_inserts=1 metadata_updates=1 checkpoint_hits=0 checkpoint_checks=100052
cache_bytes=11513856
### mode=off run=3
metadata_backend=sqlite
first_full              4.6823s        21357 entries/s rss_kib=37420
  put: files=100000 dirs=51 links=0 logical=3200000 wire=3200000 resumed=0 skipped=0 metadata_index_entries=100051 metadata_scanned=100051 metadata_lookups=0 metadata_sql=0 metadata_prefetch_batches=0 metadata_prefetch_entries=0 metadata_cache_hits=0 metadata_found=0 metadata_inserts=100051 metadata_updates=0 checkpoint_hits=0 checkpoint_checks=100051
unchanged_scan          0.3374s       296379 entries/s rss_kib=21924
  put: files=0 dirs=0 links=0 logical=0 wire=0 resumed=0 skipped=100000 metadata_index_entries=100051 metadata_scanned=100051 metadata_lookups=100051 metadata_sql=851 metadata_prefetch_batches=800 metadata_prefetch_entries=100000 metadata_cache_hits=100000 metadata_found=100051 metadata_inserts=0 metadata_updates=0 checkpoint_hits=0 checkpoint_checks=100051
changed_scan            0.3099s       322686 entries/s rss_kib=21772
  put: files=1 dirs=1 links=0 logical=19 wire=19 resumed=0 skipped=100000 metadata_index_entries=100052 metadata_scanned=100052 metadata_lookups=100052 metadata_sql=851 metadata_prefetch_batches=800 metadata_prefetch_entries=100001 metadata_cache_hits=100001 metadata_found=100051 metadata_inserts=1 metadata_updates=1 checkpoint_hits=0 checkpoint_checks=100052
cache_bytes=11513856
### mode=json run=1
metadata_backend=sqlite
first_full              4.6049s        21716 entries/s rss_kib=37248
  {"timestamp":"2026-08-13T23:12:50.418Z","level":"info","component":"backupctl","event":"operation_complete","message":"backup operation completed","pid":143001,"tid":"143001:140627625990208"}
unchanged_scan          0.3160s       316441 entries/s rss_kib=21932
  {"timestamp":"2026-08-13T23:12:50.766Z","level":"info","component":"backupctl","event":"operation_complete","message":"backup operation completed","pid":143032,"tid":"143032:140018804742208"}
changed_scan            0.3112s       321345 entries/s rss_kib=21804
  {"timestamp":"2026-08-13T23:12:51.109Z","level":"info","component":"backupctl","event":"operation_complete","message":"backup operation completed","pid":143036,"tid":"143036:140576443508800"}
cache_bytes=11513856
### mode=json run=2
metadata_backend=sqlite
first_full              4.5256s        22097 entries/s rss_kib=37596
  {"timestamp":"2026-08-13T23:12:59.963Z","level":"info","component":"backupctl","event":"operation_complete","message":"backup operation completed","pid":143179,"tid":"143179:140047827195968"}
unchanged_scan          0.3100s       322540 entries/s rss_kib=21592
  {"timestamp":"2026-08-13T23:13:00.317Z","level":"info","component":"backupctl","event":"operation_complete","message":"backup operation completed","pid":143183,"tid":"143183:139880318470208"}
changed_scan            0.3104s       322174 entries/s rss_kib=21856
  {"timestamp":"2026-08-13T23:13:00.658Z","level":"info","component":"backupctl","event":"operation_complete","message":"backup operation completed","pid":143187,"tid":"143187:139951186040896"}
cache_bytes=11513856
### mode=json run=3
metadata_backend=sqlite
first_full              4.4969s        22237 entries/s rss_kib=37456
  {"timestamp":"2026-08-13T23:13:09.396Z","level":"info","component":"backupctl","event":"operation_complete","message":"backup operation completed","pid":143345,"tid":"143345:140320169453632"}
unchanged_scan          0.3286s       304345 entries/s rss_kib=22140
  {"timestamp":"2026-08-13T23:13:09.751Z","level":"info","component":"backupctl","event":"operation_complete","message":"backup operation completed","pid":143350,"tid":"143350:140303474034752"}
changed_scan            0.3122s       320341 entries/s rss_kib=21916
  {"timestamp":"2026-08-13T23:13:10.098Z","level":"info","component":"backupctl","event":"operation_complete","message":"backup operation completed","pid":143354,"tid":"143354:140015840380992"}
cache_bytes=11513856
