[2026-08-22 12:10:27]|Info|rpc/main.cpp:394 main|140674382390144| change to working directory:[/tmp/t0344-rpc-logs/log-17701] success.
[2026-08-22 12:10:27]|Info|libs/tls_cert.c:90 tls_cert_set_ciphersuites|140674382390144| Applied ciphersuites config: TLS_SM4_GCM_SM3
[2026-08-22 12:10:27]|Info|libs/tls_cert.c:90 tls_cert_set_ciphersuites|140674382390144| Applied ciphersuites config: TLS_AES_256_GCM_SHA384
[2026-08-22 12:10:27]|Info|rpc/main.cpp:420 main|140674382390144| TLS cert loaded, mtls_enforced=0
1787371827
beforeSleep 0
signal 15 received, exit...
[2026-08-22 12:10:27]|Info|rpc/main.cpp:394 main|140472484836224| change to working directory:[/tmp/t0344-rpc-logs/log-17702] success.
[2026-08-22 12:10:27]|Info|libs/tls_cert.c:90 tls_cert_set_ciphersuites|140472484836224| Applied ciphersuites config: TLS_SM4_GCM_SM3
[2026-08-22 12:10:27]|Info|libs/tls_cert.c:90 tls_cert_set_ciphersuites|140472484836224| Applied ciphersuites config: TLS_AES_256_GCM_SHA384
[2026-08-22 12:10:27]|Info|rpc/main.cpp:420 main|140472484836224| TLS cert loaded, mtls_enforced=0
1787371828
beforeSleep 0
signal 15 received, exit...
[2026-08-22 12:10:28]|Info|rpc/main.cpp:394 main|140041170961280| change to working directory:[/tmp/t0344-rpc-logs/log-17703] success.
[2026-08-22 12:10:28]|Info|libs/tls_cert.c:90 tls_cert_set_ciphersuites|140041170961280| Applied ciphersuites config: TLS_SM4_GCM_SM3
[2026-08-22 12:10:28]|Info|libs/tls_cert.c:90 tls_cert_set_ciphersuites|140041170961280| Applied ciphersuites config: TLS_AES_256_GCM_SHA384
[2026-08-22 12:10:28]|Info|rpc/main.cpp:420 main|140041170961280| TLS cert loaded, mtls_enforced=1
1787371828
beforeSleep 0
signal 15 received, exit...
[2026-08-22 12:10:28]|Info|rpc/main.cpp:394 main|140584990770048| change to working directory:[/tmp/t0344-rpc-logs/log-17704] success.
[2026-08-22 12:10:28]|Info|libs/tls_cert.c:90 tls_cert_set_ciphersuites|140584990770048| Applied ciphersuites config: TLS_SM4_GCM_SM3
[2026-08-22 12:10:28]|Error|libs/tls_cert.c:75 tls_cert_log_setup_error|140584990770048| TLS setup failed: role=server stage=ca-certificate algorithm=TLS_SM4_GCM_SM3 ca=/tmp/t0344-missing-certs/sm2_ca.crt cert=/tmp/t0344-missing-certs/sm2_host.crt key=/tmp/t0344-missing-certs/sm2_host.key
[2026-08-22 12:10:28]|Warning|rpc/main.cpp:416 main|140584990770048| cert load failed (ret=-2), serving plain only
[2026-08-22 12:10:28]|Error|rpc/rpc-io.cpp:127 rpc_handshake_client_negotiate|140604542854016| handshake: server requires mTLS but not satisfied
[2026-08-22 12:10:28]|Error|rpc/rpc-client.cpp:763 client_main|140604542854016| connect to server failed
beforeSleep 0
signal 15 received, exit...
[2026-08-22 12:10:28]|Info|rpc/main.cpp:394 main|140125515236224| change to working directory:[/tmp/t0344-rpc-logs/log-17705] success.
[2026-08-22 12:10:28]|Info|libs/tls_cert.c:90 tls_cert_set_ciphersuites|140125515236224| Applied ciphersuites config: TLS_SM4_GCM_SM3
[2026-08-22 12:10:28]|Info|libs/tls_cert.c:90 tls_cert_set_ciphersuites|140125515236224| Applied ciphersuites config: TLS_AES_256_GCM_SHA384
[2026-08-22 12:10:28]|Info|rpc/main.cpp:420 main|140125515236224| TLS cert loaded, mtls_enforced=1
[2026-08-22 12:10:28]|Error|rpc/rpc-client.cpp:972 execute_shell_script|140304679625600| server rejected: handshake error result=0x8004
beforeSleep 0
signal 15 received, exit...
[2026-08-22 12:10:28]|Info|rpc/main.cpp:394 main|139771979785088| change to working directory:[/tmp/t0344-rpc-logs/log-17706] success.
[2026-08-22 12:10:28]|Info|libs/tls_cert.c:90 tls_cert_set_ciphersuites|139771979785088| Applied ciphersuites config: TLS_SM4_GCM_SM3
[2026-08-22 12:10:28]|Error|libs/tls_cert.c:75 tls_cert_log_setup_error|139771979785088| TLS setup failed: role=server stage=ca-certificate algorithm=TLS_SM4_GCM_SM3 ca=/tmp/t0349-broken-certs/sm2_ca.crt cert=/tmp/t0349-broken-certs/sm2_host.crt key=/tmp/t0349-broken-certs/sm2_host.key
[2026-08-22 12:10:28]|Warning|rpc/main.cpp:416 main|139771979785088| cert load failed (ret=-2), serving plain only
[2026-08-22 12:10:29]|Error|rpc/rpc-io.cpp:133 rpc_handshake_client_negotiate|139984802648960| handshake: server downgraded to plain but mTLS requested, abort
[2026-08-22 12:10:29]|Error|rpc/rpc-client.cpp:763 client_main|139984802648960| connect to server failed
beforeSleep 0
signal 15 received, exit...
case port=17701 server_mtls=0 client_mtls=0 -> client_exit=0 (expect success)
AC-1 server0/client0 plain PASS
case port=17702 server_mtls=0 client_mtls=1 -> client_exit=0 (expect success)
AC-2 server0/client1 mixed MTLS PASS
case port=17703 server_mtls=1 client_mtls=1 -> client_exit=0 (expect success)
AC-3 server1/client1 forced MTLS PASS
case port=17704 server_mtls=1 client_mtls=1 -> client_exit=255 (expect fail)
AC-4 missing cert_dir fail PASS
case port=17705 server_mtls=1 client_mtls=0 -> client_exit=252 (expect fail)
AC-5 server reject log found: 1
AC-5 server1/client0 rejected PASS
case port=17706 server_mtls=0 client_mtls=1 -> client_exit=255 (expect fail)
AC-6 no-downgrade PASS
AC-7 plain-only startup PASS (implied by AC-6 server up)
mixed_mtls_tool_integration: PASS
exit:0
