  > replace XBSA_VERSION -> 1.1.1.7
[0mgenerating xbsa/src/version.in ... [38;2;0;255;0;1mok[0m
  > replace S3TOOL_VERSION_OLD -> 1.5.0.8
[0mgenerating s3-tool/version.in ... [38;2;0;255;0;1mok[0m
  > replace S3TOOLS_VERSION -> 1.0.1.4
[0mgenerating s3tools/s3mount/version.in ... [38;2;0;255;0;1mok[0m
  > replace S3TOOLS_VERSION -> 1.0.1.4
[0mgenerating s3tools/s3file/version.in ... [38;2;0;255;0;1mok[0m
  > replace S3TOOLS_VERSION_OLD -> 1.5.0.8
[0mgenerating huanweicloun-sdk-s3-data-backup/my-fuse/version.in ... [38;2;0;255;0;1mok[0m
  > replace BWLIMIT_VERSION -> 1.0.0.1
[0mgenerating bwlimit/version.in ... [38;2;0;255;0;1mok[0m
  > replace OSS_VERSION -> 1.0.0.0
[0mgenerating oss/version.in ... [38;2;0;255;0;1mok[0m
  > replace S3TOOLS_VERSION_OLD -> 1.5.0.8
[0mgenerating huanweicloun-sdk-s3-data-backup/my-fuse/version.in ... [38;2;0;255;0;1mok[0m
  > replace FSBACKUP_KERNEL_VERSION -> 3.3.1.6
[0mgenerating version.in ... [38;2;0;255;0;1mok[0m
  > replace XBSA_VERSION -> 1.1.1.7
[0mgenerating xbsa/src/version.in ... [38;2;0;255;0;1mok[0m
[0m[2mchecking for flags (-fPIC) ... [38;2;0;255;0;1mok[0m
[0m[2m> g++ "-fPIC" "-m64"[0m
[0m[2mchecking for flags (-fvisibility-inlines-hidden) ... [38;2;0;255;0;1mok[0m
[0m[2m> g++ "-fvisibility-inlines-hidden" "-m64"[0m
[0m[2mchecking for flags (-O0) ... [38;2;0;255;0;1mok[0m
[0m[2m> g++ "-O0" "-m64"[0m
[0m[2mchecking for flags (-Wno-error=deprecated-declarations) ... [38;2;0;255;0;1mok[0m
[0m[2m> g++ "-Wno-error=deprecated-declarations" "-m64"[0m
[0m[2mchecking for flags (-fno-strict-aliasing) ... [38;2;0;255;0;1mok[0m
[0m[2m> g++ "-fno-strict-aliasing" "-m64"[0m
[0m[38;2;0;255;0;1m[ 79%]:[0m [38;2;255;0;255;1m<rpc>[0m cache compiling.debug rpc/rpc-client.cpp[0m
[0m[2mchecking for flags (-MMD -MF) ... [38;2;0;255;0;1mok[0m
[0m[2m> g++ "-MMD" "-MF" "/dev/null" "-m64"[0m
[0m[2mchecking for flags (-Wno-gnu-line-marker -Werror) ... [38;2;0;255;0;1mok[0m
[0m[2m> g++ "-Wno-gnu-line-marker" "-Werror" "-m64"[0m
[0m[38;2;0;255;0;1m[ 90%]:[0m [38;2;255;0;255;1m<rpc>[0m [38;2;255;0;255;1marchiving.debug librpc.a[0m
[0m[38;2;0;255;0;1m[ 91%]:[0m [38;2;255;0;255;1m<mixed_mtls_integration>[0m [38;2;255;0;255;1mlinking.debug mixed_mtls_integration[0m
AC-1 plain plain PASS
AC-2 mixed on-demand mTLS PASS
AC-3 forced mTLS PASS
[2026-08-25 18:53:30]|Error|libs/tls_cert.c:79 tls_cert_log_setup_error|140347130106816| TLS setup failed: role=client stage=ca-certificate algorithm=TLS_AES_256_GCM_SHA384 ca=/tmp/t0352-missing-certs/ED25519_Test_CA/ed25519_ca.crt cert=/tmp/t0352-missing-certs/ED25519_Test_CA/ed25519_host.crt key=/tmp/t0352-missing-certs/ED25519_Test_CA/ed25519_host.key
[2026-08-25 18:53:30]|Error|rpc/rpc-io.cpp:128 rpc_handshake_client|140347130106816| handshake: tls_cert_init_client failed: cert_dir=/tmp/t0352-missing-certs algorithm=TLS_AES_256_GCM_SHA384 ca_cn=ED25519_Test_CA
AC-1 plain plain PASS
AC-2 mixed on-demand mTLS PASS
AC-3 forced mTLS PASS
[2026-08-25 18:53:30]|Error|libs/tls_cert.c:67 tls_cert_log_ssl_errors|140347130106816| TLS handshake failed: role=server stage=handshake ssl_error=1
[2026-08-25 18:53:30]|Error|libs/tls_cert.c:71 tls_cert_log_ssl_errors|140347130106816| TLS OpenSSL error: error:0A000126:SSL routines::unexpected eof while reading
AC-4 missing client cert_dir fail PASS
AC-5 server forced reject plain business PASS
[2026-08-25 18:53:30]|Error|rpc/rpc-io.cpp:112 rpc_handshake_client|140347130106816| handshake rejected by server: server downgraded to plain (no TLS)
AC-6 no-downgrade PASS
AC-7 plain-only startup PASS
[2026-08-25 18:53:30]|Error|rpc/rpc-io.cpp:112 rpc_handshake_client|140347130106816| handshake rejected by server: handshake failed: unsupported or unknown TLS algorithm (algorithm negotiation rejected)
AC-8 algorithm-lock reject mismatched PASS
AC-9 algorithm-lock allow matched PASS
mixed_mtls_link_integration: PASS
