[0m[38;2;0;255;0;1m[ 10%]:[0m [38;2;255;0;255;1m<afs-cli>[0m cache compiling.debug huanweicloun-sdk-s3-data-backup/my-fuse/afs-cli.cpp[0m
[0m[38;2;0;255;0;1m[ 10%]:[0m [38;2;255;0;255;1m<afs-cli>[0m cache compiling.debug huanweicloun-sdk-s3-data-backup/my-fuse/afs-cli-help.cpp[0m
[0m[38;2;0;255;0;1m[ 10%]:[0m [38;2;255;0;255;1m<afs-cli>[0m cache compiling.debug huanweicloun-sdk-s3-data-backup/my-fuse/s3-command.cpp[0m
[0m[38;2;0;255;0;1m[ 10%]:[0m [38;2;255;0;255;1m<afs-cli>[0m cache compiling.debug huanweicloun-sdk-s3-data-backup/my-fuse/s3-tools.cpp[0m
[0m[38;2;0;255;0;1m[ 10%]:[0m [38;2;255;0;255;1m<afs-cli>[0m cache compiling.debug huanweicloun-sdk-s3-data-backup/my-fuse/cli.cpp[0m
[0m[38;2;0;255;0;1m[ 21%]:[0m [38;2;255;0;255;1m<afsd>[0m cache compiling.debug huanweicloun-sdk-s3-data-backup/my-fuse/fuse.cpp[0m
[0m[38;2;0;255;0;1m[ 21%]:[0m [38;2;255;0;255;1m<afsd>[0m cache compiling.debug huanweicloun-sdk-s3-data-backup/my-fuse/fuse-file.cpp[0m
[0m[38;2;0;255;0;1m[ 21%]:[0m [38;2;255;0;255;1m<afsd>[0m cache compiling.debug huanweicloun-sdk-s3-data-backup/my-fuse/fuse-operations.cpp[0m
[0m[38;2;0;255;0;1m[ 21%]:[0m [38;2;255;0;255;1m<afsd>[0m cache compiling.debug huanweicloun-sdk-s3-data-backup/my-fuse/xfs-handler.cpp[0m
[0m[38;2;0;255;0;1m[ 21%]:[0m [38;2;255;0;255;1m<afsd>[0m cache compiling.debug huanweicloun-sdk-s3-data-backup/my-fuse/localdata-file.cpp[0m
[0m[38;2;0;255;0;1m[ 21%]:[0m [38;2;255;0;255;1m<aio-speed>[0m cache compiling.debug rpc/proc-progress.cpp[0m
[0m[38;2;0;255;0;1m[ 21%]:[0m [38;2;255;0;255;1m<aio-speed>[0m cache compiling.debug rpc/backup-client.cpp[0m
[0m[38;2;0;255;0;1m[ 21%]:[0m [38;2;255;0;255;1m<aio-speed>[0m cache compiling.debug rpc/restore-client.cpp[0m
[0m[38;2;0;255;0;1m[ 21%]:[0m [38;2;255;0;255;1m<aio-speed>[0m cache compiling.debug rpc/meta-client.cpp[0m
[0m[38;2;0;255;0;1m[ 21%]:[0m [38;2;255;0;255;1m<aio-speed>[0m cache compiling.debug rpc/aio-speed.cpp[0m
[0m[38;2;0;255;0;1m[ 21%]:[0m [38;2;255;0;255;1m<aio-speed>[0m cache compiling.debug rpc/rpc-client.cpp[0m
[0m[38;2;0;255;0;1m[ 21%]:[0m [38;2;255;0;255;1m<aio-speed>[0m cache compiling.debug rpc/rpc-config.cpp[0m
[0m[38;2;0;255;0;1m[ 21%]:[0m [38;2;255;0;255;1m<aio-speed>[0m cache compiling.debug rpc/rpc-conn.cpp[0m
[0m[38;2;0;255;0;1m[ 22%]:[0m [38;2;255;0;255;1m<aio-speed>[0m cache compiling.debug rpc/rpc-io.cpp[0m
[0m[38;2;0;255;0;1m[ 22%]:[0m [38;2;255;0;255;1m<aio-speed>[0m cache compiling.debug rpc/rpc-protocol.cpp[0m
[0m[38;2;0;255;0;1m[ 22%]:[0m [38;2;255;0;255;1m<aio-speed>[0m cache compiling.debug rpc/rpc-common.cpp[0m
[0m[38;2;0;255;0;1m[ 22%]:[0m [38;2;255;0;255;1m<aio-speed>[0m cache compiling.debug rpc/rpc-command.cpp[0m
[0m[38;2;0;255;0;1m[ 23%]:[0m [38;2;255;0;255;1m<aio-speed>[0m cache compiling.debug rpc/file-stat.cpp[0m
[0m[38;2;0;255;0;1m[ 23%]:[0m [38;2;255;0;255;1m<aio-speed>[0m cache compiling.debug rpc/rpc-public.cpp[0m
[0m[38;2;0;255;0;1m[ 23%]:[0m [38;2;255;0;255;1m<aio-speed>[0m cache compiling.debug rpc/rpc.cpp[0m
[0m[38;2;0;255;0;1m[ 24%]:[0m [38;2;255;0;255;1m<aio-speed>[0m cache compiling.debug rpc/rpc-metadata.c[0m
[0m[38;2;0;255;0;1m[ 24%]:[0m [38;2;255;0;255;1m<aio-speed>[0m cache compiling.debug rpc/rpc-msg.c[0m
[0m[38;2;0;255;0;1m[ 24%]:[0m [38;2;255;0;255;1m<aio-speed>[0m cache compiling.debug rpc/utils.c[0m
[0m[38;2;0;255;0;1m[ 26%]:[0m [38;2;255;0;255;1m<aio-speedd>[0m cache compiling.debug rpc/proc-progress.cpp[0m
[0m[38;2;0;255;0;1m[ 27%]:[0m [38;2;255;0;255;1m<aio-speedd>[0m cache compiling.debug rpc/main.cpp[0m
[0m[38;2;0;255;0;1m[ 27%]:[0m [38;2;255;0;255;1m<aio-speedd>[0m cache compiling.debug rpc/rpc-config.cpp[0m
[0m[38;2;0;255;0;1m[ 27%]:[0m [38;2;255;0;255;1m<aio-speedd>[0m cache compiling.debug rpc/rpc-public.cpp[0m
[0m[38;2;0;255;0;1m[ 28%]:[0m [38;2;255;0;255;1m<aio-speedd>[0m cache compiling.debug rpc/rpc-command.cpp[0m
[0m[38;2;0;255;0;1m[ 28%]:[0m [38;2;255;0;255;1m<aio-speedd>[0m cache compiling.debug rpc/rpc-common.cpp[0m
[0m[38;2;0;255;0;1m[ 28%]:[0m [38;2;255;0;255;1m<aio-speedd>[0m cache compiling.debug rpc/rpc-conn.cpp[0m
[0m[38;2;0;255;0;1m[ 28%]:[0m [38;2;255;0;255;1m<aio-speedd>[0m cache compiling.debug rpc/rpc-server.cpp[0m
[0m[38;2;0;255;0;1m[ 29%]:[0m [38;2;255;0;255;1m<aio-speedd>[0m cache compiling.debug rpc/rpc-io.cpp[0m
[0m[38;2;0;255;0;1m[ 29%]:[0m [38;2;255;0;255;1m<aio-speedd>[0m cache compiling.debug rpc/rpc-protocol.cpp[0m
[0m[38;2;0;255;0;1m[ 29%]:[0m [38;2;255;0;255;1m<aio-speedd>[0m cache compiling.debug rpc/file-stat.cpp[0m
[0m[38;2;0;255;0;1m[ 30%]:[0m [38;2;255;0;255;1m<aio-speedd>[0m cache compiling.debug rpc/rpc.cpp[0m
[0m[38;2;0;255;0;1m[ 30%]:[0m [38;2;255;0;255;1m<aio-speedd>[0m cache compiling.debug rpc/rpc-msg.c[0m
[0m[38;2;0;255;0;1m[ 30%]:[0m [38;2;255;0;255;1m<aio-speedd>[0m cache compiling.debug rpc/utils.c[0m
[0m[38;2;0;255;0;1m[ 30%]:[0m [38;2;255;0;255;1m<bwlimit_tools>[0m cache compiling.debug bwlimit/main_meta.c[0m
[0m[38;2;0;255;0;1m[ 31%]:[0m [38;2;255;0;255;1m<bwlimit_tools>[0m cache compiling.debug bwlimit/main_reset.c[0m
[0m[38;2;0;255;0;1m[ 31%]:[0m [38;2;255;0;255;1m<bwlimit_tools>[0m cache compiling.debug bwlimit/main.c[0m
[0m[38;2;0;255;0;1m[ 31%]:[0m [38;2;255;0;255;1m<bwlimit_tools>[0m cache compiling.debug bwlimit/main_set_bandwidth.c[0m
[0m[38;2;0;255;0;1m[ 32%]:[0m [38;2;255;0;255;1m<bwlimit_tools>[0m cache compiling.debug bwlimit/main_version.c[0m
[0m[38;2;0;255;0;1m[ 32%]:[0m [38;2;255;0;255;1m<dm-ftp>[0m cache compiling.debug dmsbtex/main.c[0m
[0m[38;2;0;255;0;1m[ 32%]:[0m [38;2;255;0;255;1m<dm-ftp>[0m cache compiling.debug dmsbtex/common.c[0m
[0m[38;2;0;255;0;1m[ 33%]:[0m [38;2;255;0;255;1m<dm-ftp>[0m cache compiling.debug dmsbtex/protocol.c[0m
[0m[38;2;0;255;0;1m[ 33%]:[0m [38;2;255;0;255;1m<dm-ftp>[0m cache compiling.debug dmsbtex/network.c[0m
[0m[38;2;0;255;0;1m[ 33%]:[0m [38;2;255;0;255;1m<dmsbtex>[0m cache compiling.debug dmsbtex/sbt.c[0m
[0m[38;2;0;255;0;1m[ 33%]:[0m [38;2;255;0;255;1m<dmsbtex>[0m cache compiling.debug dmsbtex/common.c[0m
[0m[38;2;0;255;0;1m[ 34%]:[0m [38;2;255;0;255;1m<dmsbtex>[0m cache compiling.debug dmsbtex/protocol.c[0m
[0m[38;2;0;255;0;1m[ 34%]:[0m [38;2;255;0;255;1m<dmsbtex>[0m cache compiling.debug dmsbtex/network.c[0m
[0m[38;2;0;255;0;1m[ 34%]:[0m [38;2;255;0;255;1m<FileTransferAgent>[0m cache compiling.debug libobk/main.c[0m
[0m[38;2;0;255;0;1m[ 35%]:[0m [38;2;255;0;255;1m<FileTransferAgent>[0m cache compiling.debug libobk/lib/protocol.c[0m
[0m[38;2;0;255;0;1m[ 35%]:[0m [38;2;255;0;255;1m<FileTransferAgent>[0m cache compiling.debug libobk/lib/logic/compress.c[0m
[0m[38;2;0;255;0;1m[ 35%]:[0m [38;2;255;0;255;1m<FileTransferAgent>[0m cache compiling.debug libobk/lib/logic/dir.c[0m
[0m[38;2;0;255;0;1m[ 35%]:[0m [38;2;255;0;255;1m<FileTransferAgent>[0m cache compiling.debug libobk/lib/logic/oracleCmdTbl.c[0m
[0m[38;2;0;255;0;1m[ 36%]:[0m [38;2;255;0;255;1m<FileTransferAgent>[0m cache compiling.debug libobk/lib/quickLZ/quicklz.c[0m
[0m[38;2;0;255;0;1m[ 36%]:[0m [38;2;255;0;255;1m<FileTransferAgent>[0m cache compiling.debug libobk/lib/lz4/lz4.c[0m
[0m[38;2;0;255;0;1m[ 36%]:[0m [38;2;255;0;255;1m<fsbackup_tools>[0m cache compiling.debug fs-backup/tools/main_fs_meta.cpp[0m
[0m[38;2;0;255;0;1m[ 37%]:[0m [38;2;255;0;255;1m<fsbackup_tools>[0m cache compiling.debug fs-backup/tools/main.cpp[0m
[0m[38;2;0;255;0;1m[ 37%]:[0m [38;2;255;0;255;1m<fsbackup_tools>[0m cache compiling.debug fs-backup/tools/main_ioctl_meta.cpp[0m
[0m[38;2;0;255;0;1m[ 37%]:[0m [38;2;255;0;255;1m<fsbackup_tools>[0m cache compiling.debug fs-backup/tools/main_block.cpp[0m
[0m[38;2;0;255;0;1m[ 37%]:[0m [38;2;255;0;255;1m<fsbackup_tools>[0m cache compiling.debug fs-backup/tools/main_done.cpp[0m
[0m[38;2;0;255;0;1m[ 38%]:[0m [38;2;255;0;255;1m<fsbackup_tools>[0m cache compiling.debug fs-backup/tools/main_ioctl.cpp[0m
[0m[38;2;0;255;0;1m[ 41%]:[0m [38;2;255;0;255;1m<fs-cli>[0m cache compiling.debug fs-backup/fsclient/config.cpp[0m
[0m[38;2;0;255;0;1m[ 42%]:[0m [38;2;255;0;255;1m<fs-cli>[0m cache compiling.debug fs-backup/fsclient/transfer_file.cpp[0m
[0m[38;2;0;255;0;1m[ 42%]:[0m [38;2;255;0;255;1m<fs-cli>[0m cache compiling.debug fs-backup/fsclient/snapshot.cpp[0m
[0m[38;2;0;255;0;1m[ 42%]:[0m [38;2;255;0;255;1m<fs-cli>[0m cache compiling.debug fs-backup/fsclient/restore.cpp[0m
[0m[38;2;0;255;0;1m[ 43%]:[0m [38;2;255;0;255;1m<fs-cli>[0m cache compiling.debug fs-backup/fsclient/main.cpp[0m
[0m[38;2;0;255;0;1m[ 43%]:[0m [38;2;255;0;255;1m<fs-cli>[0m cache compiling.debug fs-backup/fsclient/cli.cpp[0m
[0m[38;2;0;255;0;1m[ 43%]:[0m [38;2;255;0;255;1m<fs-cli>[0m cache compiling.debug fs-backup/fsclient/cli_help.cpp[0m
[0m[38;2;0;255;0;1m[ 49%]:[0m [38;2;255;0;255;1m<fsdeamon>[0m cache compiling.debug fs-backup/fsdeamon/config.cpp[0m
[0m[38;2;0;255;0;1m[ 49%]:[0m [38;2;255;0;255;1m<fsdeamon>[0m cache compiling.debug fs-backup/fsdeamon/backup_helper.cpp[0m
[0m[38;2;0;255;0;1m[ 49%]:[0m [38;2;255;0;255;1m<fsdeamon>[0m cache compiling.debug fs-backup/fsdeamon/fs_service.cpp[0m
[0m[38;2;0;255;0;1m[ 49%]:[0m [38;2;255;0;255;1m<fsdeamon>[0m cache compiling.debug fs-backup/fsdeamon/backup_helper_client.cpp[0m
[0m[38;2;0;255;0;1m[ 50%]:[0m [38;2;255;0;255;1m<fsdeamon>[0m cache compiling.debug fs-backup/fsdeamon/fs_kernel_sync.cpp[0m
[0m[38;2;0;255;0;1m[ 50%]:[0m [38;2;255;0;255;1m<fsdeamon>[0m cache compiling.debug fs-backup/fsdeamon/utils.cpp[0m
[0m[38;2;0;255;0;1m[ 50%]:[0m [38;2;255;0;255;1m<fsdeamon>[0m cache compiling.debug fs-backup/fsdeamon/unix_server.cpp[0m
[0m[38;2;0;255;0;1m[ 51%]:[0m [38;2;255;0;255;1m<fsdeamon>[0m cache compiling.debug fs-backup/fsdeamon/main.cpp[0m
[0m[38;2;0;255;0;1m[ 51%]:[0m [38;2;255;0;255;1m<fsdeamon>[0m cache compiling.debug fs-backup/fsdeamon/fs_source.cpp[0m
[0m[38;2;0;255;0;1m[ 51%]:[0m [38;2;255;0;255;1m<fsdeamon>[0m cache compiling.debug fs-backup/fsdeamon/snapshot.c[0m
[0m[38;2;0;255;0;1m[ 52%]:[0m [38;2;255;0;255;1m<rch-tools>[0m cache compiling.debug xbsa/src/main.c[0m
[0m[38;2;0;255;0;1m[ 53%]:[0m [38;2;255;0;255;1m<rdbcomm>[0m cache compiling.debug rdbcomm/rdbcomm-main.c[0m
[0m[38;2;0;255;0;1m[ 54%]:[0m [38;2;255;0;255;1m<rdbcomm>[0m cache compiling.debug rdbcomm/client.c[0m
[0m[38;2;0;255;0;1m[ 54%]:[0m [38;2;255;0;255;1m<rdbcomm>[0m cache compiling.debug rdbcomm/msg.c[0m
[0m[38;2;0;255;0;1m[ 54%]:[0m [38;2;255;0;255;1m<rdbcomm>[0m cache compiling.debug rdbcomm/io.c[0m
[0m[38;2;0;255;0;1m[ 55%]:[0m [38;2;255;0;255;1m<rdbcommd>[0m cache compiling.debug rdbcomm/rdbcommd-main.c[0m
[0m[38;2;0;255;0;1m[ 55%]:[0m [38;2;255;0;255;1m<rdbcommd>[0m cache compiling.debug rdbcomm/server.c[0m
[0m[38;2;0;255;0;1m[ 55%]:[0m [38;2;255;0;255;1m<rdbcommd>[0m cache compiling.debug rdbcomm/module.c[0m
[0m[38;2;0;255;0;1m[ 55%]:[0m [38;2;255;0;255;1m<rdbcommd>[0m cache compiling.debug rdbcomm/msg.c[0m
[0m[38;2;0;255;0;1m[ 56%]:[0m [38;2;255;0;255;1m<rdbcommd>[0m cache compiling.debug rdbcomm/io.c[0m
[0m[38;2;0;255;0;1m[ 56%]:[0m [38;2;255;0;255;1m<s3file>[0m cache compiling.debug s3tools/s3file/main.cpp[0m
[0m[38;2;0;255;0;1m[ 56%]:[0m [38;2;255;0;255;1m<s3file>[0m cache compiling.debug s3tools/s3file/config.cpp[0m
[0m[38;2;0;255;0;1m[ 60%]:[0m [38;2;255;0;255;1m<s3mount>[0m cache compiling.debug s3tools/s3mount/config.cpp[0m
[0m[38;2;0;255;0;1m[ 60%]:[0m [38;2;255;0;255;1m<s3mount>[0m cache compiling.debug s3tools/s3mount/fuse.cpp[0m
[0m[38;2;0;255;0;1m[ 60%]:[0m [38;2;255;0;255;1m<s3mount>[0m cache compiling.debug s3tools/s3mount/fuse-operations.cpp[0m
[0m[38;2;0;255;0;1m[ 61%]:[0m [38;2;255;0;255;1m<s3mount>[0m cache compiling.debug s3tools/s3mount/fuse-file.cpp[0m
[0m[38;2;0;255;0;1m[ 61%]:[0m [38;2;255;0;255;1m<s3-tool>[0m cache compiling.debug s3-tool/main.cpp[0m
[0m[38;2;0;255;0;1m[ 61%]:[0m [38;2;255;0;255;1m<s3-tool>[0m cache compiling.debug s3-tool/mutex.cpp[0m
[0m[38;2;0;255;0;1m[ 61%]:[0m [38;2;255;0;255;1m<s3-tool>[0m cache compiling.debug s3-tool/common.cpp[0m
[0m[38;2;0;255;0;1m[ 62%]:[0m [38;2;255;0;255;1m<s3-tool>[0m cache compiling.debug s3-tool/s3-service.cpp[0m
[0m[38;2;0;255;0;1m[ 62%]:[0m [38;2;255;0;255;1m<s3-tool>[0m cache compiling.debug s3-tool/obs-service.cpp[0m
[0m[38;2;0;255;0;1m[ 62%]:[0m [38;2;255;0;255;1m<s3-tool>[0m cache compiling.debug s3-tool/obs-callback.cpp[0m
[0m[38;2;0;255;0;1m[ 63%]:[0m [38;2;255;0;255;1m<s3-tool>[0m cache compiling.debug s3-tool/s3-command.cpp[0m
[0m[38;2;0;255;0;1m[ 63%]:[0m [38;2;255;0;255;1m<s3-tool>[0m cache compiling.debug s3-tool/my-thread.c[0m
[0m[38;2;0;255;0;1m[ 63%]:[0m [38;2;255;0;255;1m<sbt>[0m cache compiling.debug libobk/lib/protocol.c[0m
[0m[38;2;0;255;0;1m[ 64%]:[0m [38;2;255;0;255;1m<sbt>[0m cache compiling.debug libobk/lib/logic/compress.c[0m
[0m[38;2;0;255;0;1m[ 64%]:[0m [38;2;255;0;255;1m<sbt>[0m cache compiling.debug libobk/lib/logic/dir.c[0m
[0m[38;2;0;255;0;1m[ 64%]:[0m [38;2;255;0;255;1m<sbt>[0m cache compiling.debug libobk/lib/logic/oracleCmdTbl.c[0m
[0m[38;2;0;255;0;1m[ 64%]:[0m [38;2;255;0;255;1m<sbt>[0m cache compiling.debug libobk/lib/sbt/sbtEnv.c[0m
[0m[38;2;0;255;0;1m[ 65%]:[0m [38;2;255;0;255;1m<sbt>[0m cache compiling.debug libobk/lib/sbt/libobk.c[0m
[0m[38;2;0;255;0;1m[ 65%]:[0m [38;2;255;0;255;1m<sbt>[0m cache compiling.debug libobk/lib/quickLZ/quicklz.c[0m
[0m[38;2;0;255;0;1m[ 65%]:[0m [38;2;255;0;255;1m<sbt>[0m cache compiling.debug libobk/lib/lz4/lz4.c[0m
[0m[38;2;0;255;0;1m[ 66%]:[0m [38;2;255;0;255;1m<timed_net_key>[0m cache compiling.debug libs/timed_net_key.c[0m
[0m[38;2;0;255;0;1m[ 66%]:[0m [38;2;255;0;255;1m<tls-keygen>[0m cache compiling.debug libs/tls_keygen.c[0m
[0m[38;2;0;255;0;1m[ 66%]:[0m [38;2;255;0;255;1m<tls-keygen>[0m cache compiling.debug libs/common.c[0m
[0m[38;2;0;255;0;1m[ 66%]:[0m [38;2;255;0;255;1m<xbsa64>[0m cache compiling.debug xbsa/src/xbsa/xbsa.c[0m
[0m[38;2;0;255;0;1m[ 67%]:[0m [38;2;255;0;255;1m<xbsa64>[0m cache compiling.debug xbsa/src/xbsa/mini.c[0m
[0m[38;2;0;255;0;1m[ 68%]:[0m [38;2;255;0;255;1m<makeFsbackup>[0m [38;2;255;0;255;1mlinking.debug makeFsbackup[0m
[0m[38;2;0;255;0;1m[ 70%]:[0m [38;2;255;0;255;1m<bwlimit_tools>[0m [38;2;255;0;255;1mlinking.debug bwlimit_tools[0m
[0m[38;2;0;255;0;1m[ 73%]:[0m [38;2;255;0;255;1m<rch-tools>[0m [38;2;255;0;255;1mlinking.debug rch-tools[0m
[0m[38;2;0;255;0;1m[ 76%]:[0m [38;2;255;0;255;1m<afs-cli>[0m [38;2;255;0;255;1mlinking.debug afs-cli[0m
[0m[38;2;0;255;0;1m[ 76%]:[0m [38;2;255;0;255;1m<afsd>[0m [38;2;255;0;255;1mlinking.debug afsd[0m
[0m[38;2;0;255;0;1m[ 76%]:[0m [38;2;255;0;255;1m<fsbackup_tools>[0m [38;2;255;0;255;1mlinking.debug fsbackup_tools[0m
[0m[38;2;0;255;0;1m[ 77%]:[0m [38;2;255;0;255;1m<aio-speed>[0m [38;2;255;0;255;1mlinking.debug aio-speed[0m
[0m[38;2;0;255;0;1m[ 77%]:[0m [38;2;255;0;255;1m<aio-speedd>[0m [38;2;255;0;255;1mlinking.debug aio-speedd[0m
[0m[38;2;0;255;0;1m[ 77%]:[0m [38;2;255;0;255;1m<dm-ftp>[0m [38;2;255;0;255;1mlinking.debug dm-ftp[0m
[0m[38;2;0;255;0;1m[ 78%]:[0m [38;2;255;0;255;1m<dmsbtex>[0m [38;2;255;0;255;1mlinking.debug libdmsbtex.so[0m
[0m[38;2;0;255;0;1m[ 78%]:[0m [38;2;255;0;255;1m<FileTransferAgent>[0m [38;2;255;0;255;1mlinking.debug FileTransferAgent[0m
[0m[38;2;0;255;0;1m[ 78%]:[0m [38;2;255;0;255;1m<rdbcomm>[0m [38;2;255;0;255;1mlinking.debug rdbcomm[0m
[0m[38;2;0;255;0;1m[ 79%]:[0m [38;2;255;0;255;1m<rdbcommd>[0m [38;2;255;0;255;1mlinking.debug rdbcommd[0m
[0m[38;2;0;255;0;1m[ 79%]:[0m [38;2;255;0;255;1m<timed_net_key>[0m [38;2;255;0;255;1mlinking.debug libtimed_net_key.so[0m
[0m[38;2;0;255;0;1m[ 80%]:[0m [38;2;255;0;255;1m<s3file>[0m [38;2;255;0;255;1mlinking.debug s3file[0m
[0m[38;2;0;255;0;1m[ 80%]:[0m [38;2;255;0;255;1m<sbt>[0m [38;2;255;0;255;1mlinking.debug libsbt.so[0m
[0m[38;2;0;255;0;1m[ 80%]:[0m [38;2;255;0;255;1m<fs-cli>[0m [38;2;255;0;255;1mlinking.debug fs-cli[0m
[0m[38;2;0;255;0;1m[ 80%]:[0m [38;2;255;0;255;1m<fsdeamon>[0m [38;2;255;0;255;1mlinking.debug fsdeamon[0m
[0m[38;2;0;255;0;1m[ 81%]:[0m [38;2;255;0;255;1m<xbsa64>[0m [38;2;255;0;255;1mlinking.debug libxbsa64.so[0m
[0m[38;2;0;255;0;1m[ 81%]:[0m [38;2;255;0;255;1m<tls-keygen>[0m [38;2;255;0;255;1mlinking.debug tls-keygen[0m
[0m[38;2;0;255;0;1m[ 82%]:[0m [38;2;255;0;255;1m<s3mount>[0m [38;2;255;0;255;1mlinking.debug s3mount[0m
[0m[38;2;0;255;0;1m[ 82%]:[0m [38;2;255;0;255;1m<s3-tool>[0m [38;2;255;0;255;1mlinking.debug s3-tool[0m
Building Python wheel...
Target file: build/linux/x86_64/debug/libtimed_net_key.so
Copying build/linux/x86_64/debug/libtimed_net_key.so to /home/black/Public/aio/aio-tools/6200/F/139/libs/timed_net_key_python/timed_net_key_libs
running bdist_wheel
running build
running build_py
copying timed_net_key/libtimed_net_key.so -> build/lib.linux-x86_64-cpython-314/timed_net_key
running build_ext
/usr/lib/python3.14/site-packages/setuptools/_distutils/cmd.py:90: SetuptoolsDeprecationWarning: setup.py install is deprecated.
!!

        ********************************************************************************
        Please avoid running ``setup.py`` directly.
        Instead, use pypa/build, pypa/installer or other
        standards-based tools.

        This deprecation is overdue, please update your project and remove deprecated
        calls to avoid build errors in the future.

        See https://blog.ganssle.io/articles/2021/10/setup-py-deprecated.html for details.
        ********************************************************************************

!!
  self.initialize_options()
installing to build/bdist.linux-x86_64/wheel
running install
running install_lib
creating build/bdist.linux-x86_64/wheel
creating build/bdist.linux-x86_64/wheel/timed_net_key
copying build/lib.linux-x86_64-cpython-314/timed_net_key/libtimed_net_key.so -> build/bdist.linux-x86_64/wheel/./timed_net_key
copying build/lib.linux-x86_64-cpython-314/timed_net_key/__init__.py -> build/bdist.linux-x86_64/wheel/./timed_net_key
copying build/lib.linux-x86_64-cpython-314/timed_net_key/_timed_net_key.pyx -> build/bdist.linux-x86_64/wheel/./timed_net_key
copying build/lib.linux-x86_64-cpython-314/_timed_net_key.cpython-314-x86_64-linux-gnu.so -> build/bdist.linux-x86_64/wheel/.
running install_egg_info
running egg_info
/home/black/.local/lib/python3.14/site-packages/pbr/git.py:28: UserWarning: pkg_resources is deprecated as an API. See https://setuptools.pypa.io/en/latest/pkg_resources.html. The pkg_resources package is slated for removal as early as 2025-11-30. Refrain from using this package or pin to Setuptools<81.
  import pkg_resources
writing timed_net_key.egg-info/PKG-INFO
writing dependency_links to timed_net_key.egg-info/dependency_links.txt
writing top-level names to timed_net_key.egg-info/top_level.txt
dependency /home/black/Public/aio/aio-tools/6200/F/139/libs/timed_net_key_python/timed_net_key_libs/timed_key.h won't be automatically included in the manifest: the path must be relative
dependency /home/black/Public/aio/aio-tools/6200/F/139/libs/timed_net_key_python/timed_net_key_libs/timed_net_key.h won't be automatically included in the manifest: the path must be relative
writing manifest file 'timed_net_key.egg-info/SOURCES.txt'
Copying timed_net_key.egg-info to build/bdist.linux-x86_64/wheel/./timed_net_key-1.0.1-py3.14.egg-info
running install_scripts
creating build/bdist.linux-x86_64/wheel/timed_net_key-1.0.1.dist-info/WHEEL
creating 'dist/timed_net_key-1.0.1-cp314-cp314-linux_x86_64.whl' and adding 'build/bdist.linux-x86_64/wheel' to it
adding '_timed_net_key.cpython-314-x86_64-linux-gnu.so'
adding 'timed_net_key/__init__.py'
adding 'timed_net_key/_timed_net_key.pyx'
adding 'timed_net_key/libtimed_net_key.so'
adding 'timed_net_key-1.0.1.dist-info/METADATA'
adding 'timed_net_key-1.0.1.dist-info/WHEEL'
adding 'timed_net_key-1.0.1.dist-info/top_level.txt'
adding 'timed_net_key-1.0.1.dist-info/RECORD'
removing build/bdist.linux-x86_64/wheel
[0m[38;2;0;255;0;1m[100%]:[0m [38;2;0;255;0;1mbuild ok, spent 4.169s[0m
BUILD_EXIT=0
