[0m[38;2;0;255;0;1m[ 77%]:[0m [38;2;255;0;255;1m<FileTransferAgent>[0m [38;2;255;0;255;1mlinking.debug FileTransferAgent[0m
[0m[38;2;0;255;0;1m[ 78%]:[0m [38;2;255;0;255;1m<dm-ftp>[0m [38;2;255;0;255;1mlinking.debug dm-ftp[0m
[0m[38;2;0;255;0;1m[ 78%]:[0m [38;2;255;0;255;1m<dmsbtex>[0m [38;2;255;0;255;1mlinking.debug libdmsbtex.so[0m
[0m[38;2;0;255;0;1m[ 78%]:[0m [38;2;255;0;255;1m<s3-tool>[0m [38;2;255;0;255;1mlinking.debug s3-tool[0m
[0m[38;2;0;255;0;1m[ 78%]:[0m [38;2;255;0;255;1m<sbt>[0m [38;2;255;0;255;1mlinking.debug libsbt.so[0m
[0m[38;2;0;255;0;1m[ 78%]:[0m [38;2;255;0;255;1m<tls-keygen>[0m [38;2;255;0;255;1mlinking.debug tls-keygen[0m
[0m[38;2;0;255;0;1m[ 79%]:[0m [38;2;255;0;255;1m<s3_tools_public>[0m [38;2;255;0;255;1marchiving.debug libs3_tools_public.a[0m
[0m[38;2;0;255;0;1m[ 81%]:[0m [38;2;255;0;255;1m<fsbackup_tools>[0m [38;2;255;0;255;1mlinking.debug fsbackup_tools[0m
[0m[38;2;0;255;0;1m[ 83%]:[0m [38;2;255;0;255;1m<timed_net_key>[0m [38;2;255;0;255;1mlinking.debug libtimed_net_key.so[0m
[0m[38;2;0;255;0;1m[ 86%]:[0m [38;2;255;0;255;1m<afs-cli>[0m [38;2;255;0;255;1mlinking.debug afs-cli[0m
[0m[38;2;0;255;0;1m[ 86%]:[0m [38;2;255;0;255;1m<afsd>[0m [38;2;255;0;255;1mlinking.debug afsd[0m
Building Python wheel...
Target file: build/linux/x86_64/debug/libtimed_net_key.so
Copying build/linux/x86_64/debug/libtimed_net_key.so to /home/black/Public/aio/aio-tools/6200/F/139/libs/timed_net_key_python/timed_net_key_libs
running bdist_wheel
running build
running build_py
copying timed_net_key/libtimed_net_key.so -> build/lib.linux-x86_64-cpython-314/timed_net_key
running build_ext
/usr/lib/python3.14/site-packages/setuptools/_distutils/cmd.py:90: SetuptoolsDeprecationWarning: setup.py install is deprecated.
!!

        ********************************************************************************
        Please avoid running ``setup.py`` directly.
        Instead, use pypa/build, pypa/installer or other
        standards-based tools.

        This deprecation is overdue, please update your project and remove deprecated
        calls to avoid build errors in the future.

        See https://blog.ganssle.io/articles/2021/10/setup-py-deprecated.html for details.
        ********************************************************************************

!!
  self.initialize_options()
installing to build/bdist.linux-x86_64/wheel
running install
running install_lib
creating build/bdist.linux-x86_64/wheel
creating build/bdist.linux-x86_64/wheel/timed_net_key
copying build/lib.linux-x86_64-cpython-314/timed_net_key/__init__.py -> build/bdist.linux-x86_64/wheel/./timed_net_key
copying build/lib.linux-x86_64-cpython-314/timed_net_key/_timed_net_key.pyx -> build/bdist.linux-x86_64/wheel/./timed_net_key
copying build/lib.linux-x86_64-cpython-314/timed_net_key/libtimed_net_key.so -> build/bdist.linux-x86_64/wheel/./timed_net_key
copying build/lib.linux-x86_64-cpython-314/_timed_net_key.cpython-314-x86_64-linux-gnu.so -> build/bdist.linux-x86_64/wheel/.
running install_egg_info
running egg_info
writing timed_net_key.egg-info/PKG-INFO
writing dependency_links to timed_net_key.egg-info/dependency_links.txt
writing top-level names to timed_net_key.egg-info/top_level.txt
dependency /home/black/Public/aio/aio-tools/6200/F/139/libs/timed_net_key_python/timed_net_key_libs/timed_key.h won't be automatically included in the manifest: the path must be relative
dependency /home/black/Public/aio/aio-tools/6200/F/139/libs/timed_net_key_python/timed_net_key_libs/timed_net_key.h won't be automatically included in the manifest: the path must be relative
writing manifest file 'timed_net_key.egg-info/SOURCES.txt'
Copying timed_net_key.egg-info to build/bdist.linux-x86_64/wheel/./timed_net_key-1.0.1-py3.14.egg-info
running install_scripts
creating build/bdist.linux-x86_64/wheel/timed_net_key-1.0.1.dist-info/WHEEL
creating 'dist/timed_net_key-1.0.1-cp314-cp314-linux_x86_64.whl' and adding 'build/bdist.linux-x86_64/wheel' to it
adding '_timed_net_key.cpython-314-x86_64-linux-gnu.so'
adding 'timed_net_key/__init__.py'
adding 'timed_net_key/_timed_net_key.pyx'
adding 'timed_net_key/libtimed_net_key.so'
adding 'timed_net_key-1.0.1.dist-info/METADATA'
adding 'timed_net_key-1.0.1.dist-info/WHEEL'
adding 'timed_net_key-1.0.1.dist-info/top_level.txt'
adding 'timed_net_key-1.0.1.dist-info/RECORD'
removing build/bdist.linux-x86_64/wheel
[0m[38;2;0;255;0;1m[100%]:[0m [38;2;0;255;0;1mbuild ok, spent 2.895s[0m
