=== rdbcomm ===
  --mtls-enable=0|1       Override mTLS for this invocation
  --tls-algorithm=NAME    Override TLS algorithm for this invocation
  section [rdbcomm]: mtls_enable=0|1, tls_algorithm=TLS_SM4_GCM_SM3 (default) or TLS_AES_256_GCM_SHA384
  CLI example: rdbcomm --mtls-enable=1 --tls-algorithm=TLS_SM4_GCM_SM3 -c 'true'
=== rdbcommd ===
  --mtls-enable=0|1       Override mTLS for this invocation
  --tls-algorithm=NAME    Override TLS algorithm for this invocation
  section [rdbcommd]: mtls_enable=0|1, tls_algorithm=TLS_SM4_GCM_SM3 (default) or TLS_AES_256_GCM_SHA384
  CLI example: build/linux/x86_64/debug/rdbcommd --mtls-enable=1 --tls-algorithm=TLS_SM4_GCM_SM3 -p 7710
=== aio-speed ===
	 --mtls-enable=0|1       Override mTLS for this invocation
	 --tls-algorithm=NAME    Override TLS algorithm for this invocation
	 section [aio-speed]: mtls_enable=0|1, tls_algorithm=TLS_SM4_GCM_SM3 (default) or TLS_AES_256_GCM_SHA384
	 CLI example: aio-speed --mtls-enable=1 --tls-algorithm=TLS_SM4_GCM_SM3 -h 127.0.0.1 -p 6611 -c true
=== aio-speedd ===
	 --mtls-enable=0|1       Override mTLS for this invocation
	 --tls-algorithm=NAME    Override TLS algorithm for this invocation
	 section [aio-speedd]: mtls_enable=0|1, tls_algorithm=TLS_SM4_GCM_SM3 (default) or TLS_AES_256_GCM_SHA384
	 CLI example: aio-speedd --mtls-enable=1 --tls-algorithm=TLS_SM4_GCM_SM3 -p 7711
