metadata_backend=lmdb
first_full              4.3042s        23233 entries/s rss_kib=40476
  put: files=100000 dirs=51 links=0 logical=3200000 wire=3200000 resumed=0 skipped=0 metadata_index_entries=100051 metadata_scanned=100051 metadata_lookups=0 metadata_sql=0 metadata_prefetch_batches=0 metadata_prefetch_entries=0 metadata_cache_hits=0 metadata_found=0 metadata_inserts=100051 metadata_updates=0 checkpoint_hits=0 checkpoint_checks=100051
unchanged_scan          0.2124s       470719 entries/s rss_kib=30012
  put: files=0 dirs=0 links=0 logical=0 wire=0 resumed=0 skipped=100000 metadata_index_entries=100051 metadata_scanned=100051 metadata_lookups=200051 metadata_sql=401 metadata_prefetch_batches=401 metadata_prefetch_entries=100000 metadata_cache_hits=0 metadata_found=200051 metadata_inserts=0 metadata_updates=0 checkpoint_hits=0 checkpoint_checks=100051
changed_scan            0.2004s       499022 entries/s rss_kib=29852
  put: files=1 dirs=1 links=0 logical=19 wire=19 resumed=0 skipped=100000 metadata_index_entries=100052 metadata_scanned=100052 metadata_lookups=200053 metadata_sql=401 metadata_prefetch_batches=401 metadata_prefetch_entries=100001 metadata_cache_hits=0 metadata_found=200051 metadata_inserts=1 metadata_updates=1 checkpoint_hits=0 checkpoint_checks=100052
cache_bytes=21917696

metadata_backend=lmdb
first_full              4.2211s        23690 entries/s rss_kib=40508
  put: files=100000 dirs=51 links=0 logical=3200000 wire=3200000 resumed=0 skipped=0 metadata_index_entries=100051 metadata_scanned=100051 metadata_lookups=0 metadata_sql=0 metadata_prefetch_batches=0 metadata_prefetch_entries=0 metadata_cache_hits=0 metadata_found=0 metadata_inserts=100051 metadata_updates=0 checkpoint_hits=0 checkpoint_checks=100051
unchanged_scan          0.2046s       488775 entries/s rss_kib=29780
  put: files=0 dirs=0 links=0 logical=0 wire=0 resumed=0 skipped=100000 metadata_index_entries=100051 metadata_scanned=100051 metadata_lookups=200051 metadata_sql=401 metadata_prefetch_batches=401 metadata_prefetch_entries=100000 metadata_cache_hits=0 metadata_found=200051 metadata_inserts=0 metadata_updates=0 checkpoint_hits=0 checkpoint_checks=100051
changed_scan            0.1961s       509986 entries/s rss_kib=29760
  put: files=1 dirs=1 links=0 logical=19 wire=19 resumed=0 skipped=100000 metadata_index_entries=100052 metadata_scanned=100052 metadata_lookups=200053 metadata_sql=401 metadata_prefetch_batches=401 metadata_prefetch_entries=100001 metadata_cache_hits=0 metadata_found=200051 metadata_inserts=1 metadata_updates=1 checkpoint_hits=0 checkpoint_checks=100052
cache_bytes=21917696

metadata_backend=lmdb
first_full              4.7542s        21034 entries/s rss_kib=40496
  put: files=100000 dirs=51 links=0 logical=3200000 wire=3200000 resumed=0 skipped=0 metadata_index_entries=100051 metadata_scanned=100051 metadata_lookups=0 metadata_sql=0 metadata_prefetch_batches=0 metadata_prefetch_entries=0 metadata_cache_hits=0 metadata_found=0 metadata_inserts=100051 metadata_updates=0 checkpoint_hits=0 checkpoint_checks=100051
unchanged_scan          0.2019s       495177 entries/s rss_kib=29916
  put: files=0 dirs=0 links=0 logical=0 wire=0 resumed=0 skipped=100000 metadata_index_entries=100051 metadata_scanned=100051 metadata_lookups=200051 metadata_sql=401 metadata_prefetch_batches=401 metadata_prefetch_entries=100000 metadata_cache_hits=0 metadata_found=200051 metadata_inserts=0 metadata_updates=0 checkpoint_hits=0 checkpoint_checks=100051
changed_scan            0.2001s       499798 entries/s rss_kib=29804
  put: files=1 dirs=1 links=0 logical=19 wire=19 resumed=0 skipped=100000 metadata_index_entries=100052 metadata_scanned=100052 metadata_lookups=200053 metadata_sql=401 metadata_prefetch_batches=401 metadata_prefetch_entries=100001 metadata_cache_hits=0 metadata_found=200051 metadata_inserts=1 metadata_updates=1 checkpoint_hits=0 checkpoint_checks=100052
cache_bytes=21917696

metadata_backend=lmdb
first_full              4.5000s        22222 entries/s rss_kib=40364
  put: files=100000 dirs=51 links=0 logical=3200000 wire=3200000 resumed=0 skipped=0 metadata_index_entries=100051 metadata_scanned=100051 metadata_lookups=0 metadata_sql=0 metadata_prefetch_batches=0 metadata_prefetch_entries=0 metadata_cache_hits=0 metadata_found=0 metadata_inserts=100051 metadata_updates=0 checkpoint_hits=0 checkpoint_checks=100051
unchanged_scan          0.2039s       490494 entries/s rss_kib=29768
  put: files=0 dirs=0 links=0 logical=0 wire=0 resumed=0 skipped=100000 metadata_index_entries=100051 metadata_scanned=100051 metadata_lookups=200051 metadata_sql=401 metadata_prefetch_batches=401 metadata_prefetch_entries=100000 metadata_cache_hits=0 metadata_found=200051 metadata_inserts=0 metadata_updates=0 checkpoint_hits=0 checkpoint_checks=100051
changed_scan            0.2013s       496857 entries/s rss_kib=29892
  put: files=1 dirs=1 links=0 logical=19 wire=19 resumed=0 skipped=100000 metadata_index_entries=100052 metadata_scanned=100052 metadata_lookups=200053 metadata_sql=401 metadata_prefetch_batches=401 metadata_prefetch_entries=100001 metadata_cache_hits=0 metadata_found=200051 metadata_inserts=1 metadata_updates=1 checkpoint_hits=0 checkpoint_checks=100052
cache_bytes=21917696

metadata_backend=lmdb
first_full              4.7061s        21249 entries/s rss_kib=40348
  put: files=100000 dirs=51 links=0 logical=3200000 wire=3200000 resumed=0 skipped=0 metadata_index_entries=100051 metadata_scanned=100051 metadata_lookups=0 metadata_sql=0 metadata_prefetch_batches=0 metadata_prefetch_entries=0 metadata_cache_hits=0 metadata_found=0 metadata_inserts=100051 metadata_updates=0 checkpoint_hits=0 checkpoint_checks=100051
unchanged_scan          0.2003s       499331 entries/s rss_kib=30020
  put: files=0 dirs=0 links=0 logical=0 wire=0 resumed=0 skipped=100000 metadata_index_entries=100051 metadata_scanned=100051 metadata_lookups=200051 metadata_sql=401 metadata_prefetch_batches=401 metadata_prefetch_entries=100000 metadata_cache_hits=0 metadata_found=200051 metadata_inserts=0 metadata_updates=0 checkpoint_hits=0 checkpoint_checks=100051
changed_scan            0.2100s       476122 entries/s rss_kib=29860
  put: files=1 dirs=1 links=0 logical=19 wire=19 resumed=0 skipped=100000 metadata_index_entries=100052 metadata_scanned=100052 metadata_lookups=200053 metadata_sql=401 metadata_prefetch_batches=401 metadata_prefetch_entries=100001 metadata_cache_hits=0 metadata_found=200051 metadata_inserts=1 metadata_updates=1 checkpoint_hits=0 checkpoint_checks=100052
cache_bytes=21917696

