diff --git a/fs-backup/fsclient/config.cpp b/fs-backup/fsclient/config.cpp
index 929e483..9a86400 100644
--- a/fs-backup/fsclient/config.cpp
+++ b/fs-backup/fsclient/config.cpp
@@ -1,40 +1,16 @@
 #include "config.h"
 #include "rpc.h"
+#include "rdb-config.h"
 
 #include <errno.h>
 #include <string.h>
-#include <ini.h>
 #include <stdlib.h>
 
-static int config_index = 0;
 static CliConfig _config[2];
 CliConfig *g_pConfig = &_config[0];
 
 #define SECTION_NAME "fsclient"
 
-static int do_parse_config(void *user, const char *section, const char *name,
-			   const char *value)
-{
-	CliConfig *p_config = (CliConfig *)user;
-
-#define MATCH(s, n) strcmp(section, s) == 0 && strcmp(name, n) == 0
-
-	if (MATCH(SECTION_NAME, "check_data")) {
-		p_config->check_data = atoi(value);
-	} else if (MATCH(SECTION_NAME, "retry")) {
-		p_config->retry = atoi(value);
-	} else if (MATCH(SECTION_NAME, "keepalive")) {
-		p_config->keepalive = atoi(value);
-	} else if (MATCH(SECTION_NAME, "read_timeout")) {
-		p_config->read_timeout = atoi(value);
-	} else if (MATCH(SECTION_NAME, "parallel")) {
-		p_config->parallel = atoi(value);
-	} else {
-		return 0;
-	}
-	return 1;
-}
-
 int fsclient_check_config(CliConfig *p_config, char *err_msg, int len)
 {
 	if (p_config->check_data != 0 && p_config->check_data != 1) {
@@ -57,26 +33,44 @@ int fsclient_check_config(CliConfig *p_config, char *err_msg, int len)
 	return 0;
 }
 
-static int parse_config(const char *config_file, char *err_msg, int len)
+static int fsclient_parse_config(const char *config_file, char *err_msg, int len)
 {
-	int tmp_index = (config_index + 1) % 2;
-	CliConfig *p_config = &_config[tmp_index];
-
-	*p_config = *g_pConfig;
+	const char *config_path = config_file != NULL ? config_file :
+							DEFAULT_RDB_CONFIG_PATH;
 
-	if (ini_parse(config_file, do_parse_config, p_config) < 0) {
+	/* 接入集中式 rdb config 参数注册表：reload 时重新解析中央 rdb.conf 刷新
+	 * store；参数经 sec_get_* 走 env>工具段>默认 的解析链，与全仓统一参数
+	 * 管理一致。解析失败且文件缺失（ENOENT）则保留默认值，与历史行为一致。 */
+	if (parse_config(config_path, err_msg, len) != 0) {
+		if (errno == ENOENT)
+			return 0;
 		return -1;
 	}
-	if (fsclient_check_config(p_config, err_msg, len) < 0) {
+
+	/* sec_get_bool 非法值返回 -1（fail-closed）；CliConfig.check_data 为 bool
+	 * 会截断 -1 成 1，故先用 int 临时量拦截，非法即拒绝启动。 */
+	CliConfig tmp = *g_pConfig;
+	int v;
+	v = sec_get_bool(PARAM_FSCLIENT_CHECK_DATA);
+	if (v < 0) {
+		snprintf(err_msg, len, "invalid [fsclient]check_data");
 		return -1;
 	}
-	config_index = tmp_index;
-	g_pConfig = p_config;
-	set_rpc_check_data(g_pConfig->check_data);
-	set_rpc_keepalive_interval(g_pConfig->keepalive);
-	set_rpc_retry(g_pConfig->retry);
-	set_rpc_read_timeout(g_pConfig->read_timeout);
-	set_rpc_parallel(g_pConfig->parallel);
+	tmp.check_data = (bool)v;
+	tmp.retry = sec_get_int(PARAM_FSCLIENT_RETRY);
+	tmp.keepalive = sec_get_int(PARAM_FSCLIENT_KEEPALIVE);
+	tmp.read_timeout = sec_get_int(PARAM_FSCLIENT_READ_TIMEOUT);
+	tmp.parallel = sec_get_int(PARAM_FSCLIENT_PARALLEL);
+
+	if (fsclient_check_config(&tmp, err_msg, len) < 0)
+		return -1;
+
+	set_rpc_check_data(tmp.check_data);
+	set_rpc_keepalive_interval(tmp.keepalive);
+	set_rpc_retry(tmp.retry);
+	set_rpc_read_timeout(tmp.read_timeout);
+	set_rpc_parallel(tmp.parallel);
+	*g_pConfig = tmp;
 	return 0;
 }
 
@@ -94,7 +88,7 @@ int fsclient_init_config(const char *config_file, char *err_msg, int len)
 	g_pConfig->rpc_port = 6611;
 	g_pConfig->source_port = 6611;
 
-	if (parse_config(config_path, err_msg, len) < 0) {
+	if (fsclient_parse_config(config_path, err_msg, len) < 0) {
 		if (errno == ENOENT) {
 			return 0;
 		}
diff --git a/fs-backup/fsdeamon/config.cpp b/fs-backup/fsdeamon/config.cpp
index 4598196..833b8da 100644
--- a/fs-backup/fsdeamon/config.cpp
+++ b/fs-backup/fsdeamon/config.cpp
@@ -1,38 +1,17 @@
 #include "config.h"
 #include "rpc.h"
+#include "rdb-config.h"
 
+#include <errno.h>
 #include <string.h>
-#include <ini.h>
 #include <stdlib.h>
 #include <unistd.h>
 
-static int config_index = 0;
 static Config _config[2];
-Config *g_pConfig = &_config[config_index];
+Config *g_pConfig = &_config[0];
 
 #define SECTION_NAME "fsdaemon"
 
-static int do_parse_config(void *user, const char *section, const char *name,
-			   const char *value)
-{
-	Config *p_config = (Config *)user;
-
-#define MATCH(s, n) strcmp(section, s) == 0 && strcmp(name, n) == 0
-
-	if (MATCH(SECTION_NAME, "check_data")) {
-		p_config->check_data = atoi(value);
-	} else if (MATCH(SECTION_NAME, "debug")) {
-		p_config->debug = atoi(value);
-	} else if (MATCH(SECTION_NAME, "keepalive")) {
-		p_config->keepalive = atoi(value);
-	} else if (MATCH(SECTION_NAME, "retry")) {
-		p_config->retry = atoi(value);
-	} else {
-		return 0;
-	}
-	return 1;
-}
-
 int fsdeamon_check_config(Config *p_config, char *err_msg, int len)
 {
 	if (p_config->check_data != 0 && p_config->check_data != 1) {
@@ -56,23 +35,44 @@ int fsdeamon_check_config(Config *p_config, char *err_msg, int len)
 
 int fsdeamon_parse_config(const char *config_file, char *err_msg, int len)
 {
-	int tmp_index = (config_index + 1) % 2;
-	Config *p_config = &_config[tmp_index];
+	const char *config_path = config_file != NULL ? config_file :
+							DEFAULT_RDB_CONFIG_PATH;
 
-	*p_config = *g_pConfig;
+	/* 接入集中式 rdb config 参数注册表：reload 时重新解析中央 rdb.conf 刷新
+	 * store；参数经 sec_get_* 走 env>工具段>默认 的解析链，与全仓统一参数
+	 * 管理一致。解析失败且文件缺失（ENOENT）则保留默认值，与历史行为一致。 */
+	if (parse_config(config_path, err_msg, len) != 0) {
+		if (errno == ENOENT)
+			return 0;
+		return -1;
+	}
 
-	if (ini_parse(config_file, do_parse_config, p_config) < 0) {
+	/* sec_get_bool 非法值返回 -1（fail-closed）；Config.check_data/debug 为
+	 * bool 会截断 -1 成 1，故先用 int 临时量拦截，非法即拒绝启动。 */
+	Config tmp = *g_pConfig;
+	int v;
+	v = sec_get_bool(PARAM_FSDEAMON_CHECK_DATA);
+	if (v < 0) {
+		snprintf(err_msg, len, "invalid [fsdaemon]check_data");
 		return -1;
 	}
-	if (fsdeamon_check_config(p_config, err_msg, len) < 0) {
+	tmp.check_data = (bool)v;
+	v = sec_get_bool(PARAM_FSDEAMON_DEBUG);
+	if (v < 0) {
+		snprintf(err_msg, len, "invalid [fsdaemon]debug");
 		return -1;
 	}
-	config_index = tmp_index;
-	g_pConfig = p_config;
+	tmp.debug = (bool)v;
+	tmp.keepalive = sec_get_int(PARAM_FSDEAMON_KEEPALIVE);
+	tmp.retry = sec_get_int(PARAM_FSDEAMON_RETRY);
+
+	if (fsdeamon_check_config(&tmp, err_msg, len) < 0)
+		return -1;
 
-	set_rpc_check_data(g_pConfig->check_data);
-	set_rpc_keepalive_interval(g_pConfig->keepalive);
-	set_rpc_retry(g_pConfig->retry);
+	set_rpc_check_data(tmp.check_data);
+	set_rpc_keepalive_interval(tmp.keepalive);
+	set_rpc_retry(tmp.retry);
+	*g_pConfig = tmp;
 	return 0;
 }
 
diff --git a/libs/rdb-config.c b/libs/rdb-config.c
index ca78a6d..7b5f01b 100644
--- a/libs/rdb-config.c
+++ b/libs/rdb-config.c
@@ -262,6 +262,60 @@ static const config_param_desc_t g_param_table[PARAM_COUNT] = {
 		SEC_GLOBAL_SECTION, SEC_GLOBAL_CIPHERSUITES_KEY,
 		CFG_TYPE_STR, RPC_TLS_ALGORITHM_DEFAULT,
 		"rdbcomm 客户端算法（默认 SM4_GCM_SM3）"},
+	[PARAM_FSDEAMON_CHECK_DATA] = {
+		FSDEAMON_CHECK_DATA_ENV,
+		FSDEAMON_TOOL_SECTION, "check_data",
+		NULL, NULL,
+		CFG_TYPE_BOOL, "0",
+		"fsdeamon 数据校验开关（fail-closed：非 0/1 拒绝启动）"},
+	[PARAM_FSDEAMON_DEBUG] = {
+		FSDEAMON_DEBUG_ENV,
+		FSDEAMON_TOOL_SECTION, "debug",
+		NULL, NULL,
+		CFG_TYPE_BOOL, "0",
+		"fsdeamon 调试开关（fail-closed：非 0/1 拒绝启动）"},
+	[PARAM_FSDEAMON_KEEPALIVE] = {
+		FSDEAMON_KEEPALIVE_ENV,
+		FSDEAMON_TOOL_SECTION, "keepalive",
+		NULL, NULL,
+		CFG_TYPE_INT, "30",
+		"fsdeamon 保活心跳间隔（秒），非法值回退默认"},
+	[PARAM_FSDEAMON_RETRY] = {
+		FSDEAMON_RETRY_ENV,
+		FSDEAMON_TOOL_SECTION, "retry",
+		NULL, NULL,
+		CFG_TYPE_INT, "3",
+		"fsdeamon 重试次数，非法值回退默认"},
+	[PARAM_FSCLIENT_CHECK_DATA] = {
+		FSCLIENT_CHECK_DATA_ENV,
+		FSCLIENT_TOOL_SECTION, "check_data",
+		NULL, NULL,
+		CFG_TYPE_BOOL, "0",
+		"fsclient 数据校验开关（fail-closed：非 0/1 拒绝启动）"},
+	[PARAM_FSCLIENT_RETRY] = {
+		FSCLIENT_RETRY_ENV,
+		FSCLIENT_TOOL_SECTION, "retry",
+		NULL, NULL,
+		CFG_TYPE_INT, "3",
+		"fsclient 重试次数，非法值回退默认"},
+	[PARAM_FSCLIENT_KEEPALIVE] = {
+		FSCLIENT_KEEPALIVE_ENV,
+		FSCLIENT_TOOL_SECTION, "keepalive",
+		NULL, NULL,
+		CFG_TYPE_INT, "30",
+		"fsclient 保活心跳间隔（秒），非法值回退默认"},
+	[PARAM_FSCLIENT_READ_TIMEOUT] = {
+		FSCLIENT_READ_TIMEOUT_ENV,
+		FSCLIENT_TOOL_SECTION, "read_timeout",
+		NULL, NULL,
+		CFG_TYPE_INT, "120000",
+		"fsclient 读超时（毫秒），非法值回退默认"},
+	[PARAM_FSCLIENT_PARALLEL] = {
+		FSCLIENT_PARALLEL_ENV,
+		FSCLIENT_TOOL_SECTION, "parallel",
+		NULL, NULL,
+		CFG_TYPE_INT, "1",
+		"fsclient 并发数，非法值回退默认"},
 };
 
 const config_param_desc_t *config_param_table(int *count)
diff --git a/libs/rdb-config.h b/libs/rdb-config.h
index fa6b90d..1afc68d 100644
--- a/libs/rdb-config.h
+++ b/libs/rdb-config.h
@@ -56,6 +56,19 @@ typedef struct {
 #define AIO_SPEEDD_TOOL_SECTION "aio-speedd"
 #define AIO_SPEEDD_MTLS_ENABLE_ENV "AIO_SPEEDD_MTLS_ENABLE"
 #define AIO_SPEEDD_TLS_ALGORITHM_ENV "AIO_SPEEDD_TLS_ALGORITHM"
+#define FSDEAMON_TOOL_NAME "fsdeamon"
+#define FSDEAMON_TOOL_SECTION "fsdaemon"
+#define FSDEAMON_CHECK_DATA_ENV "FSDEAMON_CHECK_DATA"
+#define FSDEAMON_DEBUG_ENV "FSDEAMON_DEBUG"
+#define FSDEAMON_KEEPALIVE_ENV "FSDEAMON_KEEPALIVE"
+#define FSDEAMON_RETRY_ENV "FSDEAMON_RETRY"
+#define FSCLIENT_TOOL_NAME "fsclient"
+#define FSCLIENT_TOOL_SECTION "fsclient"
+#define FSCLIENT_CHECK_DATA_ENV "FSCLIENT_CHECK_DATA"
+#define FSCLIENT_RETRY_ENV "FSCLIENT_RETRY"
+#define FSCLIENT_KEEPALIVE_ENV "FSCLIENT_KEEPALIVE"
+#define FSCLIENT_READ_TIMEOUT_ENV "FSCLIENT_READ_TIMEOUT"
+#define FSCLIENT_PARALLEL_ENV "FSCLIENT_PARALLEL"
 
 #ifdef __cplusplus
 extern "C" {
@@ -114,6 +127,15 @@ typedef enum {
 	PARAM_RDBCOMMD_TLS_ALGORITHM,
 	PARAM_RDBCOMM_MTLS_ENABLED,
 	PARAM_RDBCOMM_TLS_ALGORITHM,
+	PARAM_FSDEAMON_CHECK_DATA, /* FSDEAMON_CHECK_DATA_ENV >[fsdaemon]check_data >0 */
+	PARAM_FSDEAMON_DEBUG, /* FSDEAMON_DEBUG_ENV >[fsdaemon]debug >0 */
+	PARAM_FSDEAMON_KEEPALIVE, /* FSDEAMON_KEEPALIVE_ENV >[fsdaemon]keepalive >30 */
+	PARAM_FSDEAMON_RETRY, /* FSDEAMON_RETRY_ENV >[fsdaemon]retry >3 */
+	PARAM_FSCLIENT_CHECK_DATA, /* FSCLIENT_CHECK_DATA_ENV >[fsclient]check_data >0 */
+	PARAM_FSCLIENT_RETRY, /* FSCLIENT_RETRY_ENV >[fsclient]retry >3 */
+	PARAM_FSCLIENT_KEEPALIVE, /* FSCLIENT_KEEPALIVE_ENV >[fsclient]keepalive >30 */
+	PARAM_FSCLIENT_READ_TIMEOUT, /* FSCLIENT_READ_TIMEOUT_ENV >[fsclient]read_timeout >120000 */
+	PARAM_FSCLIENT_PARALLEL, /* FSCLIENT_PARALLEL_ENV >[fsclient]parallel >1 */
 	PARAM_COUNT
 } config_param_id_t;
 
