diff --git a/fs-backup/fsclient/config.cpp b/fs-backup/fsclient/config.cpp
index 929e483..2d5730f 100644
--- a/fs-backup/fsclient/config.cpp
+++ b/fs-backup/fsclient/config.cpp
@@ -1,82 +1,91 @@
 #include "config.h"
 #include "rpc.h"
+#include "rdb-config.h"
 
 #include <errno.h>
 #include <string.h>
-#include <ini.h>
 #include <stdlib.h>
 
-static int config_index = 0;
 static CliConfig _config[2];
 CliConfig *g_pConfig = &_config[0];
 
 #define SECTION_NAME "fsclient"
 
-static int do_parse_config(void *user, const char *section, const char *name,
-			   const char *value)
+int fsclient_check_config(CliConfig *p_config, char *err_msg, int len)
 {
-	CliConfig *p_config = (CliConfig *)user;
+	/* T0396：范围与 BOOL 校验已下沉到注册表（PARAM_FSCLIENT_* 的 [min,max]
+	 * / BOOL 严格 0/1，sec_get_int/sec_get_bool 越界即 fail-closed）。
+	 * 跨参数语义不变量若未来出现，在此追加；当前无剩余检查。 */
+	(void)p_config;
+	(void)err_msg;
+	(void)len;
+	return 0;
+}
 
-#define MATCH(s, n) strcmp(section, s) == 0 && strcmp(name, n) == 0
+static int fsclient_parse_config(const char *config_file, char *err_msg, int len)
+{
+	const char *config_path = config_file != NULL ? config_file :
+							DEFAULT_RDB_CONFIG_PATH;
 
-	if (MATCH(SECTION_NAME, "check_data")) {
-		p_config->check_data = atoi(value);
-	} else if (MATCH(SECTION_NAME, "retry")) {
-		p_config->retry = atoi(value);
-	} else if (MATCH(SECTION_NAME, "keepalive")) {
-		p_config->keepalive = atoi(value);
-	} else if (MATCH(SECTION_NAME, "read_timeout")) {
-		p_config->read_timeout = atoi(value);
-	} else if (MATCH(SECTION_NAME, "parallel")) {
-		p_config->parallel = atoi(value);
-	} else {
-		return 0;
+	/* 接入集中式 rdb config 参数注册表：reload 时重新解析中央 rdb.conf 刷新
+	 * store；参数经 sec_get_* 走 env>工具段>默认 的解析链，与全仓统一参数
+	 * 管理一致。解析失败且文件缺失（ENOENT）则保留默认值，与历史行为一致。 */
+	if (parse_config(config_path, err_msg, len) != 0) {
+		if (errno == ENOENT)
+			return 0;
+		return -1;
 	}
-	return 1;
-}
 
-int fsclient_check_config(CliConfig *p_config, char *err_msg, int len)
-{
-	if (p_config->check_data != 0 && p_config->check_data != 1) {
-		snprintf(err_msg, len, "check_data should be 0 or 1");
+	/* sec_get_bool 非法值返回 -1（fail-closed）；CliConfig.check_data 为 bool
+	 * 会截断 -1 成 1，故先用 int 临时量拦截，非法即拒绝启动。 */
+	CliConfig tmp = *g_pConfig;
+	int v;
+	v = sec_get_bool(PARAM_FSCLIENT_CHECK_DATA);
+	if (v < 0) {
+		snprintf(err_msg, len, "invalid [fsclient]check_data");
 		return -1;
 	}
-	if (p_config->retry <= 0) {
-		snprintf(err_msg, len, "retry should be greater than 0");
+	tmp.check_data = (bool)v;
+
+	/* T0396：INT 范围已下沉到注册表；sec_get_int 越界返回 -1（fail-closed），
+	 * 此处检测并产出可读错误，移除工具侧冗余范围检查。 */
+	int retry = sec_get_int(PARAM_FSCLIENT_RETRY);
+	if (retry < 0) {
+		snprintf(err_msg, len, "invalid [fsclient]retry (expect >=%d)", 1);
 		return -1;
 	}
-	if (p_config->keepalive < 0) {
+	tmp.retry = retry;
+	int keepalive = sec_get_int(PARAM_FSCLIENT_KEEPALIVE);
+	if (keepalive < 0) {
 		snprintf(err_msg, len,
-			 "keepalive should be greater than or equal to 0");
+			 "invalid [fsclient]keepalive (expect >=%d)", 0);
 		return -1;
 	}
-	if (p_config->parallel <= 0) {
-		snprintf(err_msg, len, "parallel should be greater than 0");
+	tmp.keepalive = keepalive;
+	int read_timeout = sec_get_int(PARAM_FSCLIENT_READ_TIMEOUT);
+	if (read_timeout < 0) {
+		snprintf(err_msg, len,
+			 "invalid [fsclient]read_timeout (expect >=%d)", 1);
 		return -1;
 	}
-	return 0;
-}
-
-static int parse_config(const char *config_file, char *err_msg, int len)
-{
-	int tmp_index = (config_index + 1) % 2;
-	CliConfig *p_config = &_config[tmp_index];
-
-	*p_config = *g_pConfig;
-
-	if (ini_parse(config_file, do_parse_config, p_config) < 0) {
+	tmp.read_timeout = read_timeout;
+	int parallel = sec_get_int(PARAM_FSCLIENT_PARALLEL);
+	if (parallel < 0) {
+		snprintf(err_msg, len, "invalid [fsclient]parallel (expect >=%d)",
+			 1);
 		return -1;
 	}
-	if (fsclient_check_config(p_config, err_msg, len) < 0) {
+	tmp.parallel = parallel;
+
+	if (fsclient_check_config(&tmp, err_msg, len) < 0)
 		return -1;
-	}
-	config_index = tmp_index;
-	g_pConfig = p_config;
-	set_rpc_check_data(g_pConfig->check_data);
-	set_rpc_keepalive_interval(g_pConfig->keepalive);
-	set_rpc_retry(g_pConfig->retry);
-	set_rpc_read_timeout(g_pConfig->read_timeout);
-	set_rpc_parallel(g_pConfig->parallel);
+
+	set_rpc_check_data(tmp.check_data);
+	set_rpc_keepalive_interval(tmp.keepalive);
+	set_rpc_retry(tmp.retry);
+	set_rpc_read_timeout(tmp.read_timeout);
+	set_rpc_parallel(tmp.parallel);
+	*g_pConfig = tmp;
 	return 0;
 }
 
@@ -94,7 +103,7 @@ int fsclient_init_config(const char *config_file, char *err_msg, int len)
 	g_pConfig->rpc_port = 6611;
 	g_pConfig->source_port = 6611;
 
-	if (parse_config(config_path, err_msg, len) < 0) {
+	if (fsclient_parse_config(config_path, err_msg, len) < 0) {
 		if (errno == ENOENT) {
 			return 0;
 		}
diff --git a/fs-backup/fsdeamon/config.cpp b/fs-backup/fsdeamon/config.cpp
index 4598196..71bd85f 100644
--- a/fs-backup/fsdeamon/config.cpp
+++ b/fs-backup/fsdeamon/config.cpp
@@ -1,78 +1,83 @@
 #include "config.h"
 #include "rpc.h"
+#include "rdb-config.h"
 
+#include <errno.h>
 #include <string.h>
-#include <ini.h>
 #include <stdlib.h>
 #include <unistd.h>
 
-static int config_index = 0;
 static Config _config[2];
-Config *g_pConfig = &_config[config_index];
+Config *g_pConfig = &_config[0];
 
 #define SECTION_NAME "fsdaemon"
 
-static int do_parse_config(void *user, const char *section, const char *name,
-			   const char *value)
+int fsdeamon_check_config(Config *p_config, char *err_msg, int len)
 {
-	Config *p_config = (Config *)user;
-
-#define MATCH(s, n) strcmp(section, s) == 0 && strcmp(name, n) == 0
-
-	if (MATCH(SECTION_NAME, "check_data")) {
-		p_config->check_data = atoi(value);
-	} else if (MATCH(SECTION_NAME, "debug")) {
-		p_config->debug = atoi(value);
-	} else if (MATCH(SECTION_NAME, "keepalive")) {
-		p_config->keepalive = atoi(value);
-	} else if (MATCH(SECTION_NAME, "retry")) {
-		p_config->retry = atoi(value);
-	} else {
-		return 0;
-	}
-	return 1;
+	/* T0396：范围与 BOOL 校验已下沉到注册表（PARAM_FSDEAMON_* 的 [min,max]
+	 * / BOOL 严格 0/1，sec_get_int/sec_get_bool 越界即 fail-closed）。
+	 * 跨参数语义不变量若未来出现，在此追加；当前无剩余检查。 */
+	(void)p_config;
+	(void)err_msg;
+	(void)len;
+	return 0;
 }
 
-int fsdeamon_check_config(Config *p_config, char *err_msg, int len)
+int fsdeamon_parse_config(const char *config_file, char *err_msg, int len)
 {
-	if (p_config->check_data != 0 && p_config->check_data != 1) {
-		snprintf(err_msg, len, "check_data must be 0 or 1");
+	const char *config_path = config_file != NULL ? config_file :
+							DEFAULT_RDB_CONFIG_PATH;
+
+	/* 接入集中式 rdb config 参数注册表：reload 时重新解析中央 rdb.conf 刷新
+	 * store；参数经 sec_get_* 走 env>工具段>默认 的解析链，与全仓统一参数
+	 * 管理一致。解析失败且文件缺失（ENOENT）则保留默认值，与历史行为一致。 */
+	if (parse_config(config_path, err_msg, len) != 0) {
+		if (errno == ENOENT)
+			return 0;
 		return -1;
 	}
-	if (p_config->debug != 0 && p_config->debug != 1) {
-		snprintf(err_msg, len, "debug must be 0 or 1");
+
+	/* sec_get_bool 非法值返回 -1（fail-closed）；Config.check_data/debug 为
+	 * bool 会截断 -1 成 1，故先用 int 临时量拦截，非法即拒绝启动。 */
+	Config tmp = *g_pConfig;
+	int v;
+	v = sec_get_bool(PARAM_FSDEAMON_CHECK_DATA);
+	if (v < 0) {
+		snprintf(err_msg, len, "invalid [fsdaemon]check_data");
 		return -1;
 	}
-	if (p_config->keepalive < 0) {
-		snprintf(err_msg, len, "keepalive must be greater than 0");
+	tmp.check_data = (bool)v;
+	v = sec_get_bool(PARAM_FSDEAMON_DEBUG);
+	if (v < 0) {
+		snprintf(err_msg, len, "invalid [fsdaemon]debug");
 		return -1;
 	}
-	if (p_config->retry < 0) {
-		snprintf(err_msg, len, "retry must be greater than 0");
+	tmp.debug = (bool)v;
+
+	/* T0396：INT 范围已下沉到注册表；sec_get_int 越界返回 -1（fail-closed），
+	 * 此处检测并产出可读错误，移除工具侧冗余范围检查。 */
+	int keepalive = sec_get_int(PARAM_FSDEAMON_KEEPALIVE);
+	if (keepalive < 0) {
+		snprintf(err_msg, len, "invalid [fsdaemon]keepalive (expect >=%d)",
+			 (int)0);
 		return -1;
 	}
-	return 0;
-}
-
-int fsdeamon_parse_config(const char *config_file, char *err_msg, int len)
-{
-	int tmp_index = (config_index + 1) % 2;
-	Config *p_config = &_config[tmp_index];
-
-	*p_config = *g_pConfig;
-
-	if (ini_parse(config_file, do_parse_config, p_config) < 0) {
+	tmp.keepalive = keepalive;
+	int retry = sec_get_int(PARAM_FSDEAMON_RETRY);
+	if (retry < 0) {
+		snprintf(err_msg, len, "invalid [fsdaemon]retry (expect >=%d)",
+			 (int)0);
 		return -1;
 	}
-	if (fsdeamon_check_config(p_config, err_msg, len) < 0) {
+	tmp.retry = retry;
+
+	if (fsdeamon_check_config(&tmp, err_msg, len) < 0)
 		return -1;
-	}
-	config_index = tmp_index;
-	g_pConfig = p_config;
 
-	set_rpc_check_data(g_pConfig->check_data);
-	set_rpc_keepalive_interval(g_pConfig->keepalive);
-	set_rpc_retry(g_pConfig->retry);
+	set_rpc_check_data(tmp.check_data);
+	set_rpc_keepalive_interval(tmp.keepalive);
+	set_rpc_retry(tmp.retry);
+	*g_pConfig = tmp;
 	return 0;
 }
 
diff --git a/libs/rdb-config.c b/libs/rdb-config.c
index ca78a6d..abff191 100644
--- a/libs/rdb-config.c
+++ b/libs/rdb-config.c
@@ -3,6 +3,7 @@
 
 #include <errno.h>
 #include <ini.h>
+#include <limits.h>
 #include <stdio.h>
 #include <string.h>
 #include <stdlib.h>
@@ -195,7 +196,8 @@ static const config_param_desc_t g_param_table[PARAM_COUNT] = {
 		NULL, NULL,
 		SEC_GLOBAL_SECTION, SEC_GLOBAL_CERT_DIR_KEY,
 		CFG_TYPE_STR, DEFAULT_CERT_DIR,
-		"证书目录（各工具 mTLS 证书三件套所在）"},
+		"证书目录（各工具 mTLS 证书三件套所在）", 0, 0, 0, 4095,
+		CFG_INVALID_FAIL_CLOSED},
 	[PARAM_SBT_MTLS_ENABLED] = {
 		SBT_MTLS_ENABLE_ENV,
 		NULL, NULL,
@@ -262,6 +264,115 @@ static const config_param_desc_t g_param_table[PARAM_COUNT] = {
 		SEC_GLOBAL_SECTION, SEC_GLOBAL_CIPHERSUITES_KEY,
 		CFG_TYPE_STR, RPC_TLS_ALGORITHM_DEFAULT,
 		"rdbcomm 客户端算法（默认 SM4_GCM_SM3）"},
+	[PARAM_FSDEAMON_CHECK_DATA] = {
+		FSDEAMON_CHECK_DATA_ENV,
+		FSDEAMON_TOOL_SECTION, RPC_TOOL_CHECK_DATA_KEY,
+		NULL, NULL,
+		CFG_TYPE_BOOL, "0",
+		"fsdeamon 数据校验开关（fail-closed：非 0/1 拒绝启动）"},
+	[PARAM_FSDEAMON_DEBUG] = {
+		FSDEAMON_DEBUG_ENV,
+		FSDEAMON_TOOL_SECTION, RPC_TOOL_DEBUG_KEY,
+		NULL, NULL,
+		CFG_TYPE_BOOL, "0",
+		"fsdeamon 调试开关（fail-closed：非 0/1 拒绝启动）"},
+	[PARAM_FSDEAMON_KEEPALIVE] = {
+		FSDEAMON_KEEPALIVE_ENV,
+		FSDEAMON_TOOL_SECTION, RPC_TOOL_KEEPALIVE_KEY,
+		NULL, NULL,
+		CFG_TYPE_INT, "30",
+		"fsdeamon 保活心跳间隔（秒），非法值回退默认", 1, 0, LONG_MAX, 0,
+		CFG_INVALID_FAIL_CLOSED},
+	[PARAM_FSDEAMON_RETRY] = {
+		FSDEAMON_RETRY_ENV,
+		FSDEAMON_TOOL_SECTION, RPC_TOOL_RETRY_KEY,
+		NULL, NULL,
+		CFG_TYPE_INT, "3",
+		"fsdeamon 重试次数，非法值回退默认", 1, 0, LONG_MAX, 0,
+		CFG_INVALID_FAIL_CLOSED},
+	[PARAM_FSCLIENT_CHECK_DATA] = {
+		FSCLIENT_CHECK_DATA_ENV,
+		FSCLIENT_TOOL_SECTION, RPC_TOOL_CHECK_DATA_KEY,
+		NULL, NULL,
+		CFG_TYPE_BOOL, "0",
+		"fsclient 数据校验开关（fail-closed：非 0/1 拒绝启动）"},
+	[PARAM_FSCLIENT_RETRY] = {
+		FSCLIENT_RETRY_ENV,
+		FSCLIENT_TOOL_SECTION, RPC_TOOL_RETRY_KEY,
+		NULL, NULL,
+		CFG_TYPE_INT, "3",
+		"fsclient 重试次数，非法值回退默认", 1, 1, LONG_MAX, 0,
+		CFG_INVALID_FAIL_CLOSED},
+	[PARAM_FSCLIENT_KEEPALIVE] = {
+		FSCLIENT_KEEPALIVE_ENV,
+		FSCLIENT_TOOL_SECTION, RPC_TOOL_KEEPALIVE_KEY,
+		NULL, NULL,
+		CFG_TYPE_INT, "30",
+		"fsclient 保活心跳间隔（秒），非法值回退默认", 1, 0, LONG_MAX, 0,
+		CFG_INVALID_FAIL_CLOSED},
+	[PARAM_FSCLIENT_READ_TIMEOUT] = {
+		FSCLIENT_READ_TIMEOUT_ENV,
+		FSCLIENT_TOOL_SECTION, RPC_TOOL_READ_TIMEOUT_KEY,
+		NULL, NULL,
+		CFG_TYPE_INT, "120000",
+		"fsclient 读超时（毫秒），非法值回退默认", 1, 1, LONG_MAX, 0,
+		CFG_INVALID_FAIL_CLOSED},
+	[PARAM_FSCLIENT_PARALLEL] = {
+		FSCLIENT_PARALLEL_ENV,
+		FSCLIENT_TOOL_SECTION, RPC_TOOL_PARALLEL_KEY,
+		NULL, NULL,
+		CFG_TYPE_INT, "1",
+		"fsclient 并发数，非法值回退默认", 1, 1, LONG_MAX, 0,
+		CFG_INVALID_FAIL_CLOSED},
+	/* T0395：rpc tunable 统一接入注册表。layer2=[aio-speedd]（服务端权威段）
+	 * 优先，回落 layer3=[aio-speed]（嵌入方/默认段），覆盖用户裁定的两段。 */
+	[PARAM_RPC_CHECK_DATA] = {
+		RPC_TOOL_CHECK_DATA_ENV,
+		AIO_SPEEDD_TOOL_SECTION, RPC_TOOL_CHECK_DATA_KEY,
+		AIO_SPEED_TOOL_SECTION, RPC_TOOL_CHECK_DATA_KEY,
+		CFG_TYPE_BOOL, "0",
+		"rpc 数据校验开关（fail-closed：非 0/1 拒绝启动）"},
+	[PARAM_RPC_DEBUG] = {
+		RPC_TOOL_DEBUG_ENV,
+		AIO_SPEEDD_TOOL_SECTION, RPC_TOOL_DEBUG_KEY,
+		AIO_SPEED_TOOL_SECTION, RPC_TOOL_DEBUG_KEY,
+		CFG_TYPE_BOOL, "0",
+		"rpc 调试开关（fail-closed：非 0/1 拒绝启动）"},
+	[PARAM_RPC_KEEPALIVE] = {
+		RPC_TOOL_KEEPALIVE_ENV,
+		AIO_SPEEDD_TOOL_SECTION, RPC_TOOL_KEEPALIVE_KEY,
+		AIO_SPEED_TOOL_SECTION, RPC_TOOL_KEEPALIVE_KEY,
+		CFG_TYPE_INT, "30",
+		"rpc 保活心跳间隔（秒），非法值回退默认", 1, 0, LONG_MAX, 0,
+		CFG_INVALID_FAIL_CLOSED},
+	[PARAM_RPC_PARALLEL] = {
+		RPC_TOOL_PARALLEL_ENV,
+		AIO_SPEEDD_TOOL_SECTION, RPC_TOOL_PARALLEL_KEY,
+		AIO_SPEED_TOOL_SECTION, RPC_TOOL_PARALLEL_KEY,
+		CFG_TYPE_INT, "4",
+		"rpc 并发数，非法值回退默认", 1, 1, LONG_MAX, 0,
+		CFG_INVALID_FAIL_CLOSED},
+	[PARAM_RPC_READ_TIMEOUT] = {
+		RPC_TOOL_READ_TIMEOUT_ENV,
+		AIO_SPEEDD_TOOL_SECTION, RPC_TOOL_READ_TIMEOUT_KEY,
+		AIO_SPEED_TOOL_SECTION, RPC_TOOL_READ_TIMEOUT_KEY,
+		CFG_TYPE_INT, "120000",
+		"rpc 读超时（毫秒），非法值回退默认", 1, 1, LONG_MAX, 0,
+		CFG_INVALID_FAIL_CLOSED},
+	[PARAM_RPC_RETRY] = {
+		RPC_TOOL_RETRY_ENV,
+		AIO_SPEEDD_TOOL_SECTION, RPC_TOOL_RETRY_KEY,
+		AIO_SPEED_TOOL_SECTION, RPC_TOOL_RETRY_KEY,
+		CFG_TYPE_INT, "3",
+		"rpc 重试次数，非法值回退默认", 1, 1, LONG_MAX, 0,
+		CFG_INVALID_FAIL_CLOSED},
+	[PARAM_RPC_DEV_PATH] = {
+		RPC_TOOL_DEV_PATH_ENV,
+		AIO_SPEEDD_TOOL_SECTION, RPC_TOOL_DEV_PATH_KEY,
+		AIO_SPEED_TOOL_SECTION, RPC_TOOL_DEV_PATH_KEY,
+		CFG_TYPE_STR, RDB_DEFAULT_DEV_PATH,
+		"rpc fsbackup 设备路径；aio-speedd 优先，回落 aio-speed", 0, 0, 0,
+		4095, CFG_INVALID_FAIL_CLOSED},
 };
 
 const config_param_desc_t *config_param_table(int *count)
@@ -292,41 +403,63 @@ static int sec_parse_strict_bool(const char *s, int *out)
 	return 0;
 }
 
+/* 边界策略（T0396）：返回三态——1=合法，-1=FAIL_CLOSED（越界拒绝），0=回落默认。
+ * 供 sec_walk_int 与生产无关的单测共同使用。 */
+int sec_test_int_bounds(const config_param_desc_t *p, long val)
+{
+	if (!p->restrict_range)
+		return 1; /* 未限制，合法 */
+	if (val < p->min || val > p->max) {
+		if (p->invalid_policy == CFG_INVALID_FAIL_CLOSED)
+			return -1;
+		return 0; /* 回落默认 */
+	}
+	return 1;
+}
+
 /* 四层遍历核心：env > layer2 > layer3 > def。
- * T3981：全面严格解析（parse_strict_int），任意层非法值返回 -1（fail-closed），
- * 彻底移除宽松 atoi 路径；INT 型参数不再静默降级为 0。 */
+ * T3981：全面严格解析（parse_strict_int），任意层非整数返回 -1（fail-closed）；
+ * T0396：解析出的整数再经 sec_test_int_bounds 施加 [min,max] 闭区间约束。 */
 static int sec_walk_int(const config_param_desc_t *p)
 {
 	long iv;
+	const char *raw = NULL;
 
 	if (p->env_name) {
 		const char *v = getenv(p->env_name);
-		if (v && v[0]) {
-			if (parse_strict_int(v, &iv) != 0)
-				return -1;
-			return (int)iv;
-		}
+		if (v && v[0])
+			raw = v;
 	}
-	if (p->layer2_section && p->layer2_key) {
-		int val = config_get_int(get_config_store(),
-					 p->layer2_section, p->layer2_key,
-					 -1);
-		if (val >= 0)
-			return val;
+	if (!raw && p->layer2_section && p->layer2_key) {
+		const char *val = config_get_string(get_config_store(),
+						    p->layer2_section,
+						    p->layer2_key);
+		if (val && val[0])
+			raw = val;
 	}
-	if (p->layer3_section && p->layer3_key) {
-		int val = config_get_int(get_config_store(),
-					 p->layer3_section, p->layer3_key,
-					 -1);
-		if (val >= 0)
-			return val;
+	if (!raw && p->layer3_section && p->layer3_key) {
+		const char *val = config_get_string(get_config_store(),
+						    p->layer3_section,
+						    p->layer3_key);
+		if (val && val[0])
+			raw = val;
 	}
-	if (p->def) {
-		if (parse_strict_int(p->def, &iv) == 0)
-			return (int)iv;
+	if (!raw)
+		raw = p->def; /* 缺失→默认串 */
+	if (raw == NULL)
 		return -1;
+	if (parse_strict_int(raw, &iv) != 0)
+		return -1; /* 非整数 fail-closed */
+
+	int r = sec_test_int_bounds(p, iv);
+	if (r == -1)
+		return -1; /* 越界 fail-closed */
+	if (r == 0) { /* 越界回落默认 */
+		if (p->def && parse_strict_int(p->def, &iv) == 0)
+			return (int)iv;
+		return -1; /* 默认非法→fail-closed */
 	}
-	return -1;
+	return (int)iv;
 }
 
 /* 同构 strict 版：任一层存在但非全串 "0"/"1" → -1（fail-closed）*/
@@ -367,28 +500,54 @@ static int sec_walk_bool(const config_param_desc_t *p)
 	return -1;
 }
 
+/* 边界策略（T0396，STR 版）：返回三态——1=合法，-1=FAIL_CLOSED（超长拒绝），
+ * 0=回落默认。maxlen==0 表示不限制。供 sec_walk_str 与单测共同使用。 */
+int sec_test_str_bounds(const config_param_desc_t *p, const char *val)
+{
+	if (p->maxlen == 0)
+		return 1; /* 未限制，合法 */
+	if ((long)strlen(val) > (long)p->maxlen) {
+		if (p->invalid_policy == CFG_INVALID_FAIL_CLOSED)
+			return -1;
+		return 0; /* 回落默认 */
+	}
+	return 1;
+}
+
 static const char *sec_walk_str(const config_param_desc_t *p)
 {
+	const char *val = NULL;
+
 	if (p->env_name) {
 		const char *v = getenv(p->env_name);
 		if (v && v[0])
-			return v;
+			val = v;
 	}
-	if (p->layer2_section && p->layer2_key) {
-		const char *val = config_get_string(get_config_store(),
-						    p->layer2_section,
-						    p->layer2_key);
-		if (val && val[0])
-			return val;
+	if (!val && p->layer2_section && p->layer2_key) {
+		const char *v = config_get_string(get_config_store(),
+						 p->layer2_section,
+						 p->layer2_key);
+		if (v && v[0])
+			val = v;
 	}
-	if (p->layer3_section && p->layer3_key) {
-		const char *val = config_get_string(get_config_store(),
-						    p->layer3_section,
-						    p->layer3_key);
-		if (val && val[0])
-			return val;
+	if (!val && p->layer3_section && p->layer3_key) {
+		const char *v = config_get_string(get_config_store(),
+						 p->layer3_section,
+						 p->layer3_key);
+		if (v && v[0])
+			val = v;
 	}
-	return p->def;
+	if (!val)
+		val = p->def; /* 缺失→默认串 */
+	if (val == NULL)
+		return NULL;
+
+	int r = sec_test_str_bounds(p, val);
+	if (r == -1)
+		return NULL; /* 超长 fail-closed */
+	if (r == 0) /* 超长回落默认 */
+		return p->def ? p->def : NULL;
+	return val;
 }
 
 int sec_get_int(config_param_id_t id)
diff --git a/libs/rdb-config.h b/libs/rdb-config.h
index fa6b90d..437793b 100644
--- a/libs/rdb-config.h
+++ b/libs/rdb-config.h
@@ -56,6 +56,39 @@ typedef struct {
 #define AIO_SPEEDD_TOOL_SECTION "aio-speedd"
 #define AIO_SPEEDD_MTLS_ENABLE_ENV "AIO_SPEEDD_MTLS_ENABLE"
 #define AIO_SPEEDD_TLS_ALGORITHM_ENV "AIO_SPEEDD_TLS_ALGORITHM"
+#define FSDEAMON_TOOL_NAME "fsdeamon"
+#define FSDEAMON_TOOL_SECTION "fsdaemon"
+#define FSDEAMON_CHECK_DATA_ENV "FSDEAMON_CHECK_DATA"
+#define FSDEAMON_DEBUG_ENV "FSDEAMON_DEBUG"
+#define FSDEAMON_KEEPALIVE_ENV "FSDEAMON_KEEPALIVE"
+#define FSDEAMON_RETRY_ENV "FSDEAMON_RETRY"
+#define FSCLIENT_TOOL_NAME "fsclient"
+#define FSCLIENT_TOOL_SECTION "fsclient"
+#define FSCLIENT_CHECK_DATA_ENV "FSCLIENT_CHECK_DATA"
+#define FSCLIENT_RETRY_ENV "FSCLIENT_RETRY"
+#define FSCLIENT_KEEPALIVE_ENV "FSCLIENT_KEEPALIVE"
+#define FSCLIENT_READ_TIMEOUT_ENV "FSCLIENT_READ_TIMEOUT"
+#define FSCLIENT_PARALLEL_ENV "FSCLIENT_PARALLEL"
+#define RPC_TOOL_CHECK_DATA_ENV "RPC_TOOL_CHECK_DATA"
+#define RPC_TOOL_DEBUG_ENV "RPC_TOOL_DEBUG"
+#define RPC_TOOL_KEEPALIVE_ENV "RPC_TOOL_KEEPALIVE"
+#define RPC_TOOL_PARALLEL_ENV "RPC_TOOL_PARALLEL"
+#define RPC_TOOL_READ_TIMEOUT_ENV "RPC_TOOL_READ_TIMEOUT"
+#define RPC_TOOL_RETRY_ENV "RPC_TOOL_RETRY"
+#define RPC_TOOL_DEV_PATH_ENV "RPC_TOOL_DEV_PATH"
+
+/* ini key 宏：与 RPC_TOOL_*_ENV 配对，确保 env 名与 ini key 单点定义，
+ * 避免拼写漂移（fs-backup 与 rpc 共用同一组 key）。 */
+#define RPC_TOOL_CHECK_DATA_KEY "check_data"
+#define RPC_TOOL_DEBUG_KEY "debug"
+#define RPC_TOOL_KEEPALIVE_KEY "keepalive"
+#define RPC_TOOL_PARALLEL_KEY "parallel"
+#define RPC_TOOL_READ_TIMEOUT_KEY "read_timeout"
+#define RPC_TOOL_RETRY_KEY "retry"
+#define RPC_TOOL_DEV_PATH_KEY "fsbackup_dev_path"
+/* rpc fsbackup 设备路径默认（与 rpc/rpc-config.h 的 DEFAULT_DEV_PATH 同值，
+ * 此处独立定义以避免 libs 反向依赖 rpc 头文件）*/
+#define RDB_DEFAULT_DEV_PATH "/dev/fsbackup"
 
 #ifdef __cplusplus
 extern "C" {
@@ -82,6 +115,13 @@ typedef enum {
 	CFG_TYPE_STR,
 } config_param_type_t;
 
+/* 边界越界时的处置策略（T0396）。默认 FAIL_CLOSED 与既有工具 check 语义一致：
+ * 越界直接拒绝（INT 返回 -1 / STR 返回 NULL）；FALLBACK_DEFAULT 回落默认值。 */
+typedef enum {
+	CFG_INVALID_FAIL_CLOSED = 0,
+	CFG_INVALID_FALLBACK_DEFAULT = 1,
+} cfg_invalid_policy_t;
+
 /* 单条逻辑参数：执行期解析链 env > layer2 > layer3 > def 的静态描述（T3978/T3979）。
  * layerN_section/layerN_key 成对出现，NULL 表示该参数无此层；
  * def 为字符串形态默认值，NULL 表示"未设置"语义（区别于空串与 "0"），
@@ -95,6 +135,13 @@ typedef struct {
 	config_param_type_t type;
 	const char *def;	/* 第4层默认值；NULL=未设置 */
 	const char *desc;	/* 中文一句话说明 */
+	/* T0396：声明式边界约束。零值默认安全——restrict_range=0 表示不限制、
+	 * maxlen=0 表示不限制、invalid_policy=0=FAIL_CLOSED。 */
+	int restrict_range;	/* 1=启用 [min,max] 闭区间（INT） */
+	long min;		/* restrict_range=1 时的下界 */
+	long max;		/* restrict_range=1 时的上界 */
+	size_t maxlen;		/* STR：>0 时启用长度限制（不含 NUL） */
+	cfg_invalid_policy_t invalid_policy; /* 越界策略 */
 } config_param_desc_t;
 
 /* 参数身份的编译期表达：枚举即 ID，表按其索引 O(1)。
@@ -114,6 +161,22 @@ typedef enum {
 	PARAM_RDBCOMMD_TLS_ALGORITHM,
 	PARAM_RDBCOMM_MTLS_ENABLED,
 	PARAM_RDBCOMM_TLS_ALGORITHM,
+	PARAM_FSDEAMON_CHECK_DATA, /* FSDEAMON_CHECK_DATA_ENV >[fsdaemon]check_data >0 */
+	PARAM_FSDEAMON_DEBUG, /* FSDEAMON_DEBUG_ENV >[fsdaemon]debug >0 */
+	PARAM_FSDEAMON_KEEPALIVE, /* FSDEAMON_KEEPALIVE_ENV >[fsdaemon]keepalive >30 */
+	PARAM_FSDEAMON_RETRY, /* FSDEAMON_RETRY_ENV >[fsdaemon]retry >3 */
+	PARAM_FSCLIENT_CHECK_DATA, /* FSCLIENT_CHECK_DATA_ENV >[fsclient]check_data >0 */
+	PARAM_FSCLIENT_RETRY, /* FSCLIENT_RETRY_ENV >[fsclient]retry >3 */
+	PARAM_FSCLIENT_KEEPALIVE, /* FSCLIENT_KEEPALIVE_ENV >[fsclient]keepalive >30 */
+	PARAM_FSCLIENT_READ_TIMEOUT, /* FSCLIENT_READ_TIMEOUT_ENV >[fsclient]read_timeout >120000 */
+	PARAM_FSCLIENT_PARALLEL, /* FSCLIENT_PARALLEL_ENV >[fsclient]parallel >1 */
+	PARAM_RPC_CHECK_DATA, /* RPC_TOOL_CHECK_DATA_ENV >[aio-speedd]check_data >[aio-speed]check_data >0 */
+	PARAM_RPC_DEBUG, /* RPC_TOOL_DEBUG_ENV >[aio-speedd]debug >[aio-speed]debug >0 */
+	PARAM_RPC_KEEPALIVE, /* RPC_TOOL_KEEPALIVE_ENV >[aio-speedd]keepalive >[aio-speed]keepalive >30 */
+	PARAM_RPC_PARALLEL, /* RPC_TOOL_PARALLEL_ENV >[aio-speedd]parallel >[aio-speed]parallel >4 */
+	PARAM_RPC_READ_TIMEOUT, /* RPC_TOOL_READ_TIMEOUT_ENV >[aio-speedd]read_timeout >[aio-speed]read_timeout >120000 */
+	PARAM_RPC_RETRY, /* RPC_TOOL_RETRY_ENV >[aio-speedd]retry >[aio-speed]retry >3 */
+	PARAM_RPC_DEV_PATH, /* RPC_TOOL_DEV_PATH_ENV >[aio-speedd]fsbackup_dev_path >[aio-speed]fsbackup_dev_path >DEFAULT_DEV_PATH */
 	PARAM_COUNT
 } config_param_id_t;
 
@@ -128,6 +191,12 @@ int         sec_get_int(config_param_id_t id);
 int         sec_get_bool(config_param_id_t id);
 const char *sec_get_str(config_param_id_t id);
 
+/* T0396 测试接缝：对单个 desc 施加边界策略，返回三态——
+ *  1 = 合法（在范围内/未限制）；-1 = FAIL_CLOSED（越界拒绝）；0 = 回落默认。
+ * 供单测用栈上构造的 config_param_desc_t 直接校验两种 policy，无需污染生产表。 */
+int  sec_test_int_bounds(const config_param_desc_t *p, long val);
+int  sec_test_str_bounds(const config_param_desc_t *p, const char *val);
+
 /* key=value 行式输出全表到 buf：行首 [section]key，含 type/env/default/
  * current/desc；with_values=1 时 current 经解析链现算（BOOL 非法显示 -1）。
  * 返回：成功=写入长度；缓冲区不足=应有总长度；参数非法=-1。 */
diff --git a/libs/tests/rdb_config_test.c b/libs/tests/rdb_config_test.c
index 29d101e..19533ad 100644
--- a/libs/tests/rdb_config_test.c
+++ b/libs/tests/rdb_config_test.c
@@ -433,10 +433,102 @@ TEST(sec_switch_audit_auth_layers)
 	cleanup_temp(path);
 }
 
+TEST(sec_test_int_bounds_both_policies)
+{
+	config_param_desc_t d = {
+		.env_name = NULL,
+		.layer2_section = NULL, .layer2_key = NULL,
+		.layer3_section = NULL, .layer3_key = NULL,
+		.type = CFG_TYPE_INT,
+		.def = "5",
+		.desc = "test",
+		.restrict_range = 1, .min = 1, .max = 10,
+		.maxlen = 0, .invalid_policy = CFG_INVALID_FAIL_CLOSED,
+	};
+	/* FAIL_CLOSED：越界拒绝 */
+	assert(sec_test_int_bounds(&d, 0) == -1);
+	assert(sec_test_int_bounds(&d, 11) == -1);
+	assert(sec_test_int_bounds(&d, 1) == 1);
+	assert(sec_test_int_bounds(&d, 10) == 1);
+	assert(sec_test_int_bounds(&d, 5) == 1);
+	/* FALLBACK_DEFAULT：越界回落（0），范围内仍合法 */
+	d.invalid_policy = CFG_INVALID_FALLBACK_DEFAULT;
+	assert(sec_test_int_bounds(&d, 0) == 0);
+	assert(sec_test_int_bounds(&d, 11) == 0);
+	assert(sec_test_int_bounds(&d, 5) == 1);
+	/* 未限制（restrict_range=0）任何值合法 */
+	d.restrict_range = 0;
+	assert(sec_test_int_bounds(&d, -999) == 1);
+}
+
+TEST(sec_test_str_bounds_both_policies)
+{
+	config_param_desc_t s = {
+		.env_name = NULL,
+		.layer2_section = NULL, .layer2_key = NULL,
+		.layer3_section = NULL, .layer3_key = NULL,
+		.type = CFG_TYPE_STR,
+		.def = "def",
+		.desc = "test",
+		.restrict_range = 0, .min = 0, .max = 0,
+		.maxlen = 5, .invalid_policy = CFG_INVALID_FAIL_CLOSED,
+	};
+	assert(sec_test_str_bounds(&s, "abc") == 1);
+	assert(sec_test_str_bounds(&s, "abcdef") == -1); /* 6>5 超长拒绝 */
+	s.invalid_policy = CFG_INVALID_FALLBACK_DEFAULT;
+	assert(sec_test_str_bounds(&s, "abcdef") == 0);  /* 超长回落 */
+	assert(sec_test_str_bounds(&s, "abc") == 1);
+}
+
+TEST(sec_get_int_range_fail_closed_real)
+{
+	/* 真实参数 PARAM_RPC_RETRY 注册为 min=1，越界（0）应 fail-closed 返回 -1 */
+	unsetenv(RPC_TOOL_RETRY_ENV);
+	const char *ini =
+		"[aio-speedd]\n"
+		"retry = 0\n";
+	char *path = write_temp_ini(ini);
+	char err[256];
+	assert(parse_config(path, err, sizeof(err)) == 0);
+	assert(sec_get_int(PARAM_RPC_RETRY) == -1);
+
+	const char *ini2 =
+		"[aio-speedd]\n"
+		"retry = 5\n";
+	char *path2 = write_temp_ini(ini2);
+	assert(parse_config(path2, err, sizeof(err)) == 0);
+	assert(sec_get_int(PARAM_RPC_RETRY) == 5);
+
+	cleanup_temp(path);
+	cleanup_temp(path2);
+}
+
+TEST(sec_get_str_overlength_fail_closed_real)
+{
+	/* 真实参数 PARAM_RPC_DEV_PATH 注册为 maxlen=4095，超长 env 应 FAIL_CLOSED
+	 * 返回 NULL（拒绝启动）；缺失则回落默认（非 NULL）。 */
+	char longval[4100];
+	memset(longval, 'a', sizeof(longval) - 1);
+	longval[sizeof(longval) - 1] = '\0';
+	setenv(RPC_TOOL_DEV_PATH_ENV, longval, 1);
+	assert(sec_get_str(PARAM_RPC_DEV_PATH) == NULL);
+
+	unsetenv(RPC_TOOL_DEV_PATH_ENV);
+	const char *ini =
+		"[aio-speedd]\n"
+		"fsbackup_dev_path = /dev/backup0\n";
+	char *path = write_temp_ini(ini);
+	char err[256];
+	assert(parse_config(path, err, sizeof(err)) == 0);
+	const char *v = sec_get_str(PARAM_RPC_DEV_PATH);
+	assert(v != NULL);
+	assert(strcmp(v, "/dev/backup0") == 0);
+	cleanup_temp(path);
+}
+
 int main(void)
 {
 	printf("=== rdb-config test ===\n\n");
-
 	RUN_TEST(parse_and_get_int);
 	RUN_TEST(config_get_int_default);
 	RUN_TEST(config_get_string);
@@ -452,6 +544,10 @@ int main(void)
 	RUN_TEST(config_get_string_no_global_fallback_by_default);
 	RUN_TEST(config_get_int_invalid_falls_back);
 	RUN_TEST(parse_config_over_max_not_truncated_silently);
+	RUN_TEST(sec_test_int_bounds_both_policies);
+	RUN_TEST(sec_test_str_bounds_both_policies);
+	RUN_TEST(sec_get_int_range_fail_closed_real);
+	RUN_TEST(sec_get_str_overlength_fail_closed_real);
 
 	printf("\n=== %d passed, %d failed ===\n", tests_passed,
 	       tests_failed);
diff --git a/rpc/rpc-config.cpp b/rpc/rpc-config.cpp
index 86e7b1a..87065e0 100644
--- a/rpc/rpc-config.cpp
+++ b/rpc/rpc-config.cpp
@@ -2,7 +2,6 @@
 #include "common.h"
 
 #include <errno.h>
-#include <ini.h>
 #include <stdio.h>
 #include <string.h>
 #include <stdlib.h>
@@ -10,16 +9,18 @@
 
 static rpc_config _config[2];
 static int config_index = 0;
-static char g_section_name[64] = AIO_SPEED_TOOL_SECTION;
+/* T0395：动态段名已废弃，固定为服务端权威段 aio-speedd。
+ * tunable 经注册表 PARAM_RPC_* 读取（layer2=[aio-speedd] 优先，
+ * 回落 layer3=[aio-speed]），不再需要运行时可变段名。 */
+static const char *g_section_name = AIO_SPEEDD_TOOL_SECTION;
 
 rpc_config *g_rpc_config = &_config[config_index];
 
 void rpc_set_section_name(const char *section_name)
 {
-	if (section_name != NULL) {
-		snprintf(g_section_name, sizeof(g_section_name), "%s",
-			 section_name);
-	}
+	/* T0395：动态段名 API 废弃为 no-op（保留签名以兼容既有调用方）。
+	 * 配置段选择现由注册表 PARAM_RPC_* 的 layer2/layer3 固定表达。 */
+	(void)section_name;
 }
 
 const char *rpc_get_section_name(void)
@@ -27,74 +28,95 @@ const char *rpc_get_section_name(void)
 	return g_section_name;
 }
 
-static int do_parse_config(void *user, const char *section, const char *name,
-			   const char *value)
+int rpc_check_config(rpc_config *p_config, char *err_msg, int len)
 {
-	rpc_config *p_config = (rpc_config *)user;
-
-#define MATCH(s, n) strcmp(section, s) == 0 && strcmp(name, n) == 0
-
-	if (MATCH(g_section_name, "debug")) {
-		p_config->debug = atoi(value);
-	} else if (MATCH(g_section_name, "retry")) {
-		p_config->retry = atoi(value);
-	} else if (MATCH(g_section_name, "check_data")) {
-		p_config->check_data = atoi(value);
-	} else if (MATCH(g_section_name, "keepalive")) {
-		p_config->keepalive = atoi(value);
-	} else if (MATCH(g_section_name, "parallel")) {
-		p_config->parallel = atoi(value);
-	} else if (MATCH(g_section_name, "read_timeout")) {
-		p_config->read_timeout = atoi(value);
-	} else if (MATCH(g_section_name, "fsbackup_dev_path")) {
-		snprintf(p_config->dev_path, sizeof(p_config->dev_path), "%s",
-			 value);
-	} else {
-		return 0;
-	}
-	return 1;
+	/* T0396：范围与 BOOL 校验已下沉到注册表（PARAM_RPC_* 的 [min,max] /
+	 * BOOL 严格 0/1，sec_get_int/sec_get_bool 越界即 fail-closed）。
+	 * 跨参数语义不变量若未来出现，在此追加；当前无剩余检查。 */
+	(void)p_config;
+	(void)err_msg;
+	(void)len;
+	return 0;
 }
 
-int rpc_check_config(rpc_config *p_config, char *err_msg, int len)
+int rpc_parse_config(const char *config_file, char *err_msg, int len)
 {
-	if (p_config->debug != 0 && p_config->debug != 1) {
-		snprintf(err_msg, len, "Invalid debug value: %d",
-			 p_config->debug);
-		return -1;
+	int tmp_index = (config_index + 1) % 2;
+	rpc_config *p_config = &_config[tmp_index];
+
+	*p_config = *g_rpc_config;
+
+	/* T0395：给定路径时重新加载全局 store（配置重载语义）；传 NULL 时假定
+	 * store 已由调用方加载（如测试或 init_config 已加载）。旧实现依赖
+	 * ini_parse 直接解析文件，现统一走注册表 sec_get_* 读取全局 store。 */
+	if (config_file != NULL) {
+		if (parse_config(config_file, err_msg, len) < 0) {
+			return -1;
+		}
 	}
-	if (p_config->retry <= 0) {
-		snprintf(err_msg, len, "retry should be greater than 0");
+
+	/* tunable 统一经注册表读取：env > layer2[aio-speedd] > layer3[aio-speed]
+	 * > def。BOOL 以 int 临时量承接 sec_get_bool（-1 即非法 fail-closed），
+	 * 再赋给 bool 字段，规避 bool 截断 -1→1 绕过校验（见 T0394 知识库）。 */
+	int check_data = sec_get_bool(PARAM_RPC_CHECK_DATA);
+	if (check_data < 0) {
+		snprintf(err_msg, len, "invalid %s value (expect \"0\"/\"1\")",
+			 RPC_TOOL_CHECK_DATA_ENV);
 		return -1;
 	}
-	if (p_config->check_data != 0 && p_config->check_data != 1) {
-		snprintf(err_msg, len, "check_data should be 0 or 1");
+	p_config->check_data = (bool)check_data;
+
+	int debug = sec_get_bool(PARAM_RPC_DEBUG);
+	if (debug < 0) {
+		snprintf(err_msg, len, "invalid %s value (expect \"0\"/\"1\")",
+			 RPC_TOOL_DEBUG_ENV);
 		return -1;
 	}
-	if (p_config->keepalive < 0) {
-		snprintf(err_msg, len, "Invalid keepalive value: %d",
-			 p_config->keepalive);
+	p_config->debug = (bool)debug;
+
+	/* T0396：INT 参数经注册表 [min,max] 约束，越界 sec_get_int 返回 -1
+	 * （fail-closed）；此处检测并产出可读错误，移除工具侧冗余范围检查。 */
+	int keepalive = sec_get_int(PARAM_RPC_KEEPALIVE);
+	if (keepalive < 0) {
+		snprintf(err_msg, len, "invalid %s value (expect >=%ld)",
+			 RPC_TOOL_KEEPALIVE_KEY, (long)0);
 		return -1;
 	}
-	if (p_config->parallel < 1) {
-		snprintf(err_msg, len, "Invalid parallel value: %d",
-			 p_config->parallel);
+	p_config->keepalive = keepalive;
+
+	int retry = sec_get_int(PARAM_RPC_RETRY);
+	if (retry < 0) {
+		snprintf(err_msg, len, "invalid %s value (expect >=%ld)",
+			 RPC_TOOL_RETRY_KEY, (long)1);
 		return -1;
 	}
-	return 0;
-}
+	p_config->retry = retry;
 
-int rpc_parse_config(const char *config_file, char *err_msg, int len)
-{
-	int tmp_index = (config_index + 1) % 2;
-	rpc_config *p_config = &_config[tmp_index];
+	int parallel = sec_get_int(PARAM_RPC_PARALLEL);
+	if (parallel < 0) {
+		snprintf(err_msg, len, "invalid %s value (expect >=%ld)",
+			 RPC_TOOL_PARALLEL_KEY, (long)1);
+		return -1;
+	}
+	p_config->parallel = parallel;
 
-	*p_config = *g_rpc_config;
+	int read_timeout = sec_get_int(PARAM_RPC_READ_TIMEOUT);
+	if (read_timeout < 0) {
+		snprintf(err_msg, len, "invalid %s value (expect >=%ld)",
+			 RPC_TOOL_READ_TIMEOUT_KEY, (long)1);
+		return -1;
+	}
+	p_config->read_timeout = read_timeout;
 
-	if (ini_parse(config_file, do_parse_config, p_config) < 0) {
-		snprintf(err_msg, len, "Can't load config file: %s",
-			 config_file);
+	/* T0396：STR 超长由注册表 FAIL_CLOSED 返回 NULL（拒绝启动）；
+	 * 缺失则 sec_get_str 回落默认（非 NULL），此处直接拷贝。 */
+	const char *dev_path = sec_get_str(PARAM_RPC_DEV_PATH);
+	if (dev_path == NULL) {
+		snprintf(err_msg, len, "invalid %s value (exceeds max length %zu)",
+			 RPC_TOOL_DEV_PATH_KEY, (size_t)4095);
 		return -1;
 	}
+	snprintf(p_config->dev_path, sizeof(p_config->dev_path), "%s", dev_path);
 
 	if (rpc_check_config(p_config, err_msg, len) < 0) {
 		return -1;
@@ -102,16 +124,15 @@ int rpc_parse_config(const char *config_file, char *err_msg, int len)
 	config_index = tmp_index;
 	g_rpc_config = p_config;
 	/* T3968 Grill 裁定：配置重载时安全开关重新解析刷新（不沿用旧快照）。
-	 * 解析源为 env + 全局 config store，与本结构体的 ini 重载相互独立 */
-	g_rpc_config->audit_enabled =
-	sec_get_bool(PARAM_AUDIT_ENABLED);
+	 * 解析源为 env + 全局 config store，与 tunable 重载相互独立 */
+	g_rpc_config->audit_enabled = sec_get_bool(PARAM_AUDIT_ENABLED);
 	if (g_rpc_config->audit_enabled < 0) {
 		snprintf(err_msg, len, "invalid %s value (expect \"0\"/\"1\")",
 			 AUDIT_ENABLE_ENV);
 		return -1;
 	}
 	g_rpc_config->auth_enabled =
-	sec_get_bool(PARAM_AUTH_KEYCHECK_ENABLED);
+		sec_get_bool(PARAM_AUTH_KEYCHECK_ENABLED);
 	if (g_rpc_config->auth_enabled < 0) {
 		snprintf(err_msg, len, "invalid %s value (expect \"0\"/\"1\")",
 			 AUTH_ENABLE_ENV);
@@ -146,8 +167,6 @@ int rpc_show_config(rpc_config *p_config, char *buf, int len)
 
 int rpc_init_config(const char *config_file, char *err_msg, int len)
 {
-	const char *config_path = config_file != NULL ? config_file :
-							DEFAULT_RDB_CONFIG_PATH;
 	g_rpc_config->debug = 0;
 	g_rpc_config->daemon = 0;
 	g_rpc_config->check_data = 0;
@@ -175,7 +194,10 @@ int rpc_init_config(const char *config_file, char *err_msg, int len)
 	snprintf(g_rpc_config->config_path, sizeof(g_rpc_config->config_path),
 		 "%s", DEFAULT_RDB_CONFIG_PATH);
 
-	if (rpc_parse_config(config_path, err_msg, len) < 0) {
+	/* T0395：透传原始 config_file。为 NULL 时 rpc_parse_config 不重载 store，
+	 * 直接读取已由 init_config/parse_config 加载的全局 store（测试与默认路径语义）；
+	 * 为显式路径时则重载对应文件（生产 process_reload_cmd / 显式配置路径）。 */
+	if (rpc_parse_config(config_file, err_msg, len) < 0) {
 		if (errno != ENOENT) {
 			return -1;
 		}
diff --git a/rpc/tests/rpc_config_test.cpp b/rpc/tests/rpc_config_test.cpp
index 3609537..77f55b1 100644
--- a/rpc/tests/rpc_config_test.cpp
+++ b/rpc/tests/rpc_config_test.cpp
@@ -120,18 +120,128 @@ TEST(reload_reresolves_sec_switches)
 	cleanup_temp(path);
 }
 
+/* T0395：tunable 经注册表 PARAM_RPC_* 读取（env > [aio-speedd] > [aio-speed] > def） */
+
+TEST(tunables_read_from_aio_speedd)
+{
+	const char *ini = "[aio-speedd]\n"
+			  "check_data = 1\n"
+			  "debug = 1\n"
+			  "keepalive = 25\n"
+			  "parallel = 8\n"
+			  "read_timeout = 5000\n"
+			  "retry = 7\n"
+			  "fsbackup_dev_path = /dev/rpc_x\n";
+	char *path = write_temp_ini(ini);
+	char err[1024];
+
+	unsetenv("RPC_TOOL_CHECK_DATA");
+	unsetenv("RPC_TOOL_DEBUG");
+	unsetenv("RPC_TOOL_KEEPALIVE");
+	unsetenv("RPC_TOOL_PARALLEL");
+	unsetenv("RPC_TOOL_READ_TIMEOUT");
+	unsetenv("RPC_TOOL_RETRY");
+	unsetenv("RPC_TOOL_DEV_PATH");
+
+	assert(parse_config(path, err, sizeof(err)) == 0);
+	assert(rpc_init_config(NULL, err, sizeof(err)) == 0);
+
+	assert(g_rpc_config->check_data == 1);
+	assert(g_rpc_config->debug == 1);
+	assert(g_rpc_config->keepalive == 25);
+	assert(g_rpc_config->parallel == 8);
+	assert(g_rpc_config->read_timeout == 5000);
+	assert(g_rpc_config->retry == 7);
+	assert(strcmp(g_rpc_config->dev_path, "/dev/rpc_x") == 0);
+
+	cleanup_temp(path);
+}
+
+TEST(invalid_bool_fail_closed)
+{
+	const char *ini = "[aio-speedd]\ncheck_data = 2\n";
+	char *path = write_temp_ini(ini);
+	char err[1024];
+
+	unsetenv("RPC_TOOL_CHECK_DATA");
+	assert(parse_config(path, err, sizeof(err)) == 0);
+	/* 非法布尔触发 fail-closed：rpc_init_config 响亮返回 -1 */
+	assert(rpc_init_config(NULL, err, sizeof(err)) == -1);
+
+	cleanup_temp(path);
+}
+
+TEST(out_of_range_tunable_fail_closed)
+{
+	/* T0396：INT 范围已下沉到注册表；retry 注册 min=1，越界（0）应 fail-closed
+	 * 拒绝启动——验证工具侧冗余范围检查移除后行为不变。 */
+	const char *ini = "[aio-speedd]\nretry = 0\n";
+	char *path = write_temp_ini(ini);
+	char err[1024];
+
+	unsetenv(RPC_TOOL_RETRY_ENV);
+	assert(parse_config(path, err, sizeof(err)) == 0);
+	assert(rpc_init_config(NULL, err, sizeof(err)) == -1);
+
+	/* 合法值（5）仍正常解析 */
+	const char *ini2 = "[aio-speedd]\nretry = 5\n";
+	char *path2 = write_temp_ini(ini2);
+	assert(parse_config(path2, err, sizeof(err)) == 0);
+	assert(rpc_init_config(NULL, err, sizeof(err)) == 0);
+	assert(g_rpc_config->retry == 5);
+
+	cleanup_temp(path);
+	cleanup_temp(path2);
+}
+
+TEST(layer3_aio_speed_fallback)
+{
+	/* 仅 [aio-speed] 段有值（无 [aio-speedd]），回落 layer3；
+	 * 等价于旧默认段读取路径，保证嵌入方（fs-backup 等）无回归 */
+	const char *ini = "[aio-speed]\nkeepalive = 77\n";
+	char *path = write_temp_ini(ini);
+	char err[1024];
+
+	unsetenv("RPC_TOOL_KEEPALIVE");
+	assert(parse_config(path, err, sizeof(err)) == 0);
+	assert(rpc_init_config(NULL, err, sizeof(err)) == 0);
+	assert(g_rpc_config->keepalive == 77);
+
+	cleanup_temp(path);
+}
+
+TEST(env_overrides_section)
+{
+	const char *ini = "[aio-speedd]\nkeepalive = 25\n";
+	char *path = write_temp_ini(ini);
+	char err[1024];
+
+	setenv(RPC_TOOL_KEEPALIVE_ENV, "99", 1);
+	assert(parse_config(path, err, sizeof(err)) == 0);
+	assert(rpc_init_config(NULL, err, sizeof(err)) == 0);
+	assert(g_rpc_config->keepalive == 99);
+
+	unsetenv(RPC_TOOL_KEEPALIVE_ENV);
+	cleanup_temp(path);
+}
+
 int main(void)
 {
-	/* 与生产 main.cpp 一致：显式设置服务端 section，
-	 * do_parse_config 仅解析该段下的键 */
+	/* 与生产 main.cpp 一致：显式调用（现为 no-op）以兼容既有调用方；
+	 * tunable 统一经注册表 PARAM_RPC_* 读取，不再依赖运行时可变段名 */
 	rpc_set_section_name(AIO_SPEEDD_TOOL_SECTION);
 
-	printf("=== rpc-config sec switches test ===\n\n");
+	printf("=== rpc-config sec switches + tunables test ===\n\n");
 
 	RUN_TEST(init_fills_sec_switches_from_store);
 	RUN_TEST(init_env_overrides_store);
 	RUN_TEST(init_invalid_audit_env_fails);
 	RUN_TEST(reload_reresolves_sec_switches);
+	RUN_TEST(tunables_read_from_aio_speedd);
+	RUN_TEST(invalid_bool_fail_closed);
+	RUN_TEST(out_of_range_tunable_fail_closed);
+	RUN_TEST(layer3_aio_speed_fallback);
+	RUN_TEST(env_overrides_section);
 
 	printf("\n=== %d passed, %d failed ===\n", tests_passed,
 	       tests_failed);
