R  ontology/manifest.jsonl -> ontology/_index/manifest.jsonl
 M ontology/concept/pdca.md
 M ontology/pattern/sm4-nfs-encryption.md
 M ontology/pattern/sm4-s3-encryption.md
 M ontology/pattern/sm4-storage-encryption.md
 M ontology/pattern/sm4-zfs-encryption.md
 M ontology/process/flow-do.md
?? ontology/concept/decision.md
?? ontology/decision/
?? pdca/journal/2026-09-10.md
?? pdca/tasks/0910-delayer-nfs/
?? pdca/tasks/0910-delayer-s3zfs/
?? pdca/tasks/0910-delayer-storage/
?? pdca/tasks/0910-landing-a-e2e/
?? pdca/tasks/0910-landing-a-gatefix/
?? pdca/tasks/0910-landing-a-govern/
?? pdca/tasks/0910-ontology-delayer/
?? pdca/tasks/0910-openssl-sm4-review/
?? pdca/tasks/0910-pdca-landing-a/
?? records/T2143-0910-ontology-delayer/
?? records/T2144-0910-delayer-storage/
?? records/T2145-0910-delayer-nfs/
?? records/T2146-0910-delayer-s3zfs/
?? records/T2147-0910-pdca-landing-a/
?? records/T2148-0910-landing-a-govern/
?? records/T2149-0910-landing-a-gatefix/
?? records/T2150-0910-landing-a-e2e/
?? records/T2151-0910-openssl-sm4-review/
