Creating CA (ed25519)... done
CA private key: /tmp/t0344-rpc-mixed/ca/ed25519_ca.key
CA certificate: /tmp/t0344-rpc-mixed/ca/ed25519_ca.crt
Generating private key: /tmp/t0344-rpc-mixed/server/ed25519_host.key
Generating CSR: /tmp/t0344-rpc-mixed/server/ed25519_host.csr
Generating private key (ed25519)... done
Generating CSR... done
Private key: /tmp/t0344-rpc-mixed/server/ed25519_host.key
CSR: /tmp/t0344-rpc-mixed/server/ed25519_host.csr
Signing certificate... done
Certificate: /tmp/t0344-rpc-mixed/server/host.crt
Generating private key: /tmp/t0344-rpc-mixed/client/ed25519_host.key
Generating CSR: /tmp/t0344-rpc-mixed/client/ed25519_host.csr
Generating private key (ed25519)... done
Generating CSR... done
Private key: /tmp/t0344-rpc-mixed/client/ed25519_host.key
CSR: /tmp/t0344-rpc-mixed/client/ed25519_host.csr
Signing certificate... done
Certificate: /tmp/t0344-rpc-mixed/certs/ED25519 Test CA/host.crt
Creating CA (sm2)... done
CA private key: /tmp/t0344-rpc-mixed/sm2ca/sm2_ca.key
CA certificate: /tmp/t0344-rpc-mixed/sm2ca/sm2_ca.crt
Generating private key: /tmp/t0344-rpc-mixed/sm2srv/sm2_host.key
Generating CSR: /tmp/t0344-rpc-mixed/sm2srv/sm2_host.csr
Generating private key (sm2)... done
Generating CSR... done
Private key: /tmp/t0344-rpc-mixed/sm2srv/sm2_host.key
CSR: /tmp/t0344-rpc-mixed/sm2srv/sm2_host.csr
Signing certificate... done
Certificate: /tmp/t0344-rpc-mixed/host.crt
[2026-08-22 10:12:27]|Info|rpc/main.cpp:394 main|139663114195840| change to working directory:[/tmp/t0344-rpc-mixed/log-17701] success.
[2026-08-22 10:12:27]|Info|libs/tls_cert.c:90 tls_cert_set_ciphersuites|139663114195840| Applied ciphersuites config: TLS_SM4_GCM_SM3
[2026-08-22 10:12:27]|Info|libs/tls_cert.c:90 tls_cert_set_ciphersuites|139663114195840| Applied ciphersuites config: TLS_AES_256_GCM_SHA384
[2026-08-22 10:12:27]|Info|rpc/main.cpp:417 main|139663114195840| TLS cert loaded, mtls_enforced=0
1787364747
beforeSleep 0
signal 15 received, exit...
[2026-08-22 10:12:27]|Info|rpc/main.cpp:394 main|139935689339776| change to working directory:[/tmp/t0344-rpc-mixed/log-17702] success.
[2026-08-22 10:12:27]|Info|libs/tls_cert.c:90 tls_cert_set_ciphersuites|139935689339776| Applied ciphersuites config: TLS_SM4_GCM_SM3
[2026-08-22 10:12:27]|Info|libs/tls_cert.c:90 tls_cert_set_ciphersuites|139935689339776| Applied ciphersuites config: TLS_AES_256_GCM_SHA384
[2026-08-22 10:12:27]|Info|rpc/main.cpp:417 main|139935689339776| TLS cert loaded, mtls_enforced=0
1787364748
beforeSleep 0
signal 15 received, exit...
[2026-08-22 10:12:28]|Info|rpc/main.cpp:394 main|140604951475072| change to working directory:[/tmp/t0344-rpc-mixed/log-17703] success.
[2026-08-22 10:12:28]|Info|libs/tls_cert.c:90 tls_cert_set_ciphersuites|140604951475072| Applied ciphersuites config: TLS_SM4_GCM_SM3
[2026-08-22 10:12:28]|Info|libs/tls_cert.c:90 tls_cert_set_ciphersuites|140604951475072| Applied ciphersuites config: TLS_AES_256_GCM_SHA384
[2026-08-22 10:12:28]|Info|rpc/main.cpp:417 main|140604951475072| TLS cert loaded, mtls_enforced=1
1787364748
beforeSleep 0
signal 15 received, exit...
[2026-08-22 10:12:28]|Info|rpc/main.cpp:394 main|140659465106304| change to working directory:[/tmp/t0344-rpc-mixed/log-17704] success.
[2026-08-22 10:12:28]|Info|libs/tls_cert.c:90 tls_cert_set_ciphersuites|140659465106304| Applied ciphersuites config: TLS_SM4_GCM_SM3
[2026-08-22 10:12:28]|Error|libs/tls_cert.c:75 tls_cert_log_setup_error|140659465106304| TLS setup failed: role=server stage=ca-certificate algorithm=TLS_SM4_GCM_SM3 ca=/tmp/t0344-missing-certs/sm2_ca.crt cert=/tmp/t0344-missing-certs/sm2_host.crt key=/tmp/t0344-missing-certs/sm2_host.key
[2026-08-22 10:12:28]|Error|rpc/main.cpp:414 main|140659465106304| cert init failed
[2026-08-22 10:12:38]|Info|rpc/main.cpp:394 main|140054328329088| change to working directory:[/tmp/t0344-rpc-mixed/log-17705] success.
[2026-08-22 10:12:38]|Info|libs/tls_cert.c:90 tls_cert_set_ciphersuites|140054328329088| Applied ciphersuites config: TLS_SM4_GCM_SM3
[2026-08-22 10:12:38]|Info|libs/tls_cert.c:90 tls_cert_set_ciphersuites|140054328329088| Applied ciphersuites config: TLS_AES_256_GCM_SHA384
[2026-08-22 10:12:38]|Info|rpc/main.cpp:417 main|140054328329088| TLS cert loaded, mtls_enforced=1
beforeSleep 0
signal 15 received, exit...
case port=17701 server_mtls=0 client_mtls=0 -> client_exit=0 (expect success)
AC-1 server0/client0 plain PASS
case port=17702 server_mtls=0 client_mtls=1 -> client_exit=0 (expect success)
AC-2 server0/client1 mixed MTLS PASS
case port=17703 server_mtls=1 client_mtls=1 -> client_exit=0 (expect success)
AC-3 server1/client1 forced MTLS PASS
case port=17704 server_mtls=1 client_mtls=1 -> client_exit=255 (expect fail)
AC-4 missing cert_dir fail PASS
case port=17705 server_mtls=1 client_mtls=0 -> client_exit=0 (expect fail)
AC-5 server reject log found: 1
AC-5 server1/client0 rejected PASS
mixed_mtls_tool_integration: PASS
exit:0
