[PASS] base uiMT roundtrip
[PASS] base uiLEN roundtrip
[PASS] base_resp uiMT roundtrip
[PASS] base_resp uiLEN roundtrip
[PASS] base_resp uiResult roundtrip
[PASS] new_conn uiMT set by hton
[PASS] new_conn conn_id roundtrip
[PASS] new_conn flags roundtrip
[PASS] new_conn keepalive roundtrip
[PASS] new_conn rcvtimeo roundtrip
[PASS] new_conn sndtimeo roundtrip
[PASS] cmd opt roundtrip
[PASS] cmd cmd_len roundtrip
[PASS] cmd command data roundtrip
[PASS] cmd_resp opt_resp roundtrip
[PASS] cmd_resp stat roundtrip
[PASS] cmd_resp msg_len roundtrip
[PASS] cmd_resp buff roundtrip
[PASS] scp_download api_stat
[PASS] scp_download is_compress
[PASS] scp_download is_encrypt
[PASS] scp_download is_checksum
[PASS] scp_download block_id
[PASS] scp_download file_name_checksum
[PASS] scp_download name_len
[PASS] scp_download file_name data
[PASS] stream_meta mode
[PASS] stream_meta gid
[PASS] stream_meta uid
[PASS] stream_meta total_size_high
[PASS] stream_meta total_size_low
[PASS] stream_meta is_link
[PASS] stream_meta is_compress
[PASS] stream_meta is_encrypt
[PASS] stream_meta is_checksum
[PASS] stream_meta atim sec
[PASS] stream_meta atim nsec
[PASS] stream_meta mtim sec
[PASS] stream_meta mtim nsec
[PASS] stream_meta ctim sec
[PASS] stream_meta ctim nsec
[PASS] download_block opt_type
[PASS] download_block is_compress
[PASS] download_block is_encrypt
[PASS] download_block is_checksum
[PASS] download_block block_num
[PASS] download_block data_len
[PASS] download_block data
[PASS] download_block_resp opt_type
[PASS] download_block_resp is_compress
[PASS] download_block_resp is_encrypt
[PASS] download_block_resp is_checksum
[PASS] download_block_resp checksum
[PASS] download_block_resp block_num
[PASS] download_block_resp original_len
[PASS] download_block_resp data_len
[PASS] download_block_resp data
[PASS] nc_extend_resp rate (uint64)
[PASS] nc_extend_resp data_len
[PASS] nc_extend_resp data
[PASS] ioctl_fsbackup opt_type
[PASS] ioctl_fsbackup decr
[PASS] ioctl_fsbackup data_len
[PASS] ioctl_fsbackup data
[PASS] ioctl_fsbackup_resp err_no
[PASS] ioctl_fsbackup_resp count
[PASS] ioctl_fsbackup_resp data_len
[PASS] ioctl_fsbackup_resp data
[PASS] dir_tree flags
[PASS] dir_tree path_len
[PASS] data_block offset roundtrip
[PASS] data_block size roundtrip
protocol_roundtrip: all tests passed
