[PASS] create source file
[PASS] write chunk
[PASS] write chunk
[PASS] write chunk
[PASS] write chunk
[PASS] write chunk
[PASS] write chunk
[PASS] write chunk
[PASS] write chunk
[PASS] write chunk
[PASS] write chunk
[PASS] write chunk
[PASS] write chunk
[PASS] write chunk
[PASS] write chunk
[PASS] write chunk
[PASS] write chunk
[PASS] write chunk
[PASS] write chunk
[PASS] write chunk
[PASS] write chunk
[PASS] write chunk
[PASS] write chunk
[PASS] write chunk
[PASS] write chunk
[PASS] write chunk
[PASS] write chunk
[PASS] write chunk
[PASS] write chunk
[PASS] write chunk
[PASS] write chunk
[PASS] write chunk
[PASS] write chunk
[PASS] write chunk
[PASS] write chunk
[PASS] write chunk
[PASS] write chunk
[PASS] write chunk
[PASS] write chunk
[PASS] write chunk
[PASS] write chunk
[PASS] write chunk
[PASS] write chunk
[PASS] write chunk
[PASS] write chunk
[PASS] write chunk
[PASS] write chunk
[PASS] write chunk
[PASS] write chunk
[PASS] write chunk
[PASS] write chunk
[PASS] write chunk
[PASS] write chunk
[PASS] write chunk
[PASS] write chunk
[PASS] write chunk
[PASS] write chunk
[PASS] write chunk
[PASS] write chunk
[PASS] write chunk
[PASS] write chunk
[PASS] write chunk
[PASS] write chunk
[PASS] write chunk
[PASS] write chunk
[PASS] socketpair
[PASS] spawn srv
[2026-08-04 01:04:33]|Info|rpc/rpc-command.cpp:417 do_scp_upload|140653295724416| upload /tmp/t0212-test/src_upload.bin begin bytes: 67108864
[2026-08-04 01:04:33]|Info|rpc/rpc-server.cpp:1590 OnMsgScpUpload|140653287700160| begin upload file [/tmp/t0212-test/dst_upload.bin]
[2026-08-04 01:04:33]|Info|rpc/rpc-command.cpp:532 do_scp_upload|140653295724416| upload file:/tmp/t0212-test/src_upload.bin completed [upload_size: 67108864, f_size: 67108864]
[2026-08-04 01:04:33]|Info|rpc/rpc-server.cpp:1721 OnMsgScpUpload|140653287700160| upload file [/tmp/t0212-test/dst_upload.bin] completed [recv_bytes: 67108864, f_size: 67108864]
[2026-08-04 01:04:33]|Info|rpc/rpc-command.cpp:546 do_scp_upload|140653295724416| rpc upload [/tmp/t0212-test/dst_upload.bin] completed success elapse 1 s, 67108864 bytes, 64.00 M/s
[PASS] upload ret 0
[PASS] server ret 0
[PASS] upload content match
[PASS] upload size
[PASS] create source file
[PASS] write chunk
[PASS] write chunk
[PASS] write chunk
[PASS] write chunk
[PASS] write chunk
[PASS] write chunk
[PASS] write chunk
[PASS] write chunk
[PASS] write chunk
[PASS] write chunk
[PASS] write chunk
[PASS] write chunk
[PASS] write chunk
[PASS] write chunk
[PASS] write chunk
[PASS] write chunk
[PASS] write chunk
[PASS] write chunk
[PASS] write chunk
[PASS] write chunk
[PASS] write chunk
[PASS] write chunk
[PASS] write chunk
[PASS] write chunk
[PASS] write chunk
[PASS] write chunk
[PASS] write chunk
[PASS] write chunk
[PASS] write chunk
[PASS] write chunk
[PASS] write chunk
[PASS] write chunk
[PASS] write chunk
[PASS] write chunk
[PASS] write chunk
[PASS] write chunk
[PASS] write chunk
[PASS] write chunk
[PASS] write chunk
[PASS] write chunk
[PASS] write chunk
[PASS] write chunk
[PASS] write chunk
[PASS] write chunk
[PASS] write chunk
[PASS] write chunk
[PASS] write chunk
[PASS] write chunk
[PASS] write chunk
[PASS] write chunk
[PASS] write chunk
[PASS] write chunk
[PASS] write chunk
[PASS] write chunk
[PASS] write chunk
[PASS] write chunk
[PASS] write chunk
[PASS] write chunk
[PASS] write chunk
[PASS] write chunk
[PASS] write chunk
[PASS] write chunk
[PASS] write chunk
[PASS] write chunk
[PASS] socketpair
[PASS] spawn srv
[2026-08-04 01:04:33]|Info|rpc/rpc-server.cpp:961 rpc_scp_download|140653287700160| begin download file [/tmp/t0212-test/src_dl.bin]
[2026-08-04 01:04:33]|Info|rpc/rpc-server.cpp:1144 rpc_scp_download|140653287700160| download file [/tmp/t0212-test/src_dl.bin] complete success, send_bytes: 67108864, f_size: 67108864
[2026-08-04 01:04:33]|Info|rpc/rpc-command.cpp:299 do_scp_download|140653295724416| scp download [/tmp/t0212-test/dst_dl.bin from /tmp/t0212-test/src_dl.bin], status completed success, elapse 1 s, f_size 67108864 bytes, recv 67108864 bytes, 64.00 M/s
[PASS] download ret 0
[PASS] server ret 0
[PASS] download content match
[PASS] download size
[PASS] create source file
[PASS] write chunk
[PASS] socketpair
[PASS] spawn srv
[2026-08-04 01:04:33]|Info|rpc/rpc-command.cpp:417 do_scp_upload|140653295724416| upload /tmp/t0212-test/src_meta.bin begin bytes: 1048576
[2026-08-04 01:04:33]|Info|rpc/rpc-server.cpp:1590 OnMsgScpUpload|140653287700160| begin upload file [/tmp/t0212-test/dst_meta.bin]
[2026-08-04 01:04:33]|Info|rpc/rpc-server.cpp:1721 OnMsgScpUpload|140653287700160| upload file [/tmp/t0212-test/dst_meta.bin] completed [recv_bytes: 1048576, f_size: 1048576]
[2026-08-04 01:04:33]|Info|rpc/rpc-command.cpp:532 do_scp_upload|140653295724416| upload file:/tmp/t0212-test/src_meta.bin completed [upload_size: 1048576, f_size: 1048576]
[2026-08-04 01:04:33]|Info|rpc/rpc-command.cpp:546 do_scp_upload|140653295724416| rpc upload [/tmp/t0212-test/dst_meta.bin] completed success elapse 1 s, 1048576 bytes, 1.00 M/s
[PASS] upload ret 0
[PASS] dst stat
[PASS] mode preserved
[PASS] size preserved
[PASS] mtime preserved
[PASS] create source file
[PASS] write chunk
[PASS] write chunk
[PASS] write chunk
[PASS] write chunk
[PASS] write chunk
[PASS] write chunk
[PASS] write chunk
[PASS] write chunk
[PASS] socketpair
[2026-08-04 01:04:33]|Info|rpc/rpc-command.cpp:417 do_scp_upload|140653295724416| upload /tmp/t0212-test/sw_src.bin begin bytes: 8388608
[2026-08-04 01:04:33]|Info|rpc/rpc-server.cpp:1590 OnMsgScpUpload|140653287700160| begin upload file [/tmp/t0212-test/sw_dst.bin]
[2026-08-04 01:04:33]|Info|rpc/rpc-command.cpp:532 do_scp_upload|140653295724416| upload file:/tmp/t0212-test/sw_src.bin completed [upload_size: 8388608, f_size: 8388608]
[2026-08-04 01:04:33]|Info|rpc/rpc-server.cpp:1721 OnMsgScpUpload|140653287700160| upload file [/tmp/t0212-test/sw_dst.bin] completed [recv_bytes: 8388608, f_size: 8388608]
[2026-08-04 01:04:33]|Info|rpc/rpc-command.cpp:546 do_scp_upload|140653295724416| rpc upload [/tmp/t0212-test/sw_dst.bin] completed success elapse 1 s, 8388608 bytes, 8.00 M/s
[PASS] upload[compress] ret
[PASS] upload srv ret
[PASS] socketpair2
[2026-08-04 01:04:33]|Info|rpc/rpc-server.cpp:961 rpc_scp_download|140653287700160| begin download file [/tmp/t0212-test/sw_dst.bin]
[2026-08-04 01:04:34]|Info|rpc/rpc-server.cpp:1144 rpc_scp_download|140653287700160| download file [/tmp/t0212-test/sw_dst.bin] complete success, send_bytes: 8388608, f_size: 8388608
[2026-08-04 01:04:34]|Info|rpc/rpc-command.cpp:299 do_scp_download|140653295724416| scp download [/tmp/t0212-test/sw_back.bin from /tmp/t0212-test/sw_dst.bin], status completed success, elapse 1 s, f_size 8388608 bytes, recv 8388608 bytes, 8.00 M/s
[PASS] download[compress] ret
[PASS] roundtrip content match
[PASS] socketpair
[2026-08-04 01:04:34]|Info|rpc/rpc-command.cpp:417 do_scp_upload|140653295724416| upload /tmp/t0212-test/sw_src.bin begin bytes: 8388608
[2026-08-04 01:04:34]|Info|rpc/rpc-server.cpp:1590 OnMsgScpUpload|140653287700160| begin upload file [/tmp/t0212-test/sw_dst.bin]
[2026-08-04 01:04:34]|Info|rpc/rpc-command.cpp:532 do_scp_upload|140653295724416| upload file:/tmp/t0212-test/sw_src.bin completed [upload_size: 8388608, f_size: 8388608]
[2026-08-04 01:04:34]|Info|rpc/rpc-server.cpp:1721 OnMsgScpUpload|140653287700160| upload file [/tmp/t0212-test/sw_dst.bin] completed [recv_bytes: 8388608, f_size: 8388608]
[2026-08-04 01:04:34]|Info|rpc/rpc-command.cpp:546 do_scp_upload|140653295724416| rpc upload [/tmp/t0212-test/sw_dst.bin] completed success elapse 1 s, 8388608 bytes, 8.00 M/s
[PASS] upload[encrypt] ret
[PASS] upload srv ret
[PASS] socketpair2
[2026-08-04 01:04:34]|Info|rpc/rpc-server.cpp:961 rpc_scp_download|140653287700160| begin download file [/tmp/t0212-test/sw_dst.bin]
[2026-08-04 01:04:34]|Info|rpc/rpc-server.cpp:1144 rpc_scp_download|140653287700160| download file [/tmp/t0212-test/sw_dst.bin] complete success, send_bytes: 8388608, f_size: 8388608
[2026-08-04 01:04:34]|Info|rpc/rpc-command.cpp:299 do_scp_download|140653295724416| scp download [/tmp/t0212-test/sw_back.bin from /tmp/t0212-test/sw_dst.bin], status completed success, elapse 1 s, f_size 8388608 bytes, recv 8388608 bytes, 8.00 M/s
[PASS] download[encrypt] ret
[PASS] roundtrip content match
[PASS] socketpair
[2026-08-04 01:04:34]|Info|rpc/rpc-command.cpp:417 do_scp_upload|140653295724416| upload /tmp/t0212-test/sw_src.bin begin bytes: 8388608
[2026-08-04 01:04:34]|Info|rpc/rpc-server.cpp:1590 OnMsgScpUpload|140653287700160| begin upload file [/tmp/t0212-test/sw_dst.bin]
[2026-08-04 01:04:34]|Info|rpc/rpc-command.cpp:532 do_scp_upload|140653295724416| upload file:/tmp/t0212-test/sw_src.bin completed [upload_size: 8388608, f_size: 8388608]
[2026-08-04 01:04:34]|Info|rpc/rpc-server.cpp:1721 OnMsgScpUpload|140653287700160| upload file [/tmp/t0212-test/sw_dst.bin] completed [recv_bytes: 8388608, f_size: 8388608]
[2026-08-04 01:04:34]|Info|rpc/rpc-command.cpp:546 do_scp_upload|140653295724416| rpc upload [/tmp/t0212-test/sw_dst.bin] completed success elapse 1 s, 8388608 bytes, 8.00 M/s
[PASS] upload[checksum] ret
[PASS] upload srv ret
[PASS] socketpair2
[2026-08-04 01:04:34]|Info|rpc/rpc-server.cpp:961 rpc_scp_download|140653287700160| begin download file [/tmp/t0212-test/sw_dst.bin]
[2026-08-04 01:04:34]|Info|rpc/rpc-server.cpp:1144 rpc_scp_download|140653287700160| download file [/tmp/t0212-test/sw_dst.bin] complete success, send_bytes: 8388608, f_size: 8388608
[2026-08-04 01:04:34]|Info|rpc/rpc-command.cpp:299 do_scp_download|140653295724416| scp download [/tmp/t0212-test/sw_back.bin from /tmp/t0212-test/sw_dst.bin], status completed success, elapse 1 s, f_size 8388608 bytes, recv 8388608 bytes, 8.00 M/s
[PASS] download[checksum] ret
[PASS] roundtrip content match
[PASS] create source file
[PASS] write chunk
[PASS] socketpair
[PASS] spawn srv
[2026-08-04 01:04:34]|Info|rpc/rpc-server.cpp:1527 OnMsgScpUpload|140653287700160| begin upload link [/tmp/t0212-test/link_entry -> /tmp/t0212-test/link_target.bin]
[2026-08-04 01:04:34]|Info|rpc/rpc-server.cpp:1573 OnMsgScpUpload|140653287700160| upload link [/tmp/t0212-test/link_entry] complete success
[PASS] link upload ret 0
[PASS] symlink created
[PASS] link target correct
[PASS] create source file
[PASS] write chunk
[PASS] write chunk
[PASS] write chunk
[PASS] write chunk
[PASS] socketpair
[PASS] spawn srv
[PASS] send INIT
[PASS] send DATA
[2026-08-04 01:04:34]|Info|rpc/rpc-server.cpp:1590 OnMsgScpUpload|140653287700160| begin upload file [/tmp/t0212-test/to_dst.bin]
[2026-08-04 01:04:34]|Error|rpc/rpc-server.cpp:1451 OnMsgScpUpload|140653287700160| upload file [/tmp/t0212-test/to_dst.bin] recv stream time out.
[PASS] server returns error frame
[PASS] error code is RPC_ERR_TIMEOUT
[PASS] error code is RPC_ERR_TIMEOUT
[PASS] partial file cleaned
[PASS] create source file
[PASS] write chunk
[PASS] write chunk
[PASS] write chunk
[PASS] write chunk
[PASS] write chunk
[PASS] write chunk
[PASS] write chunk
[PASS] write chunk
[PASS] write chunk
[PASS] write chunk
[PASS] write chunk
[PASS] write chunk
[PASS] write chunk
[PASS] write chunk
[PASS] write chunk
[PASS] write chunk
[PASS] write chunk
[PASS] write chunk
[PASS] write chunk
[PASS] write chunk
[PASS] write chunk
[PASS] write chunk
[PASS] write chunk
[PASS] write chunk
[PASS] write chunk
[PASS] write chunk
[PASS] write chunk
[PASS] write chunk
[PASS] write chunk
[PASS] write chunk
[PASS] write chunk
[PASS] write chunk
[PASS] socketpair
[PASS] spawn srv
[PASS] put subtype
[PASS] put block_count
[PASS] put block_size
[PASS] put timeout
[PASS] put meta_len
[PASS] put meta
[PASS] put name
[PASS] send INIT
[PASS] put sub
[PASS] put data
[PASS] send DATA
[2026-08-04 01:04:35]|Info|rpc/rpc-server.cpp:1590 OnMsgScpUpload|140653287700160| begin upload file [/tmp/t0212-test/ps_dst.bin]
[2026-08-04 01:04:35]|Error|rpc/rpc-msg.c:165 rpc_recv_frame|140653287700160| read packet header F:3 E:Success
[2026-08-04 01:04:35]|Error|rpc/rpc-server.cpp:1471 OnMsgScpUpload|140653287700160| upload file [/tmp/t0212-test/ps_dst.bin] rpc recv failure: Success(errno: 0) ret:-1
[2026-08-04 01:04:35]|Error|rpc/rpc-server.cpp:1772 OnMsgScpUpload|140653287700160| upload file [/tmp/t0212-test/ps_dst.bin] failure, half-written file removed
[PASS] server detects broken stream
[PASS] half-written file cleaned
[PASS] create source file
[PASS] write chunk
[PASS] write chunk
[PASS] write chunk
[PASS] write chunk
[PASS] write chunk
[PASS] write chunk
[PASS] write chunk
[PASS] write chunk
[PASS] write chunk
[PASS] write chunk
[PASS] write chunk
[PASS] write chunk
[PASS] write chunk
[PASS] write chunk
[PASS] write chunk
[PASS] write chunk
[PASS] write chunk
[PASS] write chunk
[PASS] write chunk
[PASS] write chunk
[PASS] write chunk
[PASS] write chunk
[PASS] write chunk
[PASS] write chunk
[PASS] write chunk
[PASS] write chunk
[PASS] write chunk
[PASS] write chunk
[PASS] write chunk
[PASS] write chunk
[PASS] write chunk
[PASS] write chunk
[PASS] write chunk
[PASS] write chunk
[PASS] write chunk
[PASS] write chunk
[PASS] write chunk
[PASS] write chunk
[PASS] write chunk
[PASS] write chunk
[PASS] write chunk
[PASS] write chunk
[PASS] write chunk
[PASS] write chunk
[PASS] write chunk
[PASS] write chunk
[PASS] write chunk
[PASS] write chunk
[PASS] write chunk
[PASS] write chunk
[PASS] write chunk
[PASS] write chunk
[PASS] write chunk
[PASS] write chunk
[PASS] write chunk
[PASS] write chunk
[PASS] write chunk
[PASS] write chunk
[PASS] write chunk
[PASS] write chunk
[PASS] write chunk
[PASS] write chunk
[PASS] write chunk
[PASS] write chunk
[PASS] write chunk
[PASS] write chunk
[PASS] write chunk
[PASS] write chunk
[PASS] write chunk
[PASS] write chunk
[PASS] write chunk
[PASS] write chunk
[PASS] write chunk
[PASS] write chunk
[PASS] write chunk
[PASS] write chunk
[PASS] write chunk
[PASS] write chunk
[PASS] write chunk
[PASS] write chunk
[PASS] write chunk
[PASS] write chunk
[PASS] write chunk
[PASS] write chunk
[PASS] write chunk
[PASS] write chunk
[PASS] write chunk
[PASS] write chunk
[PASS] write chunk
[PASS] write chunk
[PASS] write chunk
[PASS] write chunk
[PASS] write chunk
[PASS] write chunk
[PASS] write chunk
[PASS] write chunk
[PASS] write chunk
[PASS] write chunk
[PASS] write chunk
[PASS] write chunk
[PASS] write chunk
[PASS] write chunk
[PASS] write chunk
[PASS] write chunk
[PASS] write chunk
[PASS] write chunk
[PASS] write chunk
[PASS] write chunk
[PASS] write chunk
[PASS] write chunk
[PASS] write chunk
[PASS] write chunk
[PASS] write chunk
[PASS] write chunk
[PASS] write chunk
[PASS] write chunk
[PASS] write chunk
[PASS] write chunk
[PASS] write chunk
[PASS] write chunk
[PASS] write chunk
[PASS] write chunk
[PASS] write chunk
[PASS] write chunk
[PASS] write chunk
[PASS] write chunk
[PASS] write chunk
[PASS] write chunk
[PASS] write chunk
[PASS] write chunk
[PASS] write chunk
[PASS] write chunk
[PASS] write chunk
[PASS] write chunk
[PASS] write chunk
[PASS] write chunk
[PASS] write chunk
[PASS] write chunk
[PASS] write chunk
[PASS] write chunk
[PASS] write chunk
[PASS] write chunk
[PASS] write chunk
[PASS] write chunk
[PASS] write chunk
[PASS] write chunk
[PASS] write chunk
[PASS] write chunk
[PASS] write chunk
[PASS] write chunk
[PASS] write chunk
[PASS] write chunk
[PASS] write chunk
[PASS] write chunk
[PASS] write chunk
[PASS] write chunk
[PASS] write chunk
[PASS] write chunk
[PASS] write chunk
[PASS] write chunk
[PASS] write chunk
[PASS] write chunk
[PASS] write chunk
[PASS] write chunk
[PASS] write chunk
[PASS] write chunk
[PASS] write chunk
[PASS] write chunk
[PASS] write chunk
[PASS] write chunk
[PASS] write chunk
[PASS] write chunk
[PASS] write chunk
[PASS] write chunk
[PASS] write chunk
[PASS] write chunk
[PASS] write chunk
[PASS] write chunk
[PASS] write chunk
[PASS] write chunk
[PASS] write chunk
[PASS] write chunk
[PASS] write chunk
[PASS] write chunk
[PASS] write chunk
[PASS] write chunk
[PASS] write chunk
[PASS] write chunk
[PASS] write chunk
[PASS] write chunk
[PASS] write chunk
[PASS] write chunk
[PASS] write chunk
[PASS] write chunk
[PASS] write chunk
[PASS] write chunk
[PASS] write chunk
[PASS] write chunk
[PASS] write chunk
[PASS] write chunk
[PASS] write chunk
[PASS] write chunk
[PASS] write chunk
[PASS] write chunk
[PASS] write chunk
[PASS] write chunk
[PASS] write chunk
[PASS] write chunk
[PASS] write chunk
[PASS] write chunk
[PASS] write chunk
[PASS] write chunk
[PASS] write chunk
[PASS] write chunk
[PASS] write chunk
[PASS] write chunk
[PASS] write chunk
[PASS] write chunk
[PASS] write chunk
[PASS] write chunk
[PASS] write chunk
[PASS] write chunk
[PASS] write chunk
[PASS] write chunk
[PASS] write chunk
[PASS] write chunk
[PASS] write chunk
[PASS] write chunk
[PASS] write chunk
[PASS] write chunk
[PASS] write chunk
[PASS] write chunk
[PASS] write chunk
[PASS] write chunk
[PASS] write chunk
[PASS] write chunk
[PASS] write chunk
[PASS] write chunk
[PASS] write chunk
[PASS] write chunk
[PASS] write chunk
[PASS] write chunk
[PASS] write chunk
[PASS] write chunk
[PASS] write chunk
[PASS] write chunk
[PASS] write chunk
[PASS] write chunk
[PASS] write chunk
[PASS] write chunk
[PASS] write chunk
[PASS] write chunk
[PASS] write chunk
[PASS] write chunk
[PASS] write chunk
[PASS] write chunk
[PASS] socketpair
[PASS] spawn srv
[2026-08-04 01:04:35]|Info|rpc/rpc-command.cpp:417 do_scp_upload|140653295724416| upload /tmp/t0212-test/tp_src.bin begin bytes: 268435456
[2026-08-04 01:04:35]|Info|rpc/rpc-server.cpp:1590 OnMsgScpUpload|140653287700160| begin upload file [/tmp/t0212-test/tp_dst.bin]
[2026-08-04 01:04:36]|Info|rpc/rpc-command.cpp:532 do_scp_upload|140653295724416| upload file:/tmp/t0212-test/tp_src.bin completed [upload_size: 268435456, f_size: 268435456]
[2026-08-04 01:04:36]|Info|rpc/rpc-server.cpp:1721 OnMsgScpUpload|140653287700160| upload file [/tmp/t0212-test/tp_dst.bin] completed [recv_bytes: 268435456, f_size: 268435456]
[2026-08-04 01:04:36]|Info|rpc/rpc-command.cpp:546 do_scp_upload|140653295724416| rpc upload [/tmp/t0212-test/tp_dst.bin] completed success elapse 1 s, 268435456 bytes, 256.00 M/s
[PASS] upload ret 0
[INFO] upload 256MB in 0.438s = 584.2 MB/s
[PASS] throughput >= 400 MB/s

0 failure(s)
